Component: ARM Compiler 5.06 update 7 (build 960) Tool: armlink [4d3601]

==============================================================================

Section Cross References

    startup_stm32h747xx.o(STACK) refers (Special) to heapauxi.o(.text) for __use_two_region_memory
    startup_stm32h747xx.o(HEAP) refers (Special) to heapauxi.o(.text) for __use_two_region_memory
    startup_stm32h747xx.o(RESET) refers (Special) to heapauxi.o(.text) for __use_two_region_memory
    startup_stm32h747xx.o(RESET) refers to startup_stm32h747xx.o(STACK) for __initial_sp
    startup_stm32h747xx.o(RESET) refers to startup_stm32h747xx.o(.text) for Reset_Handler
    startup_stm32h747xx.o(RESET) refers to stm32h7xx_it.o(i.NMI_Handler) for NMI_Handler
    startup_stm32h747xx.o(RESET) refers to stm32h7xx_it.o(i.HardFault_Handler) for HardFault_Handler
    startup_stm32h747xx.o(RESET) refers to mpu.o(i.MemManage_Handler) for MemManage_Handler
    startup_stm32h747xx.o(RESET) refers to stm32h7xx_it.o(i.BusFault_Handler) for BusFault_Handler
    startup_stm32h747xx.o(RESET) refers to stm32h7xx_it.o(i.UsageFault_Handler) for UsageFault_Handler
    startup_stm32h747xx.o(RESET) refers to stm32h7xx_it.o(i.SVC_Handler) for SVC_Handler
    startup_stm32h747xx.o(RESET) refers to stm32h7xx_it.o(i.DebugMon_Handler) for DebugMon_Handler
    startup_stm32h747xx.o(RESET) refers to stm32h7xx_it.o(i.PendSV_Handler) for PendSV_Handler
    startup_stm32h747xx.o(RESET) refers to stm32h7xx_it.o(i.SysTick_Handler) for SysTick_Handler
    startup_stm32h747xx.o(RESET) refers to usart.o(i.USART1_IRQHandler) for USART1_IRQHandler
    startup_stm32h747xx.o(.text) refers (Special) to heapauxi.o(.text) for __use_two_region_memory
    startup_stm32h747xx.o(.text) refers to system_stm32h7xx.o(i.ExitRun0Mode) for ExitRun0Mode
    startup_stm32h747xx.o(.text) refers to system_stm32h7xx.o(i.SystemInit) for SystemInit
    startup_stm32h747xx.o(.text) refers to __main.o(!!!main) for __main
    startup_stm32h747xx.o(.text) refers to startup_stm32h747xx.o(HEAP) for Heap_Mem
    startup_stm32h747xx.o(.text) refers to startup_stm32h747xx.o(STACK) for Stack_Mem
    main.o(i.ctp_test) refers to main.o(i.lcd_draw_bline) for lcd_draw_bline
    main.o(i.ctp_test) refers to main.o(i.load_draw_dialog) for load_draw_dialog
    main.o(i.ctp_test) refers to delay.o(i.delay_ms) for delay_ms
    main.o(i.ctp_test) refers to stm32h7xx_hal_gpio.o(i.HAL_GPIO_TogglePin) for HAL_GPIO_TogglePin
    main.o(i.ctp_test) refers to lcd.o(.data) for lcddev
    main.o(i.ctp_test) refers to touch.o(.data) for tp_dev
    main.o(i.ctp_test) refers to main.o(.constdata) for POINT_COLOR_TBL
    main.o(i.lcd_draw_bline) refers to lcd.o(i.lcd_fill_circle) for lcd_fill_circle
    main.o(i.load_draw_dialog) refers to lcd.o(i.lcd_clear) for lcd_clear
    main.o(i.load_draw_dialog) refers to lcd.o(i.lcd_show_string) for lcd_show_string
    main.o(i.load_draw_dialog) refers to lcd.o(.data) for lcddev
    main.o(i.main) refers to sys.o(i.sys_cache_enable) for sys_cache_enable
    main.o(i.main) refers to stm32h7xx_hal.o(i.HAL_Init) for HAL_Init
    main.o(i.main) refers to sys.o(i.sys_stm32_clock_init) for sys_stm32_clock_init
    main.o(i.main) refers to delay.o(i.delay_init) for delay_init
    main.o(i.main) refers to usart.o(i.usart_init) for usart_init
    main.o(i.main) refers to led.o(i.led_init) for led_init
    main.o(i.main) refers to mpu.o(i.mpu_memory_protection) for mpu_memory_protection
    main.o(i.main) refers to sdram.o(i.sdram_init) for sdram_init
    main.o(i.main) refers to lcd.o(i.lcd_init) for lcd_init
    main.o(i.main) refers to key.o(i.key_init) for key_init
    main.o(i.main) refers to lcd.o(i.lcd_show_string) for lcd_show_string
    main.o(i.main) refers to delay.o(i.delay_ms) for delay_ms
    main.o(i.main) refers to main.o(i.load_draw_dialog) for load_draw_dialog
    main.o(i.main) refers to main.o(i.ctp_test) for ctp_test
    main.o(i.main) refers to main.o(i.rtp_test) for rtp_test
    main.o(i.main) refers to touch.o(.data) for tp_dev
    main.o(i.rtp_test) refers to key.o(i.key_scan) for key_scan
    main.o(i.rtp_test) refers to main.o(i.load_draw_dialog) for load_draw_dialog
    main.o(i.rtp_test) refers to touch.o(i.tp_draw_big_point) for tp_draw_big_point
    main.o(i.rtp_test) refers to delay.o(i.delay_ms) for delay_ms
    main.o(i.rtp_test) refers to lcd.o(i.lcd_clear) for lcd_clear
    main.o(i.rtp_test) refers to touch.o(i.tp_adjust) for tp_adjust
    main.o(i.rtp_test) refers to touch.o(i.tp_save_adjust_data) for tp_save_adjust_data
    main.o(i.rtp_test) refers to stm32h7xx_hal_gpio.o(i.HAL_GPIO_TogglePin) for HAL_GPIO_TogglePin
    main.o(i.rtp_test) refers to touch.o(.data) for tp_dev
    main.o(i.rtp_test) refers to lcd.o(.data) for lcddev
    stm32h7xx_it.o(i.SysTick_Handler) refers to stm32h7xx_hal.o(i.HAL_IncTick) for HAL_IncTick
    system_stm32h7xx.o(i.SystemCoreClockUpdate) refers to system_stm32h7xx.o(.constdata) for D1CorePrescTable
[...]
    _printf_percent                          0x0800034d   Thumb Code     0  _printf_percent.o(.ARM.Collect$$_printf_percent$$00000000)
    _printf_d                                0x08000353   Thumb Code     0  _printf_d.o(.ARM.Collect$$_printf_percent$$00000009)
    _printf_x                                0x08000359   Thumb Code     0  _printf_x.o(.ARM.Collect$$_printf_percent$$0000000C)
    _printf_s                                0x0800035f   Thumb Code     0  _printf_s.o(.ARM.Collect$$_printf_percent$$00000014)
    _printf_percent_end                      0x08000365   Thumb Code     0  _printf_percent_end.o(.ARM.Collect$$_printf_percent$$00000017)
    __rt_lib_init                            0x08000369   Thumb Code     0  libinit.o(.ARM.Collect$$libinit$$00000000)
    __rt_lib_init_fp_1                       0x0800036b   Thumb Code     0  libinit2.o(.ARM.Collect$$libinit$$00000001)
    __rt_lib_init_heap_1                     0x0800036f   Thumb Code     0  libinit2.o(.ARM.Collect$$libinit$$0000000A)
    __rt_lib_init_lc_common                  0x0800036f   Thumb Code     0  libinit2.o(.ARM.Collect$$libinit$$0000000F)
    __rt_lib_init_preinit_1                  0x0800036f   Thumb Code     0  libinit2.o(.ARM.Collect$$libinit$$00000004)
    __rt_lib_init_rand_1                     0x0800036f   Thumb Code     0  libinit2.o(.ARM.Collect$$libinit$$0000000E)
    __rt_lib_init_user_alloc_1               0x0800036f   Thumb Code     0  libinit2.o(.ARM.Collect$$libinit$$0000000C)
    __rt_lib_init_lc_collate_1               0x08000375   Thumb Code     0  libinit2.o(.ARM.Collect$$libinit$$00000011)
    __rt_lib_init_lc_ctype_1                 0x08000375   Thumb Code     0  libinit2.o(.ARM.Collect$$libinit$$00000013)
    __rt_lib_init_lc_monetary_1              0x08000375   Thumb Code     0  libinit2.o(.ARM.Collect$$libinit$$00000015)
    __rt_lib_init_lc_numeric_2               0x08000375   Thumb Code     0  libinit2.o(.ARM.Collect$$libinit$$00000016)
    __rt_lib_init_alloca_1                   0x0800037f   Thumb Code     0  libinit2.o(.ARM.Collect$$libinit$$0000002E)
    __rt_lib_init_argv_1                     0x0800037f   Thumb Code     0  libinit2.o(.ARM.Collect$$libinit$$0000002C)
    __rt_lib_init_atexit_1                   0x0800037f   Thumb Code     0  libinit2.o(.ARM.Collect$$libinit$$0000001B)
    __rt_lib_init_clock_1                    0x0800037f   Thumb Code     0  libinit2.o(.ARM.Collect$$libinit$$00000021)
    __rt_lib_init_cpp_1                      0x0800037f   Thumb Code     0  libinit2.o(.ARM.Collect$$libinit$$00000032)
    __rt_lib_init_exceptions_1               0x0800037f   Thumb Code     0  libinit2.o(.ARM.Collect$$libinit$$00000030)
    __rt_lib_init_fp_trap_1                  0x0800037f   Thumb Code     0  libinit2.o(.ARM.Collect$$libinit$$0000001F)
    __rt_lib_init_getenv_1                   0x0800037f   Thumb Code     0  libinit2.o(.ARM.Collect$$libinit$$00000023)
    __rt_lib_init_lc_numeric_1               0x0800037f   Thumb Code     0  libinit2.o(.ARM.Collect$$libinit$$00000017)
    __rt_lib_init_lc_time_1                  0x0800037f   Thumb Code     0  libinit2.o(.ARM.Collect$$libinit$$00000019)
    __rt_lib_init_return                     0x0800037f   Thumb Code     0  libinit2.o(.ARM.Collect$$libinit$$00000033)
    __rt_lib_init_signal_1                   0x0800037f   Thumb Code     0  libinit2.o(.ARM.Collect$$libinit$$0000001D)
    __rt_lib_init_stdio_1                    0x0800037f   Thumb Code     0  libinit2.o(.ARM.Collect$$libinit$$00000025)
    __rt_lib_shutdown                        0x08000381   Thumb Code     0  libshutdown.o(.ARM.Collect$$libshutdown$$00000000)
    __rt_lib_shutdown_cpp_1                  0x08000383   Thumb Code     0  libshutdown2.o(.ARM.Collect$$libshutdown$$00000004)
    __rt_lib_shutdown_fini_1                 0x08000383   Thumb Code     0  libshutdown2.o(.ARM.Collect$$libshutdown$$00000002)
    __rt_lib_shutdown_fp_trap_1              0x08000383   Thumb Code     0  libshutdown2.o(.ARM.Collect$$libshutdown$$00000009)
    __rt_lib_shutdown_heap_1                 0x08000383   Thumb Code     0  libshutdown2.o(.ARM.Collect$$libshutdown$$00000011)
    __rt_lib_shutdown_return                 0x08000383   Thumb Code     0  libshutdown2.o(.ARM.Collect$$libshutdown$$00000012)
    __rt_lib_shutdown_signal_1               0x08000383   Thumb Code     0  libshutdown2.o(.ARM.Collect$$libshutdown$$0000000C)
    __rt_lib_shutdown_stdio_1                0x08000383   Thumb Code     0  libshutdown2.o(.ARM.Collect$$libshutdown$$00000006)
    __rt_lib_shutdown_user_alloc_1           0x08000383   Thumb Code     0  libshutdown2.o(.ARM.Collect$$libshutdown$$0000000E)
    __rt_entry                               0x08000385   Thumb Code     0  __rtentry.o(.ARM.Collect$$rtentry$$00000000)
    __rt_entry_presh_1                       0x08000385   Thumb Code     0  __rtentry2.o(.ARM.Collect$$rtentry$$00000002)
    __rt_entry_sh                            0x08000385   Thumb Code     0  __rtentry4.o(.ARM.Collect$$rtentry$$00000004)
    __rt_entry_li                            0x0800038b   Thumb Code     0  __rtentry2.o(.ARM.Collect$$rtentry$$0000000A)
    __rt_entry_postsh_1                      0x0800038b   Thumb Code     0  __rtentry2.o(.ARM.Collect$$rtentry$$00000009)
    __rt_entry_main                          0x0800038f   Thumb Code     0  __rtentry2.o(.ARM.Collect$$rtentry$$0000000D)
    __rt_entry_postli_1                      0x0800038f   Thumb Code     0  __rtentry2.o(.ARM.Collect$$rtentry$$0000000C)
    __rt_exit                                0x08000397   Thumb Code     0  rtexit.o(.ARM.Collect$$rtexit$$00000000)
    __rt_exit_ls                             0x08000399   Thumb Code     0  rtexit2.o(.ARM.Collect$$rtexit$$00000003)
    __rt_exit_prels_1                        0x08000399   Thumb Code     0  rtexit2.o(.ARM.Collect$$rtexit$$00000002)
    __rt_exit_exit                           0x0800039d   Thumb Code     0  rtexit2.o(.ARM.Collect$$rtexit$$00000004)
    Reset_Handler                            0x080003a5   Thumb Code    12  startup_stm32h747xx.o(.text)
    ADC3_IRQHandler                          0x080003c3   Thumb Code     0  startup_stm32h747xx.o(.text)
    ADC_IRQHandler                           0x080003c3   Thumb Code     0  startup_stm32h747xx.o(.text)
    BDMA_Channel0_IRQHandler                 0x080003c3   Thumb Code     0  startup_stm32h747xx.o(.text)
    BDMA_Channel1_IRQHandler                 0x080003c3   Thumb Code     0  startup_stm32h747xx.o(.text)
    BDMA_Channel2_IRQHandler                 0x080003c3   Thumb Code     0  startup_stm32h747xx.o(.text)
    BDMA_Channel3_IRQHandler                 0x080003c3   Thumb Code     0  startup_stm32h747xx.o(.text)
    BDMA_Channel4_IRQHandler                 0x080003c3   Thumb Code     0  startup_stm32h747xx.o(.text)
    BDMA_Channel5_IRQHandler                 0x080003c3   Thumb Code     0  startup_stm32h747xx.o(.text)
    BDMA_Channel6_IRQHandler                 0x080003c3   Thumb Code     0  startup_stm32h747xx.o(.text)
    BDMA_Channel7_IRQHandler                 0x080003c3   Thumb Code     0  startup_stm32h747xx.o(.text)
    CEC_IRQHandler                           0x080003c3   Thumb Code     0  startup_stm32h747xx.o(.text)
    CM4_SEV_IRQHandler                       0x080003c3   Thumb Code     0  startup_stm32h747xx.o(.text)
    CM7_SEV_IRQHandler                       0x080003c3   Thumb Code     0  startup_stm32h747xx.o(.text)
    COMP1_IRQHandler                         0x080003c3   Thumb Code     0  startup_stm32h747xx.o(.text)
    CRS_IRQHandler                           0x080003c3   Thumb Code     0  startup_stm32h747xx.o(.text)
    DCMI_IRQHandler                          0x080003c3   Thumb Code     0  startup_stm32h747xx.o(.text)
    DFSDM1_FLT0_IRQHandler                   0x080003c3   Thumb Code     0  startup_stm32h747xx.o(.text)
    DFSDM1_FLT1_IRQHandler                   0x080003c3   Thumb Code     0  startup_stm32h747xx.o(.text)
    DFSDM1_FLT2_IRQHandler                   0x080003c3   Thumb Code     0  startup_stm32h747xx.o(.text)
    DFSDM1_FLT3_IRQHandler                   0x080003c3   Thumb Code     0  startup_stm32h747xx.o(.text)
    DMA1_Stream0_IRQHandler                  0x080003c3   Thumb Code     0  startup_stm32h747xx.o(.text)
    DMA1_Stream1_IRQHandler                  0x080003c3   Thumb Code     0  startup_stm32h747xx.o(.text)
    DMA1_Stream2_IRQHandler                  0x080003c3   Thumb Code     0  startup_stm32h747xx.o(.text)
    DMA1_Stream3_IRQHandler                  0x080003c3   Thumb Code     0  startup_stm32h747xx.o(.text)
    DMA1_Stream4_IRQHandler                  0x080003c3   Thumb Code     0  startup_stm32h747xx.o(.text)
    DMA1_Stream5_IRQHandler                  0x080003c3   Thumb Code     0  startup_stm32h747xx.o(.text)
    DMA1_Stream6_IRQHandler                  0x080003c3   Thumb Code     0  startup_stm32h747xx.o(.text)
    DMA1_Stream7_IRQHandler                  0x080003c3   Thumb Code     0  startup_stm32h747xx.o(.text)
    DMA2D_IRQHandler                         0x080003c3   Thumb Code     0  startup_stm32h747xx.o(.text)
    DMA2_Stream0_IRQHandler                  0x080003c3   Thumb Code     0  startup_stm32h747xx.o(.text)
    DMA2_Stream1_IRQHandler                  0x080003c3   Thumb Code     0  startup_stm32h747xx.o(.text)
    DMA2_Stream2_IRQHandler                  0x080003c3   Thumb Code     0  startup_stm32h747xx.o(.text)
    DMA2_Stream3_IRQHandler                  0x080003c3   Thumb Code     0  startup_stm32h747xx.o(.text)
    DMA2_Stream4_IRQHandler                  0x080003c3   Thumb Code     0  startup_stm32h747xx.o(.text)
    DMA2_Stream5_IRQHandler                  0x080003c3   Thumb Code     0  startup_stm32h747xx.o(.text)
    DMA2_Stream6_IRQHandler                  0x080003c3   Thumb Code     0  startup_stm32h747xx.o(.text)
    DMA2_Stream7_IRQHandler                  0x080003c3   Thumb Code     0  startup_stm32h747xx.o(.text)
    DMAMUX1_OVR_IRQHandler                   0x080003c3   Thumb Code     0  startup_stm32h747xx.o(.text)
    DMAMUX2_OVR_IRQHandler                   0x080003c3   Thumb Code     0  startup_stm32h747xx.o(.text)
    DSI_IRQHandler                           0x080003c3   Thumb Code     0  startup_stm32h747xx.o(.text)
    ECC_IRQHandler                           0x080003c3   Thumb Code     0  startup_stm32h747xx.o(.text)
    ETH_IRQHandler                           0x080003c3   Thumb Code     0  startup_stm32h747xx.o(.text)
    ETH_WKUP_IRQHandler                      0x080003c3   Thumb Code     0  startup_stm32h747xx.o(.text)
    EXTI0_IRQHandler                         0x080003c3   Thumb Code     0  startup_stm32h747xx.o(.text)
    EXTI15_10_IRQHandler                     0x080003c3   Thumb Code     0  startup_stm32h747xx.o(.text)
    EXTI1_IRQHandler                         0x080003c3   Thumb Code     0  startup_stm32h747xx.o(.text)
    EXTI2_IRQHandler                         0x080003c3   Thumb Code     0  startup_stm32h747xx.o(.text)
    EXTI3_IRQHandler                         0x080003c3   Thumb Code     0  startup_stm32h747xx.o(.text)
    EXTI4_IRQHandler                         0x080003c3   Thumb Code     0  startup_stm32h747xx.o(.text)
    EXTI9_5_IRQHandler                       0x080003c3   Thumb Code     0  startup_stm32h747xx.o(.text)
    FDCAN1_IT0_IRQHandler                    0x080003c3   Thumb Code     0  startup_stm32h747xx.o(.text)
    FDCAN1_IT1_IRQHandler                    0x080003c3   Thumb Code     0  startup_stm32h747xx.o(.text)
    FDCAN2_IT0_IRQHandler                    0x080003c3   Thumb Code     0  startup_stm32h747xx.o(.text)
    FDCAN2_IT1_IRQHandler                    0x080003c3   Thumb Code     0  startup_stm32h747xx.o(.text)
    FDCAN_CAL_IRQHandler                     0x080003c3   Thumb Code     0  startup_stm32h747xx.o(.text)
    FLASH_IRQHandler                         0x080003c3   Thumb Code     0  startup_stm32h747xx.o(.text)
    FMC_IRQHandler                           0x080003c3   Thumb Code     0  startup_stm32h747xx.o(.text)
    FPU_IRQHandler                           0x080003c3   Thumb Code     0  startup_stm32h747xx.o(.text)
    HOLD_CORE_IRQHandler                     0x080003c3   Thumb Code     0  startup_stm32h747xx.o(.text)
    HRTIM1_FLT_IRQHandler                    0x080003c3   Thumb Code     0  startup_stm32h747xx.o(.text)
    HRTIM1_Master_IRQHandler                 0x080003c3   Thumb Code     0  startup_stm32h747xx.o(.text)
    HRTIM1_TIMA_IRQHandler                   0x080003c3   Thumb Code     0  startup_stm32h747xx.o(.text)
    HRTIM1_TIMB_IRQHandler                   0x080003c3   Thumb Code     0  startup_stm32h747xx.o(.text)
    HRTIM1_TIMC_IRQHandler                   0x080003c3   Thumb Code     0  startup_stm32h747xx.o(.text)
    HRTIM1_TIMD_IRQHandler                   0x080003c3   Thumb Code     0  startup_stm32h747xx.o(.text)
    HRTIM1_TIME_IRQHandler                   0x080003c3   Thumb Code     0  startup_stm32h747xx.o(.text)
    HSEM1_IRQHandler                         0x080003c3   Thumb Code     0  startup_stm32h747xx.o(.text)
    HSEM2_IRQHandler                         0x080003c3   Thumb Code     0  startup_stm32h747xx.o(.text)
    I2C1_ER_IRQHandler                       0x080003c3   Thumb Code     0  startup_stm32h747xx.o(.text)
    I2C1_EV_IRQHandler                       0x080003c3   Thumb Code     0  startup_stm32h747xx.o(.text)
    I2C2_ER_IRQHandler                       0x080003c3   Thumb Code     0  startup_stm32h747xx.o(.text)
    I2C2_EV_IRQHandler                       0x080003c3   Thumb Code     0  startup_stm32h747xx.o(.text)
    I2C3_ER_IRQHandler                       0x080003c3   Thumb Code     0  startup_stm32h747xx.o(.text)
    I2C3_EV_IRQHandler                       0x080003c3   Thumb Code     0  startup_stm32h747xx.o(.text)
    I2C4_ER_IRQHandler                       0x080003c3   Thumb Code     0  startup_stm32h747xx.o(.text)
    I2C4_EV_IRQHandler                       0x080003c3   Thumb Code     0  startup_stm32h747xx.o(.text)
    JPEG_IRQHandler                          0x080003c3   Thumb Code     0  startup_stm32h747xx.o(.text)
    LPTIM1_IRQHandler                        0x080003c3   Thumb Code     0  startup_stm32h747xx.o(.text)
    LPTIM2_IRQHandler                        0x080003c3   Thumb Code     0  startup_stm32h747xx.o(.text)
    LPTIM3_IRQHandler                        0x080003c3   Thumb Code     0  startup_stm32h747xx.o(.text)
    LPTIM4_IRQHandler                        0x080003c3   Thumb Code     0  startup_stm32h747xx.o(.text)
    LPTIM5_IRQHandler                        0x080003c3   Thumb Code     0  startup_stm32h747xx.o(.text)
    LPUART1_IRQHandler                       0x080003c3   Thumb Code     0  startup_stm32h747xx.o(.text)
    LTDC_ER_IRQHandler                       0x080003c3   Thumb Code     0  startup_stm32h747xx.o(.text)
    LTDC_IRQHandler                          0x080003c3   Thumb Code     0  startup_stm32h747xx.o(.text)
    MDIOS_IRQHandler                         0x080003c3   Thumb Code     0  startup_stm32h747xx.o(.text)
    MDIOS_WKUP_IRQHandler                    0x080003c3   Thumb Code     0  startup_stm32h747xx.o(.text)
    MDMA_IRQHandler                          0x080003c3   Thumb Code     0  startup_stm32h747xx.o(.text)
    OTG_FS_EP1_IN_IRQHandler                 0x080003c3   Thumb Code     0  startup_stm32h747xx.o(.text)
    OTG_FS_EP1_OUT_IRQHandler                0x080003c3   Thumb Code     0  startup_stm32h747xx.o(.text)
    OTG_FS_IRQHandler                        0x080003c3   Thumb Code     0  startup_stm32h747xx.o(.text)
    OTG_FS_WKUP_IRQHandler                   0x080003c3   Thumb Code     0  startup_stm32h747xx.o(.text)
    OTG_HS_EP1_IN_IRQHandler                 0x080003c3   Thumb Code     0  startup_stm32h747xx.o(.text)
    OTG_HS_EP1_OUT_IRQHandler                0x080003c3   Thumb Code     0  startup_stm32h747xx.o(.text)
    OTG_HS_IRQHandler                        0x080003c3   Thumb Code     0  startup_stm32h747xx.o(.text)
    OTG_HS_WKUP_IRQHandler                   0x080003c3   Thumb Code     0  startup_stm32h747xx.o(.text)
    PVD_AVD_IRQHandler                       0x080003c3   Thumb Code     0  startup_stm32h747xx.o(.text)
    QUADSPI_IRQHandler                       0x080003c3   Thumb Code     0  startup_stm32h747xx.o(.text)
    RCC_IRQHandler                           0x080003c3   Thumb Code     0  startup_stm32h747xx.o(.text)
    RNG_IRQHandler                           0x080003c3   Thumb Code     0  startup_stm32h747xx.o(.text)
    RTC_Alarm_IRQHandler                     0x080003c3   Thumb Code     0  startup_stm32h747xx.o(.text)
    RTC_WKUP_IRQHandler                      0x080003c3   Thumb Code     0  startup_stm32h747xx.o(.text)
    SAI1_IRQHandler                          0x080003c3   Thumb Code     0  startup_stm32h747xx.o(.text)
    SAI2_IRQHandler                          0x080003c3   Thumb Code     0  startup_stm32h747xx.o(.text)
    SAI3_IRQHandler                          0x080003c3   Thumb Code     0  startup_stm32h747xx.o(.text)
    SAI4_IRQHandler                          0x080003c3   Thumb Code     0  startup_stm32h747xx.o(.text)
    SDMMC1_IRQHandler                        0x080003c3   Thumb Code     0  startup_stm32h747xx.o(.text)
    SDMMC2_IRQHandler                        0x080003c3   Thumb Code     0  startup_stm32h747xx.o(.text)
    SPDIF_RX_IRQHandler                      0x080003c3   Thumb Code     0  startup_stm32h747xx.o(.text)
    SPI1_IRQHandler                          0x080003c3   Thumb Code     0  startup_stm32h747xx.o(.text)
    SPI2_IRQHandler                          0x080003c3   Thumb Code     0  startup_stm32h747xx.o(.text)
    SPI3_IRQHandler                          0x080003c3   Thumb Code     0  startup_stm32h747xx.o(.text)
    SPI4_IRQHandler                          0x080003c3   Thumb Code     0  startup_stm32h747xx.o(.text)
    SPI5_IRQHandler                          0x080003c3   Thumb Code     0  startup_stm32h747xx.o(.text)
    SPI6_IRQHandler                          0x080003c3   Thumb Code     0  startup_stm32h747xx.o(.text)
    SWPMI1_IRQHandler                        0x080003c3   Thumb Code     0  startup_stm32h747xx.o(.text)
    TAMP_STAMP_IRQHandler                    0x080003c3   Thumb Code     0  startup_stm32h747xx.o(.text)
    TIM15_IRQHandler                         0x080003c3   Thumb Code     0  startup_stm32h747xx.o(.text)
    TIM16_IRQHandler                         0x080003c3   Thumb Code     0  startup_stm32h747xx.o(.text)
    TIM17_IRQHandler                         0x080003c3   Thumb Code     0  startup_stm32h747xx.o(.text)
    TIM1_BRK_IRQHandler                      0x080003c3   Thumb Code     0  startup_stm32h747xx.o(.text)
    TIM1_CC_IRQHandler                       0x080003c3   Thumb Code     0  startup_stm32h747xx.o(.text)
    TIM1_TRG_COM_IRQHandler                  0x080003c3   Thumb Code     0  startup_stm32h747xx.o(.text)
    TIM1_UP_IRQHandler                       0x080003c3   Thumb Code     0  startup_stm32h747xx.o(.text)
    TIM2_IRQHandler                          0x080003c3   Thumb Code     0  startup_stm32h747xx.o(.text)
    TIM3_IRQHandler                          0x080003c3   Thumb Code     0  startup_stm32h747xx.o(.text)
    TIM4_IRQHandler                          0x080003c3   Thumb Code     0  startup_stm32h747xx.o(.text)
    TIM5_IRQHandler                          0x080003c3   Thumb Code     0  startup_stm32h747xx.o(.text)
    TIM6_DAC_IRQHandler                      0x080003c3   Thumb Code     0  startup_stm32h747xx.o(.text)
    TIM7_IRQHandler                          0x080003c3   Thumb Code     0  startup_stm32h747xx.o(.text)
    TIM8_BRK_TIM12_IRQHandler                0x080003c3   Thumb Code     0  startup_stm32h747xx.o(.text)
    TIM8_CC_IRQHandler                       0x080003c3   Thumb Code     0  startup_stm32h747xx.o(.text)
    TIM8_TRG_COM_TIM14_IRQHandler            0x080003c3   Thumb Code     0  startup_stm32h747xx.o(.text)
    TIM8_UP_TIM13_IRQHandler                 0x080003c3   Thumb Code     0  startup_stm32h747xx.o(.text)
    UART4_IRQHandler                         0x080003c3   Thumb Code     0  startup_stm32h747xx.o(.text)
    UART5_IRQHandler                         0x080003c3   Thumb Code     0  startup_stm32h747xx.o(.text)
    UART7_IRQHandler                         0x080003c3   Thumb Code     0  startup_stm32h747xx.o(.text)
    UART8_IRQHandler                         0x080003c3   Thumb Code     0  startup_stm32h747xx.o(.text)
    USART2_IRQHandler                        0x080003c3   Thumb Code     0  startup_stm32h747xx.o(.text)
    USART3_IRQHandler                        0x080003c3   Thumb Code     0  startup_stm32h747xx.o(.text)
    USART6_IRQHandler                        0x080003c3   Thumb Code     0  startup_stm32h747xx.o(.text)
    WAKEUP_PIN_IRQHandler                    0x080003c3   Thumb Code     0  startup_stm32h747xx.o(.text)
    WWDG_IRQHandler                          0x080003c3   Thumb Code     0  startup_stm32h747xx.o(.text)
    WWDG_RST_IRQHandler                      0x080003c3   Thumb Code     0  startup_stm32h747xx.o(.text)
    __user_initial_stackheap                 0x080003c5   Thumb Code     0  startup_stm32h747xx.o(.text)
    __use_no_semihosting                     0x080003ed   Thumb Code     2  use_no_semi_2.o(.text)
    __aeabi_uldivmod                         0x080003ef   Thumb Code     0  lludivv7m.o(.text)
    _ll_udiv                                 0x080003ef   Thumb Code   238  lludivv7m.o(.text)
    __2printf                                0x080004dd   Thumb Code    20  noretval__2printf.o(.text)
    __2sprintf                               0x080004f5   Thumb Code    34  noretval__2sprintf.o(.text)
    _printf_str                              0x0800051d   Thumb Code    82  _printf_str.o(.text)
    _printf_int_dec                          0x08000571   Thumb Code   104  _printf_dec.o(.text)
    _printf_int_hex                          0x080005e9   Thumb Code    84  _printf_hex_int.o(.text)
    _printf_longlong_hex                     0x080005e9   Thumb Code     0  _printf_hex_int.o(.text)
    __printf                                 0x08000641   Thumb Code   308  __printf_flags_wp.o(.text)
    __aeabi_memcpy4                          0x08000779   Thumb Code     0  rt_memcpy_w.o(.text)
    __aeabi_memcpy8                          0x08000779   Thumb Code     0  rt_memcpy_w.o(.text)
    __rt_memcpy_w                            0x08000779   Thumb Code   100  rt_memcpy_w.o(.text)
    _memcpy_lastbytes_aligned                0x080007c1   Thumb Code     0  rt_memcpy_w.o(.text)
    strcmp                                   0x080007dd   Thumb Code   104  strcmpv7m_pel.o(.text)
    __use_two_region_memory                  0x08000845   Thumb Code     2  heapauxi.o(.text)
    __rt_heap_escrow$2region                 0x08000847   Thumb Code     2  heapauxi.o(.text)
    __rt_heap_expand$2region                 0x08000849   Thumb Code     2  heapauxi.o(.text)
    __semihosting$guard                      0x0800084b   Thumb Code     0  use_no_semi.o(.text)
    __use_no_semihosting_swi                 0x0800084b   Thumb Code     2  use_no_semi.o(.text)
    _printf_int_common                       0x0800084d   Thumb Code   178  _printf_intcommon.o(.text)
    __lib_sel_fp_printf                      0x080008ff   Thumb Code     2  _printf_fp_dec.o(.text)
    _printf_fp_dec_real                      0x08000ab1   Thumb Code   620  _printf_fp_dec.o(.text)
    _printf_char_common                      0x08000d27   Thumb Code    32  _printf_char_common.o(.text)
    _sputc                                   0x08000d4d   Thumb Code    10  _sputc.o(.text)
    _printf_cs_common                        0x08000d57   Thumb Code    20  _printf_char.o(.text)
    _printf_char                             0x08000d6b   Thumb Code    16  _printf_char.o(.text)
    _printf_string                           0x08000d7b   Thumb Code     8  _printf_char.o(.text)
    _printf_char_file                        0x08000d85   Thumb Code    32  _printf_char_file.o(.text)
    __rt_locale                              0x08000da9   Thumb Code     8  rt_locale_intlibspace.o(.text)
    _ll_udiv10                               0x08000db1   Thumb Code   138  lludiv10.o(.text)
    _printf_fp_infnan                        0x08000e3d   Thumb Code   112  _printf_fp_infnan.o(.text)
    _btod_etento                             0x08000ebd   Thumb Code   224  bigflt0.o(.text)
    ferror                                   0x08000fa1   Thumb Code     8  ferror.o(.text)
    __user_libspace                          0x08000fa9   Thumb Code     8  libspace.o(.text)
    __user_perproc_libspace                  0x08000fa9   Thumb Code     0  libspace.o(.text)
    __user_perthread_libspace                0x08000fa9   Thumb Code     0  libspace.o(.text)
    __user_setup_stackheap                   0x08000fb1   Thumb Code    74  sys_stackheap_outer.o(.text)
    exit                                     0x08000ffb   Thumb Code    18  exit.o(.text)
    _btod_d2e                                0x0800100d   Thumb Code    62  btod.o(CL$$btod_d2e)
    _d2e_denorm_low                          0x0800104b   Thumb Code    70  btod.o(CL$$btod_d2e_denorm_low)
    _d2e_norm_op1                            0x08001091   Thumb Code    96  btod.o(CL$$btod_d2e_norm_op1)
    __btod_div_common                        0x080010f1   Thumb Code   696  btod.o(CL$$btod_div_common)
    _e2e                                     0x08001429   Thumb Code   220  btod.o(CL$$btod_e2e)
    _btod_ediv                               0x08001505   Thumb Code    42  btod.o(CL$$btod_ediv)
    _btod_emul                               0x0800152f   Thumb Code    42  btod.o(CL$$btod_emul)
    __btod_mult_common                       0x08001559   Thumb Code   580  btod.o(CL$$btod_mult_common)
    BusFault_Handler                         0x0800179d   Thumb Code     4  stm32h7xx_it.o(i.BusFault_Handler)
    DebugMon_Handler                         0x08001801   Thumb Code     2  stm32h7xx_it.o(i.DebugMon_Handler)
    ExitRun0Mode                             0x08001805   Thumb Code    34  system_stm32h7xx.o(i.ExitRun0Mode)
    FMC_SDRAM_Init                           0x0800182d   Thumb Code   108  stm32h7xx_ll_fmc.o(i.FMC_SDRAM_Init)
    FMC_SDRAM_ProgramRefreshRate             0x08001899   Thumb Code    20  stm32h7xx_ll_fmc.o(i.FMC_SDRAM_ProgramRefreshRate)
    FMC_SDRAM_SendCommand                    0x080018ad   Thumb Code    38  stm32h7xx_ll_fmc.o(i.FMC_SDRAM_SendCommand)
    FMC_SDRAM_Timing_Init                    0x080018d5   Thumb Code   144  stm32h7xx_ll_fmc.o(i.FMC_SDRAM_Timing_Init)
    HAL_DMA_Abort                            0x08001969   Thumb Code  1236  stm32h7xx_hal_dma.o(i.HAL_DMA_Abort)
    HAL_DMA_Abort_IT                         0x08001e45   Thumb Code   906  stm32h7xx_hal_dma.o(i.HAL_DMA_Abort_IT)
    HAL_DSI_ConfigPhyTimer                   0x080021dd   Thumb Code   162  stm32h7xx_hal_dsi.o(i.HAL_DSI_ConfigPhyTimer)
    HAL_DSI_ConfigVideoMode                  0x0800227f   Thumb Code   720  stm32h7xx_hal_dsi.o(i.HAL_DSI_ConfigVideoMode)
    HAL_DSI_Init                             0x08002551   Thumb Code   624  stm32h7xx_hal_dsi.o(i.HAL_DSI_Init)
    HAL_DSI_LongWrite                        0x080027c9   Thumb Code   228  stm32h7xx_hal_dsi.o(i.HAL_DSI_LongWrite)
    HAL_DSI_MspInit                          0x080028ad   Thumb Code     2  stm32h7xx_hal_dsi.o(i.HAL_DSI_MspInit)
    HAL_DSI_ShortWrite                       0x080028af   Thumb Code    66  stm32h7xx_hal_dsi.o(i.HAL_DSI_ShortWrite)
    HAL_DSI_Start                            0x080028f1   Thumb Code   104  stm32h7xx_hal_dsi.o(i.HAL_DSI_Start)
    HAL_Delay                                0x08002959   Thumb Code    12  delay.o(i.HAL_Delay)
    HAL_EnableCompensationCell               0x08002965   Thumb Code    14  stm32h7xx_hal.o(i.HAL_EnableCompensationCell)
    HAL_GPIO_Init                            0x08002979   Thumb Code   456  stm32h7xx_hal_gpio.o(i.HAL_GPIO_Init)
    HAL_GPIO_ReadPin                         0x08002b75   Thumb Code    16  stm32h7xx_hal_gpio.o(i.HAL_GPIO_ReadPin)
    HAL_GPIO_TogglePin                       0x08002b85   Thumb Code    20  stm32h7xx_hal_gpio.o(i.HAL_GPIO_TogglePin)
    HAL_GPIO_WritePin                        0x08002b99   Thumb Code    12  stm32h7xx_hal_gpio.o(i.HAL_GPIO_WritePin)
    HAL_GetREVID                             0x08002ba5   Thumb Code     8  stm32h7xx_hal.o(i.HAL_GetREVID)
    HAL_GetTick                              0x08002bb1   Thumb Code     6  stm32h7xx_hal.o(i.HAL_GetTick)
    HAL_IncTick                              0x08002bbd   Thumb Code    16  stm32h7xx_hal.o(i.HAL_IncTick)
    HAL_Init                                 0x08002bd5   Thumb Code    80  stm32h7xx_hal.o(i.HAL_Init)
    HAL_InitTick                             0x08002c35   Thumb Code    74  stm32h7xx_hal.o(i.HAL_InitTick)
    HAL_LTDC_ConfigLayer                     0x08002c8d   Thumb Code    94  stm32h7xx_hal_ltdc.o(i.HAL_LTDC_ConfigLayer)
    HAL_LTDC_Init                            0x08002ceb   Thumb Code   202  stm32h7xx_hal_ltdc.o(i.HAL_LTDC_Init)
    HAL_LTDC_MspInit                         0x08002db5   Thumb Code   562  ltdc.o(i.HAL_LTDC_MspInit)
    HAL_LTDC_SetWindowPosition               0x08003005   Thumb Code   108  stm32h7xx_hal_ltdc.o(i.HAL_LTDC_SetWindowPosition)
    HAL_LTDC_SetWindowSize                   0x08003071   Thumb Code   108  stm32h7xx_hal_ltdc.o(i.HAL_LTDC_SetWindowSize)
    HAL_MPU_ConfigRegion                     0x080030dd   Thumb Code    86  stm32h7xx_hal_cortex.o(i.HAL_MPU_ConfigRegion)
    HAL_MPU_Disable                          0x08003139   Thumb Code    38  stm32h7xx_hal_cortex.o(i.HAL_MPU_Disable)
    HAL_MPU_Enable                           0x08003165   Thumb Code    58  stm32h7xx_hal_cortex.o(i.HAL_MPU_Enable)
    HAL_MspInit                              0x080031a5   Thumb Code     2  stm32h7xx_hal.o(i.HAL_MspInit)
    HAL_NVIC_EnableIRQ                       0x080031a7   Thumb Code    40  stm32h7xx_hal_cortex.o(i.HAL_NVIC_EnableIRQ)
    HAL_NVIC_SetPriority                     0x080031cf   Thumb Code   122  stm32h7xx_hal_cortex.o(i.HAL_NVIC_SetPriority)
    HAL_NVIC_SetPriorityGrouping             0x08003249   Thumb Code    32  stm32h7xx_hal_cortex.o(i.HAL_NVIC_SetPriorityGrouping)
    HAL_PWREx_EnableUSBVoltageDetector       0x08003271   Thumb Code    14  stm32h7xx_hal_pwr_ex.o(i.HAL_PWREx_EnableUSBVoltageDetector)
    HAL_RCCEx_GetD3PCLK1Freq                 0x08003285   Thumb Code    26  stm32h7xx_hal_rcc_ex.o(i.HAL_RCCEx_GetD3PCLK1Freq)
    HAL_RCCEx_GetPLL2ClockFreq               0x080032a9   Thumb Code   536  stm32h7xx_hal_rcc_ex.o(i.HAL_RCCEx_GetPLL2ClockFreq)
    HAL_RCCEx_GetPLL3ClockFreq               0x080034d9   Thumb Code   536  stm32h7xx_hal_rcc_ex.o(i.HAL_RCCEx_GetPLL3ClockFreq)
    HAL_RCCEx_PeriphCLKConfig                0x08003709   Thumb Code  3510  stm32h7xx_hal_rcc_ex.o(i.HAL_RCCEx_PeriphCLKConfig)
    HAL_RCC_ClockConfig                      0x080044c5   Thumb Code   774  stm32h7xx_hal_rcc.o(i.HAL_RCC_ClockConfig)
    HAL_RCC_GetHCLKFreq                      0x080047e5   Thumb Code    60  stm32h7xx_hal_rcc.o(i.HAL_RCC_GetHCLKFreq)
    HAL_RCC_GetPCLK1Freq                     0x08004831   Thumb Code    26  stm32h7xx_hal_rcc.o(i.HAL_RCC_GetPCLK1Freq)
    HAL_RCC_GetPCLK2Freq                     0x08004855   Thumb Code    26  stm32h7xx_hal_rcc.o(i.HAL_RCC_GetPCLK2Freq)
    HAL_RCC_GetSysClockFreq                  0x08004879   Thumb Code   524  stm32h7xx_hal_rcc.o(i.HAL_RCC_GetSysClockFreq)
    HAL_RCC_OscConfig                        0x08004aa5   Thumb Code  2130  stm32h7xx_hal_rcc.o(i.HAL_RCC_OscConfig)
    HAL_SDRAM_Init                           0x080052fd   Thumb Code    76  stm32h7xx_hal_sdram.o(i.HAL_SDRAM_Init)
    HAL_SDRAM_MspInit                        0x0800534d   Thumb Code   338  sdram.o(i.HAL_SDRAM_MspInit)
    HAL_SDRAM_ProgramRefreshRate             0x080054c1   Thumb Code    54  stm32h7xx_hal_sdram.o(i.HAL_SDRAM_ProgramRefreshRate)
    HAL_SDRAM_SendCommand                    0x080054f7   Thumb Code    78  stm32h7xx_hal_sdram.o(i.HAL_SDRAM_SendCommand)
    HAL_SYSTICK_Config                       0x08005545   Thumb Code    52  stm32h7xx_hal_cortex.o(i.HAL_SYSTICK_Config)
    HAL_UARTEx_RxEventCallback               0x08005579   Thumb Code     2  stm32h7xx_hal_uart.o(i.HAL_UARTEx_RxEventCallback)
    HAL_UARTEx_RxFifoFullCallback            0x0800557b   Thumb Code     2  stm32h7xx_hal_uart_ex.o(i.HAL_UARTEx_RxFifoFullCallback)
    HAL_UARTEx_TxFifoEmptyCallback           0x0800557d   Thumb Code     2  stm32h7xx_hal_uart_ex.o(i.HAL_UARTEx_TxFifoEmptyCallback)
    HAL_UARTEx_WakeupCallback                0x0800557f   Thumb Code     2  stm32h7xx_hal_uart_ex.o(i.HAL_UARTEx_WakeupCallback)
    HAL_UART_ErrorCallback                   0x08005581   Thumb Code     2  stm32h7xx_hal_uart.o(i.HAL_UART_ErrorCallback)
    HAL_UART_IRQHandler                      0x08005585   Thumb Code  1206  stm32h7xx_hal_uart.o(i.HAL_UART_IRQHandler)
    HAL_UART_Init                            0x08005a3b   Thumb Code   120  stm32h7xx_hal_uart.o(i.HAL_UART_Init)
    HAL_UART_MspInit                         0x08005ab5   Thumb Code   180  usart.o(i.HAL_UART_MspInit)
    HAL_UART_Receive_IT                      0x08005b75   Thumb Code    88  stm32h7xx_hal_uart.o(i.HAL_UART_Receive_IT)
    HAL_UART_RxCpltCallback                  0x08005bd1   Thumb Code   134  usart.o(i.HAL_UART_RxCpltCallback)
    HAL_UART_TxCpltCallback                  0x08005c6d   Thumb Code     2  stm32h7xx_hal_uart.o(i.HAL_UART_TxCpltCallback)
    HardFault_Handler                        0x08005c6f   Thumb Code     4  stm32h7xx_it.o(i.HardFault_Handler)
    MemManage_Handler                        0x08005e55   Thumb Code   102  mpu.o(i.MemManage_Handler)
    NMI_Handler                              0x08005ef5   Thumb Code     2  stm32h7xx_it.o(i.NMI_Handler)
    PendSV_Handler                           0x08005ef7   Thumb Code     2  stm32h7xx_it.o(i.PendSV_Handler)
    SVC_Handler                              0x080061c1   Thumb Code     2  stm32h7xx_it.o(i.SVC_Handler)
    SysTick_Handler                          0x080061c3   Thumb Code     8  stm32h7xx_it.o(i.SysTick_Handler)
    SystemInit                               0x080061cd   Thumb Code   256  system_stm32h7xx.o(i.SystemInit)
    UART_AdvFeatureConfig                    0x080062f5   Thumb Code   248  stm32h7xx_hal_uart.o(i.UART_AdvFeatureConfig)
    UART_CheckIdleState                      0x080063ed   Thumb Code   234  stm32h7xx_hal_uart.o(i.UART_CheckIdleState)
    UART_SetConfig                           0x08006b8d   Thumb Code  1402  stm32h7xx_hal_uart.o(i.UART_SetConfig)
    UART_Start_Receive_IT                    0x08007119   Thumb Code   332  stm32h7xx_hal_uart.o(i.UART_Start_Receive_IT)
    UART_WaitOnFlagUntilTimeout              0x08007275   Thumb Code   172  stm32h7xx_hal_uart.o(i.UART_WaitOnFlagUntilTimeout)
    USART1_IRQHandler                        0x08007321   Thumb Code    10  usart.o(i.USART1_IRQHandler)
    UsageFault_Handler                       0x08007331   Thumb Code     4  stm32h7xx_it.o(i.UsageFault_Handler)
    __ARM_fpclassify                         0x08007335   Thumb Code    48  fpclassify.o(i.__ARM_fpclassify)
    _is_digit                                0x0800739d   Thumb Code    14  __printf_wp.o(i._is_digit)
    _sys_exit                                0x080073ab   Thumb Code     4  usart.o(i._sys_exit)
    bl24cxx_init                             0x080073af   Thumb Code     8  24cxx.o(i.bl24cxx_init)
    bl24cxx_read                             0x080073b7   Thumb Code    36  24cxx.o(i.bl24cxx_read)
    bl24cxx_read_one_byte                    0x080073db   Thumb Code    82  24cxx.o(i.bl24cxx_read_one_byte)
    bl24cxx_write                            0x0800742d   Thumb Code    36  24cxx.o(i.bl24cxx_write)
    bl24cxx_write_one_byte                   0x08007451   Thumb Code    74  24cxx.o(i.bl24cxx_write_one_byte)
    ct_iic_ack                               0x0800749d   Thumb Code    80  ctiic.o(i.ct_iic_ack)
    ct_iic_init                              0x080074fd   Thumb Code   114  ctiic.o(i.ct_iic_init)
    ct_iic_nack                              0x08007579   Thumb Code    60  ctiic.o(i.ct_iic_nack)
    ct_iic_read_byte                         0x080075b9   Thumb Code    92  ctiic.o(i.ct_iic_read_byte)
    ct_iic_send_byte                         0x08007619   Thumb Code   106  ctiic.o(i.ct_iic_send_byte)
    ct_iic_start                             0x08007689   Thumb Code    76  ctiic.o(i.ct_iic_start)
    ct_iic_stop                              0x080076d9   Thumb Code    60  ctiic.o(i.ct_iic_stop)
    ct_iic_wait_ack                          0x08007719   Thumb Code   104  ctiic.o(i.ct_iic_wait_ack)
    ctp_test                                 0x08007785   Thumb Code   286  main.o(i.ctp_test)
    delay_init                               0x080078b5   Thumb Code     6  delay.o(i.delay_init)
    delay_ms                                 0x080078c1   Thumb Code    18  delay.o(i.delay_ms)
    delay_us                                 0x080078d5   Thumb Code    68  delay.o(i.delay_us)
    dsi_host_init                            0x0800791d   Thumb Code   404  mipi_lcd.o(i.dsi_host_init)
    dsi_init                                 0x08007ad1   Thumb Code   228  mipi_lcd.o(i.dsi_init)
    dsi_io_write                             0x08007bc9   Thumb Code    96  mipi_lcd.o(i.dsi_io_write)
    dsi_ltdc_init                            0x08007c2d   Thumb Code   170  mipi_lcd.o(i.dsi_ltdc_init)
    fputc                                    0x08007cf1   Thumb Code    22  usart.o(i.fputc)
    ft5206_init                              0x08007d0d   Thumb Code   294  ft5206.o(i.ft5206_init)
    ft5206_rd_reg                            0x08007e49   Thumb Code    88  ft5206.o(i.ft5206_rd_reg)
    ft5206_scan                              0x08007ea1   Thumb Code   404  ft5206.o(i.ft5206_scan)
    ft5206_wr_reg                            0x08008045   Thumb Code    82  ft5206.o(i.ft5206_wr_reg)
    gt9xxx_init                              0x08008099   Thumb Code   328  gt9xxx.o(i.gt9xxx_init)
    gt9xxx_rd_reg                            0x08008219   Thumb Code    98  gt9xxx.o(i.gt9xxx_rd_reg)
    gt9xxx_scan                              0x0800827d   Thumb Code   756  gt9xxx.o(i.gt9xxx_scan)
    gt9xxx_wr_reg                            0x08008585   Thumb Code    92  gt9xxx.o(i.gt9xxx_wr_reg)
    iic_ack                                  0x080085e1   Thumb Code    80  myiic.o(i.iic_ack)
    iic_init                                 0x08008641   Thumb Code   116  myiic.o(i.iic_init)
    iic_nack                                 0x080086bd   Thumb Code    60  myiic.o(i.iic_nack)
    iic_read_byte                            0x080086fd   Thumb Code    92  myiic.o(i.iic_read_byte)
    iic_send_byte                            0x0800875d   Thumb Code   106  myiic.o(i.iic_send_byte)
    iic_start                                0x080087cd   Thumb Code    76  myiic.o(i.iic_start)
    iic_stop                                 0x0800881d   Thumb Code    60  myiic.o(i.iic_stop)
    iic_wait_ack                             0x0800885d   Thumb Code   100  myiic.o(i.iic_wait_ack)
    key_init                                 0x080088c5   Thumb Code   120  key.o(i.key_init)
    key_scan                                 0x08008945   Thumb Code   122  key.o(i.key_scan)
    lcd_clear                                0x080089c9   Thumb Code    18  lcd.o(i.lcd_clear)
    lcd_display_dir                          0x080089e1   Thumb Code    40  lcd.o(i.lcd_display_dir)
    lcd_draw_bline                           0x08008a11   Thumb Code   212  main.o(i.lcd_draw_bline)
    lcd_draw_circle                          0x08008ae5   Thumb Code   170  lcd.o(i.lcd_draw_circle)
    lcd_draw_hline                           0x08008b91   Thumb Code    52  lcd.o(i.lcd_draw_hline)
    lcd_draw_line                            0x08008bc9   Thumb Code   172  lcd.o(i.lcd_draw_line)
    lcd_draw_point                           0x08008c75   Thumb Code    26  lcd.o(i.lcd_draw_point)
    lcd_fill                                 0x08008c95   Thumb Code    42  lcd.o(i.lcd_fill)
    lcd_fill_circle                          0x08008cc5   Thumb Code   176  lcd.o(i.lcd_fill_circle)
    lcd_init                                 0x08008d75   Thumb Code   152  lcd.o(i.lcd_init)
    lcd_show_char                            0x08008e2d   Thumb Code   294  lcd.o(i.lcd_show_char)
    lcd_show_string                          0x08008f6d   Thumb Code   106  lcd.o(i.lcd_show_string)
    led_init                                 0x08008fd9   Thumb Code   130  led.o(i.led_init)
    load_draw_dialog                         0x08009069   Thumb Code    42  main.o(i.load_draw_dialog)
    ltdc_clear                               0x0800909d   Thumb Code    32  ltdc.o(i.ltdc_clear)
    ltdc_clk_set                             0x080090c1   Thumb Code    50  ltdc.o(i.ltdc_clk_set)
    ltdc_display_dir                         0x080090f5   Thumb Code    40  ltdc.o(i.ltdc_display_dir)
    ltdc_draw_point                          0x08009121   Thumb Code    70  ltdc.o(i.ltdc_draw_point)
    ltdc_fill                                0x08009171   Thumb Code   388  ltdc.o(i.ltdc_fill)
    ltdc_init                                0x08009305   Thumb Code   868  ltdc.o(i.ltdc_init)
    ltdc_layer_parameter_config              0x08009689   Thumb Code   112  ltdc.o(i.ltdc_layer_parameter_config)
    ltdc_layer_window_config                 0x08009701   Thumb Code    70  ltdc.o(i.ltdc_layer_window_config)
    ltdc_panelid_read                        0x08009755   Thumb Code   196  ltdc.o(i.ltdc_panelid_read)
    ltdc_select_layer                        0x08009825   Thumb Code     6  ltdc.o(i.ltdc_select_layer)
    main                                     0x08009831   Thumb Code   212  main.o(i.main)
    mipi_lcd_ex_ili9881d_cmdinit             0x08009945   Thumb Code   186  mipi_lcd.o(i.mipi_lcd_ex_ili9881d_cmdinit)
    mipilcd_write_cmd                        0x08009a05   Thumb Code    28  mipi_lcd.o(i.mipilcd_write_cmd)
    mpu_memory_protection                    0x08009a21   Thumb Code   188  mpu.o(i.mpu_memory_protection)
    mpu_set_protection                       0x08009add   Thumb Code    94  mpu.o(i.mpu_set_protection)
    rtp_test                                 0x08009b3d   Thumb Code   158  main.o(i.rtp_test)
    sdram_init                               0x08009be9   Thumb Code   106  sdram.o(i.sdram_init)
    sdram_initialization_sequence            0x08009c5d   Thumb Code    66  sdram.o(i.sdram_initialization_sequence)
    sdram_send_cmd                           0x08009ca1   Thumb Code    68  sdram.o(i.sdram_send_cmd)
    sys_cache_enable                         0x08009ce9   Thumb Code   310  sys.o(i.sys_cache_enable)
    sys_stm32_clock_init                     0x08009e29   Thumb Code   336  sys.o(i.sys_stm32_clock_init)
    tft_spi_init                             0x08009f85   Thumb Code  1578  tft_spi.o(i.tft_spi_init)
    tft_spi_write_byte                       0x0800a5b1   Thumb Code   102  tft_spi.o(i.tft_spi_write_byte)
    tft_spi_write_cmd                        0x0800a61d   Thumb Code    94  tft_spi.o(i.tft_spi_write_cmd)
    tft_spi_write_data                       0x0800a685   Thumb Code    92  tft_spi.o(i.tft_spi_write_data)
    tft_spi_write_reg                        0x0800a6e9   Thumb Code    20  tft_spi.o(i.tft_spi_write_reg)
    tp_adjust                                0x0800a6fd   Thumb Code   920  touch.o(i.tp_adjust)
    tp_draw_big_point                        0x0800ac09   Thumb Code    58  touch.o(i.tp_draw_big_point)
    tp_get_adjust_data                       0x0800acb9   Thumb Code    36  touch.o(i.tp_get_adjust_data)
    tp_init                                  0x0800ace1   Thumb Code   384  touch.o(i.tp_init)
    tp_save_adjust_data                      0x0800b0c5   Thumb Code    24  touch.o(i.tp_save_adjust_data)
    tp_scan                                  0x0800b0e1   Thumb Code   286  touch.o(i.tp_scan)
    usart_init                               0x0800b279   Thumb Code    44  usart.o(i.usart_init)
    _get_lc_numeric                          0x0800b2b1   Thumb Code    44  lc_numeric_c.o(locale$$code)
    _fp_init                                 0x0800b2dd   Thumb Code    10  fpinit.o(x$fpl$fpinit)
    __fplib_config_fpu_vfp                   0x0800b2e5   Thumb Code     0  fpinit.o(x$fpl$fpinit)
    __fplib_config_pureend_doubles           0x0800b2e5   Thumb Code     0  fpinit.o(x$fpl$fpinit)
    _printf_fp_dec                           0x0800b2e7   Thumb Code     4  printf1.o(x$fpl$printf1)
    __I$use$fp                               0x0800b2ea   Number         0  usenofp.o(x$fpl$usenofp)
    POINT_COLOR_TBL                          0x0800b2ec   Data          40  main.o(.constdata)
    D1CorePrescTable                         0x0800b314   Data          16  system_stm32h7xx.o(.constdata)
    UARTPrescTable                           0x0800b324   Data          24  stm32h7xx_hal_uart.o(.constdata)
    asc2_1206                                0x0800b33c   Data        1140  lcd.o(.constdata)
    asc2_1608                                0x0800b7b0   Data        1520  lcd.o(.constdata)
    asc2_2412                                0x0800bda0   Data        3420  lcd.o(.constdata)
    asc2_3216                                0x0800cafc   Data        6080  lcd.o(.constdata)
    TP_REMIND_MSG_TBL                        0x08010080   Data           4  touch.o(.constdata)
    GT9XXX_TPX_TBL                           0x08010084   Data          20  gt9xxx.o(.constdata)
    FT5206_TPX_TBL                           0x08010098   Data          10  ft5206.o(.constdata)
    Region$$Table$$Base                      0x080101ec   Number         0  anon$$obj.o(Region$$Table)
    Region$$Table$$Limit                     0x0801020c   Number         0  anon$$obj.o(Region$$Table)
    SystemCoreClock                          0x24000000   Data           4  system_stm32h7xx.o(.data)
    SystemD2Clock                            0x24000004   Data           4  system_stm32h7xx.o(.data)
    __stdout                                 0x2400000c   Data           4  usart.o(.data)
    g_usart_rx_sta                           0x24000010   Data           2  usart.o(.data)
    g_rx_buffer                              0x24000012   Data           1  usart.o(.data)
    uwTick                                   0x24000014   Data           4  stm32h7xx_hal.o(.data)
    uwTickPrio                               0x24000018   Data           4  stm32h7xx_hal.o(.data)
    uwTickFreq                               0x2400001c   Data           1  stm32h7xx_hal.o(.data)
    g_point_color                            0x24000020   Data           4  lcd.o(.data)
    g_back_color                             0x24000024   Data           4  lcd.o(.data)
    lcddev                                   0x24000028   Data           8  lcd.o(.data)
    g_ltdc_framebuf                          0x24000030   Data           8  ltdc.o(.data)
    tp_dev                                   0x240004dc   Data          72  touch.o(.data)
    g_gt_tnum                                0x24000524   Data           1  gt9xxx.o(.data)
    g_usart_rx_buf                           0x24000528   Data         200  usart.o(.bss)
    g_uart1_handle                           0x240005f0   Data         148  usart.o(.bss)
    g_sdram_handle                           0x24000684   Data          52  sdram.o(.bss)
    g_ltdc_handle                            0x240006b8   Data         168  ltdc.o(.bss)
    g_dma2d_handle                           0x24000760   Data         104  ltdc.o(.bss)
    lcdltdc                                  0x240007c8   Data          36  ltdc.o(.bss)
    g_dsi_handle                             0x240007ec   Data          28  mipi_lcd.o(.bss)
    __libspace_start                         0x24000808   Data          96  libspace.o(.bss)
    __temporary_stack_top$libspace           0x24000868   Data           0  libspace.o(.bss)
    ltdc_lcd_framebuf                        0xd0000000   Data       4147200  ltdc.o(.ARM.__AT_0xD0000000)



==============================================================================

Memory Map of the image

  Image Entry point : 0x08000299

  Load Region LR_IROM1 (Base: 0x08000000, Size: 0x00010750, Max: 0x00100000, ABSOLUTE, COMPRESSED[0x00010564])

    Execution Region ER_IROM1 (Exec base: 0x08000000, Load base: 0x08000000, Size: 0x00010228, Max: 0x00100000, ABSOLUTE)

    Exec Addr    Load Addr    Size         Type   Attr      Idx    E Section Name        Object

    0x08000000   0x08000000   0x00000298   Data   RO            3    RESET               startup_stm32h747xx.o
    0x08000298   0x08000298   0x00000008   Code   RO         7156  * !!!main             c_w.l(__main.o)
    0x080002a0   0x080002a0   0x00000034   Code   RO         7383    !!!scatter          c_w.l(__scatter.o)
    0x080002d4   0x080002d4   0x0000005a   Code   RO         7381    !!dczerorl2         c_w.l(__dczerorl2.o)
    0x0800032e   0x0800032e   0x00000002   PAD
    0x08000330   0x08000330   0x0000001c   Code   RO         7385    !!handler_zi        c_w.l(__scatter_zi.o)
    0x0800034c   0x0800034c   0x00000000   Code   RO         7149    .ARM.Collect$$_printf_percent$$00000000  c_w.l(_printf_percent.o)
    0x0800034c   0x0800034c   0x00000006   Code   RO         7148    .ARM.Collect$$_printf_percent$$00000003  c_w.l(_printf_f.o)
    0x08000352   0x08000352   0x00000006   Code   RO         7147    .ARM.Collect$$_printf_percent$$00000009  c_w.l(_printf_d.o)
    0x08000358   0x08000358   0x00000006   Code   RO         7146    .ARM.Collect$$_printf_percent$$0000000C  c_w.l(_printf_x.o)
    0x0800035e   0x0800035e   0x00000006   Code   RO         7145    .ARM.Collect$$_printf_percent$$00000014  c_w.l(_printf_s.o)
    0x08000364   0x08000364   0x00000004   Code   RO         7179    .ARM.Collect$$_printf_percent$$00000017  c_w.l(_printf_percent_end.o)
    0x08000368   0x08000368   0x00000002   Code   RO         7261    .ARM.Collect$$libinit$$00000000  c_w.l(libinit.o)
    0x0800036a   0x0800036a   0x00000004   Code   RO         7262    .ARM.Collect$$libinit$$00000001  c_w.l(libinit2.o)
    0x0800036e   0x0800036e   0x00000000   Code   RO         7265    .ARM.Collect$$libinit$$00000004  c_w.l(libinit2.o)
    0x0800036e   0x0800036e   0x00000000   Code   RO         7268    .ARM.Collect$$libinit$$0000000A  c_w.l(libinit2.o)
    0x0800036e   0x0800036e   0x00000000   Code   RO         7270    .ARM.Collect$$libinit$$0000000C  c_w.l(libinit2.o)
    0x0800036e   0x0800036e   0x00000000   Code   RO         7272    .ARM.Collect$$libinit$$0000000E  c_w.l(libinit2.o)
    0x0800036e   0x0800036e   0x00000006   Code   RO         7273    .ARM.Collect$$libinit$$0000000F  c_w.l(libinit2.o)
    0x08000374   0x08000374   0x00000000   Code   RO         7275    .ARM.Collect$$libinit$$00000011  c_w.l(libinit2.o)
    0x08000374   0x08000374   0x00000000   Code   RO         7277    .ARM.Collect$$libinit$$00000013  c_w.l(libinit2.o)
    0x08000374   0x08000374   0x00000000   Code   RO         7279    .ARM.Collect$$libinit$$00000015  c_w.l(libinit2.o)
    0x08000374   0x08000374   0x0000000a   Code   RO         7280    .ARM.Collect$$libinit$$00000016  c_w.l(libinit2.o)
    0x0800037e   0x0800037e   0x00000000   Code   RO         7281    .ARM.Collect$$libinit$$00000017  c_w.l(libinit2.o)
    0x0800037e   0x0800037e   0x00000000   Code   RO         7283    .ARM.Collect$$libinit$$00000019  c_w.l(libinit2.o)
    0x0800037e   0x0800037e   0x00000000   Code   RO         7285    .ARM.Collect$$libinit$$0000001B  c_w.l(libinit2.o)
    0x0800037e   0x0800037e   0x00000000   Code   RO         7287    .ARM.Collect$$libinit$$0000001D  c_w.l(libinit2.o)
    0x0800037e   0x0800037e   0x00000000   Code   RO         7289    .ARM.Collect$$libinit$$0000001F  c_w.l(libinit2.o)
    0x0800037e   0x0800037e   0x00000000   Code   RO         7291    .ARM.Collect$$libinit$$00000021  c_w.l(libinit2.o)
    0x0800037e   0x0800037e   0x00000000   Code   RO         7293    .ARM.Collect$$libinit$$00000023  c_w.l(libinit2.o)
    0x0800037e   0x0800037e   0x00000000   Code   RO         7295    .ARM.Collect$$libinit$$00000025  c_w.l(libinit2.o)
    0x0800037e   0x0800037e   0x00000000   Code   RO         7299    .ARM.Collect$$libinit$$0000002C  c_w.l(libinit2.o)
    0x0800037e   0x0800037e   0x00000000   Code   RO         7301    .ARM.Collect$$libinit$$0000002E  c_w.l(libinit2.o)
    0x0800037e   0x0800037e   0x00000000   Code   RO         7303    .ARM.Collect$$libinit$$00000030  c_w.l(libinit2.o)
    0x0800037e   0x0800037e   0x00000000   Code   RO         7305    .ARM.Collect$$libinit$$00000032  c_w.l(libinit2.o)
    0x0800037e   0x0800037e   0x00000002   Code   RO         7306    .ARM.Collect$$libinit$$00000033  c_w.l(libinit2.o)
    0x08000380   0x08000380   0x00000002   Code   RO         7344    .ARM.Collect$$libshutdown$$00000000  c_w.l(libshutdown.o)
    0x08000382   0x08000382   0x00000000   Code   RO         7362    .ARM.Collect$$libshutdown$$00000002  c_w.l(libshutdown2.o)
    0x08000382   0x08000382   0x00000000   Code   RO         7364    .ARM.Collect$$libshutdown$$00000004  c_w.l(libshutdown2.o)
    0x08000382   0x08000382   0x00000000   Code   RO         7366    .ARM.Collect$$libshutdown$$00000006  c_w.l(libshutdown2.o)
    0x08000382   0x08000382   0x00000000   Code   RO         7369    .ARM.Collect$$libshutdown$$00000009  c_w.l(libshutdown2.o)
    0x08000382   0x08000382   0x00000000   Code   RO         7372    .ARM.Collect$$libshutdown$$0000000C  c_w.l(libshutdown2.o)
    0x08000382   0x08000382   0x00000000   Code   RO         7374    .ARM.Collect$$libshutdown$$0000000E  c_w.l(libshutdown2.o)
    0x08000382   0x08000382   0x00000000   Code   RO         7377    .ARM.Collect$$libshutdown$$00000011  c_w.l(libshutdown2.o)
    0x08000382   0x08000382   0x00000002   Code   RO         7378    .ARM.Collect$$libshutdown$$00000012  c_w.l(libshutdown2.o)
    0x08000384   0x08000384   0x00000000   Code   RO         7162    .ARM.Collect$$rtentry$$00000000  c_w.l(__rtentry.o)
    0x08000384   0x08000384   0x00000000   Code   RO         7181    .ARM.Collect$$rtentry$$00000002  c_w.l(__rtentry2.o)
    0x08000384   0x08000384   0x00000006   Code   RO         7193    .ARM.Collect$$rtentry$$00000004  c_w.l(__rtentry4.o)
    0x0800038a   0x0800038a   0x00000000   Code   RO         7183    .ARM.Collect$$rtentry$$00000009  c_w.l(__rtentry2.o)
    0x0800038a   0x0800038a   0x00000004   Code   RO         7184    .ARM.Collect$$rtentry$$0000000A  c_w.l(__rtentry2.o)
    0x0800038e   0x0800038e   0x00000000   Code   RO         7186    .ARM.Collect$$rtentry$$0000000C  c_w.l(__rtentry2.o)
    0x0800038e   0x0800038e   0x00000008   Code   RO         7187    .ARM.Collect$$rtentry$$0000000D  c_w.l(__rtentry2.o)
    0x08000396   0x08000396   0x00000002   Code   RO         7307    .ARM.Collect$$rtexit$$00000000  c_w.l(rtexit.o)
    0x08000398   0x08000398   0x00000000   Code   RO         7320    .ARM.Collect$$rtexit$$00000002  c_w.l(rtexit2.o)
    0x08000398   0x08000398   0x00000004   Code   RO         7321    .ARM.Collect$$rtexit$$00000003  c_w.l(rtexit2.o)
    0x0800039c   0x0800039c   0x00000006   Code   RO         7322    .ARM.Collect$$rtexit$$00000004  c_w.l(rtexit2.o)
    0x080003a2   0x080003a2   0x00000002   PAD
    0x080003a4   0x080003a4   0x00000048   Code   RO            4    .text               startup_stm32h747xx.o
    0x080003ec   0x080003ec   0x00000002   Code   RO         7086    .text               c_w.l(use_no_semi_2.o)
    0x080003ee   0x080003ee   0x000000ee   Code   RO         7088    .text               c_w.l(lludivv7m.o)
    0x080004dc   0x080004dc   0x00000018   Code   RO         7094    .text               c_w.l(noretval__2printf.o)
    0x080004f4   0x080004f4   0x00000028   Code   RO         7096    .text               c_w.l(noretval__2sprintf.o)
    0x0800051c   0x0800051c   0x00000052   Code   RO         7100    .text               c_w.l(_printf_str.o)
    0x0800056e   0x0800056e   0x00000002   PAD
    0x08000570   0x08000570   0x00000078   Code   RO         7102    .text               c_w.l(_printf_dec.o)
    0x080005e8   0x080005e8   0x00000058   Code   RO         7107    .text               c_w.l(_printf_hex_int.o)
    0x08000640   0x08000640   0x00000138   Code   RO         7137    .text               c_w.l(__printf_flags_wp.o)
    0x08000778   0x08000778   0x00000064   Code   RO         7150    .text               c_w.l(rt_memcpy_w.o)
    0x080007dc   0x080007dc   0x00000068   Code   RO         7152    .text               c_w.l(strcmpv7m_pel.o)
    0x08000844   0x08000844   0x00000006   Code   RO         7154    .text               c_w.l(heapauxi.o)
    0x0800084a   0x0800084a   0x00000002   Code   RO         7160    .text               c_w.l(use_no_semi.o)
    0x0800084c   0x0800084c   0x000000b2   Code   RO         7167    .text               c_w.l(_printf_intcommon.o)
    0x080008fe   0x080008fe   0x0000041e   Code   RO         7169    .text               c_w.l(_printf_fp_dec.o)
    0x08000d1c   0x08000d1c   0x00000030   Code   RO         7171    .text               c_w.l(_printf_char_common.o)
    0x08000d4c   0x08000d4c   0x0000000a   Code   RO         7173    .text               c_w.l(_sputc.o)
    0x08000d56   0x08000d56   0x0000002c   Code   RO         7175    .text               c_w.l(_printf_char.o)
    0x08000d82   0x08000d82   0x00000002   PAD
    0x08000d84   0x08000d84   0x00000024   Code   RO         7177    .text               c_w.l(_printf_char_file.o)
    0x08000da8   0x08000da8   0x00000008   Code   RO         7200    .text               c_w.l(rt_locale_intlibspace.o)
    0x08000db0   0x08000db0   0x0000008a   Code   RO         7202    .text               c_w.l(lludiv10.o)
    0x08000e3a   0x08000e3a   0x00000002   PAD
    0x08000e3c   0x08000e3c   0x00000080   Code   RO         7204    .text               c_w.l(_printf_fp_infnan.o)
    0x08000ebc   0x08000ebc   0x000000e4   Code   RO         7208    .text               c_w.l(bigflt0.o)
    0x08000fa0   0x08000fa0   0x00000008   Code   RO         7233    .text               c_w.l(ferror.o)
    0x08000fa8   0x08000fa8   0x00000008   Code   RO         7245    .text               c_w.l(libspace.o)
    0x08000fb0   0x08000fb0   0x0000004a   Code   RO         7248    .text               c_w.l(sys_stackheap_outer.o)
    0x08000ffa   0x08000ffa   0x00000012   Code   RO         7250    .text               c_w.l(exit.o)
    0x0800100c   0x0800100c   0x0000003e   Code   RO         7211    CL$$btod_d2e        c_w.l(btod.o)
    0x0800104a   0x0800104a   0x00000046   Code   RO         7213    CL$$btod_d2e_denorm_low  c_w.l(btod.o)
    0x08001090   0x08001090   0x00000060   Code   RO         7212    CL$$btod_d2e_norm_op1  c_w.l(btod.o)
    0x080010f0   0x080010f0   0x00000338   Code   RO         7221    CL$$btod_div_common  c_w.l(btod.o)
    0x08001428   0x08001428   0x000000dc   Code   RO         7218    CL$$btod_e2e        c_w.l(btod.o)
    0x08001504   0x08001504   0x0000002a   Code   RO         7215    CL$$btod_ediv       c_w.l(btod.o)
    0x0800152e   0x0800152e   0x0000002a   Code   RO         7214    CL$$btod_emul       c_w.l(btod.o)
    0x08001558   0x08001558   0x00000244   Code   RO         7220    CL$$btod_mult_common  c_w.l(btod.o)
    0x0800179c   0x0800179c   0x00000004   Code   RO          417    i.BusFault_Handler  stm32h7xx_it.o
    0x080017a0   0x080017a0   0x00000014   Code   RO         5247    i.DSI_ConfigPacketHeader  stm32h7xx_hal_dsi.o
    0x080017b4   0x080017b4   0x0000004c   Code   RO         5248    i.DSI_ShortWrite    stm32h7xx_hal_dsi.o
    0x08001800   0x08001800   0x00000002   Code   RO          418    i.DebugMon_Handler  stm32h7xx_it.o
    0x08001802   0x08001802   0x00000002   PAD
    0x08001804   0x08001804   0x00000028   Code   RO          486    i.ExitRun0Mode      system_stm32h7xx.o
    0x0800182c   0x0800182c   0x0000006c   Code   RO         4616    i.FMC_SDRAM_Init    stm32h7xx_ll_fmc.o
    0x08001898   0x08001898   0x00000014   Code   RO         4617    i.FMC_SDRAM_ProgramRefreshRate  stm32h7xx_ll_fmc.o
    0x080018ac   0x080018ac   0x00000026   Code   RO         4618    i.FMC_SDRAM_SendCommand  stm32h7xx_ll_fmc.o
    0x080018d2   0x080018d2   0x00000002   PAD
    0x080018d4   0x080018d4   0x00000094   Code   RO         4620    i.FMC_SDRAM_Timing_Init  stm32h7xx_ll_fmc.o
    0x08001968   0x08001968   0x000004dc   Code   RO         1282    i.HAL_DMA_Abort     stm32h7xx_hal_dma.o
    0x08001e44   0x08001e44   0x00000398   Code   RO         1283    i.HAL_DMA_Abort_IT  stm32h7xx_hal_dma.o
    0x080021dc   0x080021dc   0x000000a2   Code   RO         5255    i.HAL_DSI_ConfigPhyTimer  stm32h7xx_hal_dsi.o
    0x0800227e   0x0800227e   0x000002d0   Code   RO         5256    i.HAL_DSI_ConfigVideoMode  stm32h7xx_hal_dsi.o
    0x0800254e   0x0800254e   0x00000002   PAD
    0x08002550   0x08002550   0x00000278   Code   RO         5270    i.HAL_DSI_Init      stm32h7xx_hal_dsi.o
    0x080027c8   0x080027c8   0x000000e4   Code   RO         5271    i.HAL_DSI_LongWrite  stm32h7xx_hal_dsi.o
    0x080028ac   0x080028ac   0x00000002   Code   RO         5273    i.HAL_DSI_MspInit   stm32h7xx_hal_dsi.o
    0x080028ae   0x080028ae   0x00000042   Code   RO         5286    i.HAL_DSI_ShortWrite  stm32h7xx_hal_dsi.o
    0x080028f0   0x080028f0   0x00000068   Code   RO         5288    i.HAL_DSI_Start     stm32h7xx_hal_dsi.o
    0x08002958   0x08002958   0x0000000c   Code   RO          529    i.HAL_Delay         delay.o
    0x08002964   0x08002964   0x00000014   Code   RO          748    i.HAL_EnableCompensationCell  stm32h7xx_hal.o
    0x08002978   0x08002978   0x000001fc   Code   RO         1467    i.HAL_GPIO_Init     stm32h7xx_hal_gpio.o
    0x08002b74   0x08002b74   0x00000010   Code   RO         1469    i.HAL_GPIO_ReadPin  stm32h7xx_hal_gpio.o
    0x08002b84   0x08002b84   0x00000014   Code   RO         1470    i.HAL_GPIO_TogglePin  stm32h7xx_hal_gpio.o
    0x08002b98   0x08002b98   0x0000000c   Code   RO         1471    i.HAL_GPIO_WritePin  stm32h7xx_hal_gpio.o
    0x08002ba4   0x08002ba4   0x0000000c   Code   RO          755    i.HAL_GetREVID      stm32h7xx_hal.o
    0x08002bb0   0x08002bb0   0x0000000c   Code   RO          756    i.HAL_GetTick       stm32h7xx_hal.o
    0x08002bbc   0x08002bbc   0x00000018   Code   RO          762    i.HAL_IncTick       stm32h7xx_hal.o
    0x08002bd4   0x08002bd4   0x00000060   Code   RO          763    i.HAL_Init          stm32h7xx_hal.o
    0x08002c34   0x08002c34   0x00000058   Code   RO          764    i.HAL_InitTick      stm32h7xx_hal.o
    0x08002c8c   0x08002c8c   0x0000005e   Code   RO         4754    i.HAL_LTDC_ConfigLayer  stm32h7xx_hal_ltdc.o
    0x08002cea   0x08002cea   0x000000ca   Code   RO         4771    i.HAL_LTDC_Init     stm32h7xx_hal_ltdc.o
    0x08002db4   0x08002db4   0x00000250   Code   RO         6364    i.HAL_LTDC_MspInit  ltdc.o
    0x08003004   0x08003004   0x0000006c   Code   RO         4786    i.HAL_LTDC_SetWindowPosition  stm32h7xx_hal_ltdc.o
    0x08003070   0x08003070   0x0000006c   Code   RO         4788    i.HAL_LTDC_SetWindowSize  stm32h7xx_hal_ltdc.o
    0x080030dc   0x080030dc   0x0000005c   Code   RO         1120    i.HAL_MPU_ConfigRegion  stm32h7xx_hal_cortex.o
    0x08003138   0x08003138   0x0000002c   Code   RO         1121    i.HAL_MPU_Disable   stm32h7xx_hal_cortex.o
    0x08003164   0x08003164   0x00000040   Code   RO         1123    i.HAL_MPU_Enable    stm32h7xx_hal_cortex.o
    0x080031a4   0x080031a4   0x00000002   Code   RO          766    i.HAL_MspInit       stm32h7xx_hal.o
    0x080031a6   0x080031a6   0x00000028   Code   RO         1127    i.HAL_NVIC_EnableIRQ  stm32h7xx_hal_cortex.o
    0x080031ce   0x080031ce   0x0000007a   Code   RO         1133    i.HAL_NVIC_SetPriority  stm32h7xx_hal_cortex.o
    0x08003248   0x08003248   0x00000028   Code   RO         1134    i.HAL_NVIC_SetPriorityGrouping  stm32h7xx_hal_cortex.o
    0x08003270   0x08003270   0x00000014   Code   RO         1673    i.HAL_PWREx_EnableUSBVoltageDetector  stm32h7xx_hal_pwr_ex.o
    0x08003284   0x08003284   0x00000024   Code   RO         2043    i.HAL_RCCEx_GetD3PCLK1Freq  stm32h7xx_hal_rcc_ex.o
    0x080032a8   0x080032a8   0x00000230   Code   RO         2045    i.HAL_RCCEx_GetPLL2ClockFreq  stm32h7xx_hal_rcc_ex.o
    0x080034d8   0x080034d8   0x00000230   Code   RO         2046    i.HAL_RCCEx_GetPLL3ClockFreq  stm32h7xx_hal_rcc_ex.o
    0x08003708   0x08003708   0x00000dbc   Code   RO         2052    i.HAL_RCCEx_PeriphCLKConfig  stm32h7xx_hal_rcc_ex.o
    0x080044c4   0x080044c4   0x00000320   Code   RO         1927    i.HAL_RCC_ClockConfig  stm32h7xx_hal_rcc.o
    0x080047e4   0x080047e4   0x0000004c   Code   RO         1932    i.HAL_RCC_GetHCLKFreq  stm32h7xx_hal_rcc.o
    0x08004830   0x08004830   0x00000024   Code   RO         1934    i.HAL_RCC_GetPCLK1Freq  stm32h7xx_hal_rcc.o
    0x08004854   0x08004854   0x00000024   Code   RO         1935    i.HAL_RCC_GetPCLK2Freq  stm32h7xx_hal_rcc.o
    0x08004878   0x08004878   0x0000022c   Code   RO         1936    i.HAL_RCC_GetSysClockFreq  stm32h7xx_hal_rcc.o
    0x08004aa4   0x08004aa4   0x00000858   Code   RO         1939    i.HAL_RCC_OscConfig  stm32h7xx_hal_rcc.o
    0x080052fc   0x080052fc   0x00000050   Code   RO         4436    i.HAL_SDRAM_Init    stm32h7xx_hal_sdram.o
    0x0800534c   0x0800534c   0x00000174   Code   RO         6117    i.HAL_SDRAM_MspInit  sdram.o
    0x080054c0   0x080054c0   0x00000036   Code   RO         4439    i.HAL_SDRAM_ProgramRefreshRate  stm32h7xx_hal_sdram.o
    0x080054f6   0x080054f6   0x0000004e   Code   RO         4445    i.HAL_SDRAM_SendCommand  stm32h7xx_hal_sdram.o
    0x08005544   0x08005544   0x00000034   Code   RO         1138    i.HAL_SYSTICK_Config  stm32h7xx_hal_cortex.o
    0x08005578   0x08005578   0x00000002   Code   RO         2227    i.HAL_UARTEx_RxEventCallback  stm32h7xx_hal_uart.o
    0x0800557a   0x0800557a   0x00000002   Code   RO         2651    i.HAL_UARTEx_RxFifoFullCallback  stm32h7xx_hal_uart_ex.o
    0x0800557c   0x0800557c   0x00000002   Code   RO         2655    i.HAL_UARTEx_TxFifoEmptyCallback  stm32h7xx_hal_uart_ex.o
    0x0800557e   0x0800557e   0x00000002   Code   RO         2656    i.HAL_UARTEx_WakeupCallback  stm32h7xx_hal_uart_ex.o
    0x08005580   0x08005580   0x00000002   Code   RO         2243    i.HAL_UART_ErrorCallback  stm32h7xx_hal_uart.o
    0x08005582   0x08005582   0x00000002   PAD
    0x08005584   0x08005584   0x000004b6   Code   RO         2246    i.HAL_UART_IRQHandler  stm32h7xx_hal_uart.o
    0x08005a3a   0x08005a3a   0x00000078   Code   RO         2247    i.HAL_UART_Init     stm32h7xx_hal_uart.o
    0x08005ab2   0x08005ab2   0x00000002   PAD
    0x08005ab4   0x08005ab4   0x000000c0   Code   RO          652    i.HAL_UART_MspInit  usart.o
    0x08005b74   0x08005b74   0x0000005c   Code   RO         2252    i.HAL_UART_Receive_IT  stm32h7xx_hal_uart.o
    0x08005bd0   0x08005bd0   0x0000009c   Code   RO          653    i.HAL_UART_RxCpltCallback  usart.o
    0x08005c6c   0x08005c6c   0x00000002   Code   RO         2259    i.HAL_UART_TxCpltCallback  stm32h7xx_hal_uart.o
    0x08005c6e   0x08005c6e   0x00000004   Code   RO          419    i.HardFault_Handler  stm32h7xx_it.o
    0x08005c72   0x08005c72   0x000001e0   Code   RO         4790    i.LTDC_SetConfig    stm32h7xx_hal_ltdc.o
    0x08005e52   0x08005e52   0x00000002   PAD
    0x08005e54   0x08005e54   0x000000a0   Code   RO         6077    i.MemManage_Handler  mpu.o
    0x08005ef4   0x08005ef4   0x00000002   Code   RO          420    i.NMI_Handler       stm32h7xx_it.o
    0x08005ef6   0x08005ef6   0x00000002   Code   RO          421    i.PendSV_Handler    stm32h7xx_it.o
    0x08005ef8   0x08005ef8   0x00000164   Code   RO         2055    i.RCCEx_PLL2_Config  stm32h7xx_hal_rcc_ex.o
    0x0800605c   0x0800605c   0x00000164   Code   RO         2056    i.RCCEx_PLL3_Config  stm32h7xx_hal_rcc_ex.o
    0x080061c0   0x080061c0   0x00000002   Code   RO          422    i.SVC_Handler       stm32h7xx_it.o
    0x080061c2   0x080061c2   0x00000008   Code   RO          423    i.SysTick_Handler   stm32h7xx_it.o
    0x080061ca   0x080061ca   0x00000002   PAD
    0x080061cc   0x080061cc   0x00000128   Code   RO          488    i.SystemInit        system_stm32h7xx.o
    0x080062f4   0x080062f4   0x000000f8   Code   RO         2261    i.UART_AdvFeatureConfig  stm32h7xx_hal_uart.o
    0x080063ec   0x080063ec   0x000000ea   Code   RO         2262    i.UART_CheckIdleState  stm32h7xx_hal_uart.o
    0x080064d6   0x080064d6   0x00000014   Code   RO         2263    i.UART_DMAAbortOnError  stm32h7xx_hal_uart.o
    0x080064ea   0x080064ea   0x00000002   PAD
    0x080064ec   0x080064ec   0x0000006c   Code   RO         2273    i.UART_EndRxTransfer  stm32h7xx_hal_uart.o
    0x08006558   0x08006558   0x00000030   Code   RO         2274    i.UART_EndTransmit_IT  stm32h7xx_hal_uart.o
    0x08006588   0x08006588   0x00000104   Code   RO         2276    i.UART_RxISR_16BIT  stm32h7xx_hal_uart.o
    0x0800668c   0x0800668c   0x00000200   Code   RO         2277    i.UART_RxISR_16BIT_FIFOEN  stm32h7xx_hal_uart.o
    0x0800688c   0x0800688c   0x00000104   Code   RO         2278    i.UART_RxISR_8BIT   stm32h7xx_hal_uart.o
    0x08006990   0x08006990   0x000001fc   Code   RO         2279    i.UART_RxISR_8BIT_FIFOEN  stm32h7xx_hal_uart.o
    0x08006b8c   0x08006b8c   0x0000058c   Code   RO         2280    i.UART_SetConfig    stm32h7xx_hal_uart.o
    0x08007118   0x08007118   0x0000015c   Code   RO         2282    i.UART_Start_Receive_IT  stm32h7xx_hal_uart.o
    0x08007274   0x08007274   0x000000ac   Code   RO         2287    i.UART_WaitOnFlagUntilTimeout  stm32h7xx_hal_uart.o
    0x08007320   0x08007320   0x00000010   Code   RO          654    i.USART1_IRQHandler  usart.o
    0x08007330   0x08007330   0x00000004   Code   RO          424    i.UsageFault_Handler  stm32h7xx_it.o
    0x08007334   0x08007334   0x00000030   Code   RO         7243    i.__ARM_fpclassify  m_wv.l(fpclassify.o)
    0x08007364   0x08007364   0x00000010   Code   RO         1140    i.__NVIC_GetPriorityGrouping  stm32h7xx_hal_cortex.o
    0x08007374   0x08007374   0x00000028   Code   RO         1141    i.__NVIC_SetPriority  stm32h7xx_hal_cortex.o
    0x0800739c   0x0800739c   0x0000000e   Code   RO         7135    i._is_digit         c_w.l(__printf_wp.o)
    0x080073aa   0x080073aa   0x00000004   Code   RO          656    i._sys_exit         usart.o
    0x080073ae   0x080073ae   0x00000008   Code   RO         6745    i.bl24cxx_init      24cxx.o
    0x080073b6   0x080073b6   0x00000024   Code   RO         6746    i.bl24cxx_read      24cxx.o
    0x080073da   0x080073da   0x00000052   Code   RO         6747    i.bl24cxx_read_one_byte  24cxx.o
    0x0800742c   0x0800742c   0x00000024   Code   RO         6748    i.bl24cxx_write     24cxx.o
    0x08007450   0x08007450   0x0000004a   Code   RO         6749    i.bl24cxx_write_one_byte  24cxx.o
    0x0800749a   0x0800749a   0x00000002   PAD
    0x0800749c   0x0800749c   0x00000054   Code   RO         6801    i.ct_iic_ack        ctiic.o
    0x080074f0   0x080074f0   0x0000000a   Code   RO         6802    i.ct_iic_delay      ctiic.o
    0x080074fa   0x080074fa   0x00000002   PAD
    0x080074fc   0x080074fc   0x0000007c   Code   RO         6803    i.ct_iic_init       ctiic.o
    0x08007578   0x08007578   0x00000040   Code   RO         6804    i.ct_iic_nack       ctiic.o
    0x080075b8   0x080075b8   0x00000060   Code   RO         6805    i.ct_iic_read_byte  ctiic.o
    0x08007618   0x08007618   0x00000070   Code   RO         6806    i.ct_iic_send_byte  ctiic.o
    0x08007688   0x08007688   0x00000050   Code   RO         6807    i.ct_iic_start      ctiic.o
    0x080076d8   0x080076d8   0x00000040   Code   RO         6808    i.ct_iic_stop       ctiic.o
    0x08007718   0x08007718   0x0000006c   Code   RO         6809    i.ct_iic_wait_ack   ctiic.o
    0x08007784   0x08007784   0x00000130   Code   RO           13    i.ctp_test          main.o
    0x080078b4   0x080078b4   0x0000000c   Code   RO          530    i.delay_init        delay.o
    0x080078c0   0x080078c0   0x00000012   Code   RO          531    i.delay_ms          delay.o
    0x080078d2   0x080078d2   0x00000002   PAD
    0x080078d4   0x080078d4   0x00000048   Code   RO          532    i.delay_us          delay.o
    0x0800791c   0x0800791c   0x000001b4   Code   RO         6531    i.dsi_host_init     mipi_lcd.o
    0x08007ad0   0x08007ad0   0x000000f8   Code   RO         6532    i.dsi_init          mipi_lcd.o
    0x08007bc8   0x08007bc8   0x00000064   Code   RO         6534    i.dsi_io_write      mipi_lcd.o
    0x08007c2c   0x08007c2c   0x000000c4   Code   RO         6535    i.dsi_ltdc_init     mipi_lcd.o
    0x08007cf0   0x08007cf0   0x0000001c   Code   RO          658    i.fputc             usart.o
    0x08007d0c   0x08007d0c   0x0000013c   Code   RO         7041    i.ft5206_init       ft5206.o
    0x08007e48   0x08007e48   0x00000058   Code   RO         7042    i.ft5206_rd_reg     ft5206.o
    0x08007ea0   0x08007ea0   0x000001a4   Code   RO         7043    i.ft5206_scan       ft5206.o
    0x08008044   0x08008044   0x00000052   Code   RO         7044    i.ft5206_wr_reg     ft5206.o
    0x08008096   0x08008096   0x00000002   PAD
    0x08008098   0x08008098   0x00000180   Code   RO         6982    i.gt9xxx_init       gt9xxx.o
    0x08008218   0x08008218   0x00000062   Code   RO         6983    i.gt9xxx_rd_reg     gt9xxx.o
    0x0800827a   0x0800827a   0x00000002   PAD
    0x0800827c   0x0800827c   0x00000308   Code   RO         6984    i.gt9xxx_scan       gt9xxx.o
    0x08008584   0x08008584   0x0000005c   Code   RO         6985    i.gt9xxx_wr_reg     gt9xxx.o
    0x080085e0   0x080085e0   0x00000054   Code   RO         6670    i.iic_ack           myiic.o
    0x08008634   0x08008634   0x0000000a   Code   RO         6671    i.iic_delay         myiic.o
    0x0800863e   0x0800863e   0x00000002   PAD
    0x08008640   0x08008640   0x0000007c   Code   RO         6672    i.iic_init          myiic.o
    0x080086bc   0x080086bc   0x00000040   Code   RO         6673    i.iic_nack          myiic.o
    0x080086fc   0x080086fc   0x00000060   Code   RO         6674    i.iic_read_byte     myiic.o
    0x0800875c   0x0800875c   0x00000070   Code   RO         6675    i.iic_send_byte     myiic.o
    0x080087cc   0x080087cc   0x00000050   Code   RO         6676    i.iic_start         myiic.o
    0x0800881c   0x0800881c   0x00000040   Code   RO         6677    i.iic_stop          myiic.o
    0x0800885c   0x0800885c   0x00000068   Code   RO         6678    i.iic_wait_ack      myiic.o
    0x080088c4   0x080088c4   0x00000080   Code   RO         6639    i.key_init          key.o
    0x08008944   0x08008944   0x00000084   Code   RO         6640    i.key_scan          key.o
    0x080089c8   0x080089c8   0x00000018   Code   RO         6177    i.lcd_clear         lcd.o
    0x080089e0   0x080089e0   0x00000030   Code   RO         6179    i.lcd_display_dir   lcd.o
    0x08008a10   0x08008a10   0x000000d4   Code   RO           14    i.lcd_draw_bline    main.o
    0x08008ae4   0x08008ae4   0x000000aa   Code   RO         6182    i.lcd_draw_circle   lcd.o
    0x08008b8e   0x08008b8e   0x00000002   PAD
    0x08008b90   0x08008b90   0x00000038   Code   RO         6183    i.lcd_draw_hline    lcd.o
    0x08008bc8   0x08008bc8   0x000000ac   Code   RO         6184    i.lcd_draw_line     lcd.o
    0x08008c74   0x08008c74   0x00000020   Code   RO         6185    i.lcd_draw_point    lcd.o
    0x08008c94   0x08008c94   0x00000030   Code   RO         6187    i.lcd_fill          lcd.o
    0x08008cc4   0x08008cc4   0x000000b0   Code   RO         6188    i.lcd_fill_circle   lcd.o
    0x08008d74   0x08008d74   0x000000b8   Code   RO         6189    i.lcd_init          lcd.o
    0x08008e2c   0x08008e2c   0x00000140   Code   RO         6197    i.lcd_show_char     lcd.o
    0x08008f6c   0x08008f6c   0x0000006a   Code   RO         6199    i.lcd_show_string   lcd.o
    0x08008fd6   0x08008fd6   0x00000002   PAD
    0x08008fd8   0x08008fd8   0x00000090   Code   RO         6053    i.led_init          led.o
    0x08009068   0x08009068   0x00000034   Code   RO           15    i.load_draw_dialog  main.o
    0x0800909c   0x0800909c   0x00000024   Code   RO         6365    i.ltdc_clear        ltdc.o
    0x080090c0   0x080090c0   0x00000032   Code   RO         6366    i.ltdc_clk_set      ltdc.o
    0x080090f2   0x080090f2   0x00000002   PAD
    0x080090f4   0x080090f4   0x0000002c   Code   RO         6368    i.ltdc_display_dir  ltdc.o
    0x08009120   0x08009120   0x00000050   Code   RO         6369    i.ltdc_draw_point   ltdc.o
    0x08009170   0x08009170   0x00000194   Code   RO         6370    i.ltdc_fill         ltdc.o
    0x08009304   0x08009304   0x00000384   Code   RO         6371    i.ltdc_init         ltdc.o
    0x08009688   0x08009688   0x00000078   Code   RO         6372    i.ltdc_layer_parameter_config  ltdc.o
    0x08009700   0x08009700   0x00000054   Code   RO         6374    i.ltdc_layer_window_config  ltdc.o
    0x08009754   0x08009754   0x000000d0   Code   RO         6375    i.ltdc_panelid_read  ltdc.o
    0x08009824   0x08009824   0x0000000c   Code   RO         6377    i.ltdc_select_layer  ltdc.o
    0x08009830   0x08009830   0x00000114   Code   RO           16    i.main              main.o
    0x08009944   0x08009944   0x000000c0   Code   RO         6540    i.mipi_lcd_ex_ili9881d_cmdinit  mipi_lcd.o
    0x08009a04   0x08009a04   0x0000001c   Code   RO         6543    i.mipilcd_write_cmd  mipi_lcd.o
    0x08009a20   0x08009a20   0x000000bc   Code   RO         6078    i.mpu_memory_protection  mpu.o
    0x08009adc   0x08009adc   0x0000005e   Code   RO         6079    i.mpu_set_protection  mpu.o
    0x08009b3a   0x08009b3a   0x00000002   PAD
    0x08009b3c   0x08009b3c   0x000000ac   Code   RO           17    i.rtp_test          main.o
    0x08009be8   0x08009be8   0x00000074   Code   RO         6120    i.sdram_init        sdram.o
    0x08009c5c   0x08009c5c   0x00000042   Code   RO         6121    i.sdram_initialization_sequence  sdram.o
    0x08009c9e   0x08009c9e   0x00000002   PAD
    0x08009ca0   0x08009ca0   0x00000048   Code   RO         6122    i.sdram_send_cmd    sdram.o
    0x08009ce8   0x08009ce8   0x00000140   Code   RO          575    i.sys_cache_enable  sys.o
    0x08009e28   0x08009e28   0x0000015c   Code   RO          580    i.sys_stm32_clock_init  sys.o
    0x08009f84   0x08009f84   0x0000062a   Code   RO         6483    i.tft_spi_init      tft_spi.o
    0x0800a5ae   0x0800a5ae   0x00000002   PAD
    0x0800a5b0   0x0800a5b0   0x0000006c   Code   RO         6484    i.tft_spi_write_byte  tft_spi.o
    0x0800a61c   0x0800a61c   0x00000068   Code   RO         6485    i.tft_spi_write_cmd  tft_spi.o
    0x0800a684   0x0800a684   0x00000064   Code   RO         6486    i.tft_spi_write_data  tft_spi.o
    0x0800a6e8   0x0800a6e8   0x00000014   Code   RO         6487    i.tft_spi_write_reg  tft_spi.o
    0x0800a6fc   0x0800a6fc   0x000003cc   Code   RO         6875    i.tp_adjust         touch.o
    0x0800aac8   0x0800aac8   0x00000140   Code   RO         6876    i.tp_adjust_info_show  touch.o
    0x0800ac08   0x0800ac08   0x0000003a   Code   RO         6877    i.tp_draw_big_point  touch.o
    0x0800ac42   0x0800ac42   0x00000076   Code   RO         6878    i.tp_draw_touch_point  touch.o
    0x0800acb8   0x0800acb8   0x00000028   Code   RO         6879    i.tp_get_adjust_data  touch.o
    0x0800ace0   0x0800ace0   0x00000198   Code   RO         6880    i.tp_init           touch.o
    0x0800ae78   0x0800ae78   0x000000e0   Code   RO         6881    i.tp_read_ad        touch.o
    0x0800af58   0x0800af58   0x00000078   Code   RO         6882    i.tp_read_xoy       touch.o
    0x0800afd0   0x0800afd0   0x00000044   Code   RO         6883    i.tp_read_xy        touch.o
    0x0800b014   0x0800b014   0x000000b0   Code   RO         6884    i.tp_read_xy2       touch.o
    0x0800b0c4   0x0800b0c4   0x0000001c   Code   RO         6885    i.tp_save_adjust_data  touch.o
    0x0800b0e0   0x0800b0e0   0x0000012c   Code   RO         6886    i.tp_scan           touch.o
    0x0800b20c   0x0800b20c   0x0000006c   Code   RO         6887    i.tp_write_byte     touch.o
    0x0800b278   0x0800b278   0x00000038   Code   RO          659    i.usart_init        usart.o
    0x0800b2b0   0x0800b2b0   0x0000002c   Code   RO         7238    locale$$code        c_w.l(lc_numeric_c.o)
    0x0800b2dc   0x0800b2dc   0x0000000a   Code   RO         7317    x$fpl$fpinit        fz_wv.l(fpinit.o)
    0x0800b2e6   0x0800b2e6   0x00000004   Code   RO         7158    x$fpl$printf1       fz_wv.l(printf1.o)
    0x0800b2ea   0x0800b2ea   0x00000000   Code   RO         7242    x$fpl$usenofp       fz_wv.l(usenofp.o)
    0x0800b2ea   0x0800b2ea   0x00000002   PAD
    0x0800b2ec   0x0800b2ec   0x00000028   Data   RO           18    .constdata          main.o
    0x0800b314   0x0800b314   0x00000010   Data   RO          489    .constdata          system_stm32h7xx.o
    0x0800b324   0x0800b324   0x00000018   Data   RO         2288    .constdata          stm32h7xx_hal_uart.o
    0x0800b33c   0x0800b33c   0x00002f80   Data   RO         6202    .constdata          lcd.o
    0x0800e2bc   0x0800e2bc   0x00001dc4   Data   RO         6545    .constdata          mipi_lcd.o
    0x08010080   0x08010080   0x00000004   Data   RO         6888    .constdata          touch.o
    0x08010084   0x08010084   0x00000014   Data   RO         6986    .constdata          gt9xxx.o
    0x08010098   0x08010098   0x0000000a   Data   RO         7045    .constdata          ft5206.o
    0x080100a2   0x080100a2   0x00000028   Data   RO         7108    .constdata          c_w.l(_printf_hex_int.o)
    0x080100ca   0x080100ca   0x00000011   Data   RO         7138    .constdata          c_w.l(__printf_flags_wp.o)
    0x080100db   0x080100db   0x00000001   PAD
    0x080100dc   0x080100dc   0x00000094   Data   RO         7209    .constdata          c_w.l(bigflt0.o)
    0x08010170   0x08010170   0x00000079   Data   RO         6889    .conststring        touch.o
    0x080101e9   0x080101e9   0x00000003   PAD
    0x080101ec   0x080101ec   0x00000020   Data   RO         7379    Region$$Table       anon$$obj.o
    0x0801020c   0x0801020c   0x0000001c   Data   RO         7237    locale$$data        c_w.l(lc_numeric_c.o)


    Execution Region RW_IRAM2 (Exec base: 0x24000000, Load base: 0x08010228, Size: 0x00001268, Max: 0x00080000, ABSOLUTE, COMPRESSED[0x0000033c])

    Exec Addr    Load Addr    Size         Type   Attr      Idx    E Section Name        Object

    0x24000000   COMPRESSED   0x00000008   Data   RW          490    .data               system_stm32h7xx.o
    0x24000008   COMPRESSED   0x00000004   Data   RW          533    .data               delay.o
    0x2400000c   COMPRESSED   0x00000007   Data   RW          661    .data               usart.o
    0x24000013   COMPRESSED   0x00000001   PAD
    0x24000014   COMPRESSED   0x00000009   Data   RW          790    .data               stm32h7xx_hal.o
    0x2400001d   COMPRESSED   0x00000003   PAD
    0x24000020   COMPRESSED   0x00000010   Data   RW         6203    .data               lcd.o
    0x24000030   COMPRESSED   0x00000008   Data   RW         6381    .data               ltdc.o
    0x24000038   COMPRESSED   0x000004a0   Data   RW         6546    .data               mipi_lcd.o
    0x240004d8   COMPRESSED   0x00000001   Data   RW         6641    .data               key.o
    0x240004d9   COMPRESSED   0x00000003   PAD
    0x240004dc   COMPRESSED   0x00000048   Data   RW         6890    .data               touch.o
    0x24000524   COMPRESSED   0x00000002   Data   RW         6987    .data               gt9xxx.o
    0x24000526   COMPRESSED   0x00000001   Data   RW         7046    .data               ft5206.o
    0x24000527   COMPRESSED   0x00000001   PAD
    0x24000528        -       0x0000015c   Zero   RW          660    .bss                usart.o
    0x24000684        -       0x00000034   Zero   RW         6123    .bss                sdram.o
    0x240006b8        -       0x00000134   Zero   RW         6380    .bss                ltdc.o
    0x240007ec        -       0x0000001c   Zero   RW         6544    .bss                mipi_lcd.o
    0x24000808        -       0x00000060   Zero   RW         7246    .bss                c_w.l(libspace.o)
    0x24000868        -       0x00000200   Zero   RW            2    HEAP                startup_stm32h747xx.o
    0x24000a68        -       0x00000800   Zero   RW            1    STACK               startup_stm32h747xx.o



  Load Region LR$$.ARM.__AT_0xD0000000 (Base: 0xd0000000, Size: 0x00000000, Max: 0x003f4800, ABSOLUTE)

    Execution Region ER$$.ARM.__AT_0xD0000000 (Exec base: 0xd0000000, Load base: 0xd0000000, Size: 0x003f4800, Max: 0x003f4800, ABSOLUTE, UNINIT)

    Exec Addr    Load Addr    Size         Type   Attr      Idx    E Section Name        Object

    0xd0000000        -       0x003f4800   Zero   RW         6379    .ARM.__AT_0xD0000000  ltdc.o


==============================================================================

Image component sizes


      Code (inc. data)   RO Data    RW Data    ZI Data      Debug   Object Name

       236          0          0          0          0       4447   24cxx.o
       742         40          0          0          0       7086   ctiic.o
       114         10          0          4          0       3299   delay.o
       906         38         10          1          0       4893   ft5206.o
      1350         76         20          2          0       5091   gt9xxx.o
       260         18          0          1          0       2122   key.o
      1336         88      12160         16          0      13652   lcd.o
       144         14          0          0          0       1255   led.o
      2530        142          0          8    4147508      13854   ltdc.o
      1016        106         40          0          0    1560135   main.o
      1200         88       7620       1184         28       7580   mipi_lcd.o
       442         58          0          0          0      38480   mpu.o
       738         38          0          0          0       6998   myiic.o
       626         48          0          0         52       4591   sdram.o
        72         30        664          0       2560       1092   startup_stm32h747xx.o
       254         54          0          9          0      33259   stm32h7xx_hal.o
       510         40          0          0          0      44057   stm32h7xx_hal_cortex.o
      2164         34          0          0          0       4723   stm32h7xx_hal_dma.o
      2010          8          0          0          0      11001   stm32h7xx_hal_dsi.o
       556         52          0          0          0       4344   stm32h7xx_hal_gpio.o
       992          0          0          0          0       5693   stm32h7xx_hal_ltdc.o
        20          6          0          0          0        741   stm32h7xx_hal_pwr_ex.o
      3640        114          0          0          0       8092   stm32h7xx_hal_rcc.o
      5384        118          0          0          0       8513   stm32h7xx_hal_rcc_ex.o
       212          4          0          0          0       3480   stm32h7xx_hal_sdram.o
      5562        202         24          0          0      40838   stm32h7xx_hal_uart.o
         6          0          0          0          0       2897   stm32h7xx_hal_uart_ex.o
        28          0          0          0          0       5030   stm32h7xx_it.o
       314          4          0          0          0       5056   stm32h7xx_ll_fmc.o
       668         22          0          0          0      38797   sys.o
       336         46         16          8          0       2761   system_stm32h7xx.o
      1910         40          0          0          0       5165   tft_spi.o
      2940        166        125         72          0      14798   touch.o
       452         58          0          7        348       6909   usart.o

    ----------------------------------------------------------------------
     39710       1762      20714       1320    4150496    1920729   Object Totals
         0          0         32          0          0          0   (incl. Generated)
        40          0          3          8          0          0   (incl. Padding)

    ----------------------------------------------------------------------

      Code (inc. data)   RO Data    RW Data    ZI Data      Debug   Library Member Name

        90          0          0          0          0          0   __dczerorl2.o
         8          0          0          0          0         68   __main.o
       312          4         17          0          0         92   __printf_flags_wp.o
        14          0          0          0          0         68   __printf_wp.o
         0          0          0          0          0          0   __rtentry.o
        12          0          0          0          0          0   __rtentry2.o
         6          0          0          0          0          0   __rtentry4.o
        52          8          0          0          0          0   __scatter.o
        28          0          0          0          0          0   __scatter_zi.o
        44          0          0          0          0        108   _printf_char.o
        48          6          0          0          0         96   _printf_char_common.o
        36          4          0          0          0         80   _printf_char_file.o
         6          0          0          0          0          0   _printf_d.o
       120         16          0          0          0         92   _printf_dec.o
         6          0          0          0          0          0   _printf_f.o
      1054          0          0          0          0        216   _printf_fp_dec.o
       128         16          0          0          0         84   _printf_fp_infnan.o
        88          4         40          0          0         88   _printf_hex_int.o
       178          0          0          0          0         88   _printf_intcommon.o
         0          0          0          0          0          0   _printf_percent.o
         4          0          0          0          0          0   _printf_percent_end.o
         6          0          0          0          0          0   _printf_s.o
        82          0          0          0          0         80   _printf_str.o
         6          0          0          0          0          0   _printf_x.o
        10          0          0          0          0         68   _sputc.o
       228          4        148          0          0         96   bigflt0.o
      1936        128          0          0          0        672   btod.o
        18          0          0          0          0         80   exit.o
         8          0          0          0          0         68   ferror.o
         6          0          0          0          0        152   heapauxi.o
        44         10         28          0          0         76   lc_numeric_c.o
         2          0          0          0          0          0   libinit.o
        22          0          0          0          0          0   libinit2.o
         2          0          0          0          0          0   libshutdown.o
         2          0          0          0          0          0   libshutdown2.o
         8          4          0          0         96         68   libspace.o
       138          0          0          0          0         80   lludiv10.o
       238          0          0          0          0        100   lludivv7m.o
        24          4          0          0          0         84   noretval__2printf.o
        40          6          0          0          0         84   noretval__2sprintf.o
         8          4          0          0          0         68   rt_locale_intlibspace.o
       100          0          0          0          0         80   rt_memcpy_w.o
         2          0          0          0          0          0   rtexit.o
        10          0          0          0          0          0   rtexit2.o
       104          0          0          0          0         68   strcmpv7m_pel.o
        74          0          0          0          0         80   sys_stackheap_outer.o
         2          0          0          0          0         68   use_no_semi.o
         2          0          0          0          0         68   use_no_semi_2.o
        10          0          0          0          0        116   fpinit.o
         4          0          0          0          0        116   printf1.o
         0          0          0          0          0          0   usenofp.o
        48          0          0          0          0        124   fpclassify.o

    ----------------------------------------------------------------------
      5430        218        234          0         96       3576   Library Totals
        12          0          1          0          0          0   (incl. Padding)

    ----------------------------------------------------------------------

      Code (inc. data)   RO Data    RW Data    ZI Data      Debug   Library Name

      5356        218        233          0         96       3220   c_w.l
        14          0          0          0          0        232   fz_wv.l
        48          0          0          0          0        124   m_wv.l

    ----------------------------------------------------------------------
      5430        218        234          0         96       3576   Library Totals

    ----------------------------------------------------------------------

==============================================================================


      Code (inc. data)   RO Data    RW Data    ZI Data      Debug   

     45140       1980      20948       1320    4150592    1903937   Grand Totals
     45140       1980      20948        828    4150592    1903937   ELF Image Totals (compressed)
     45140       1980      20948        828          0          0   ROM Totals

==============================================================================

    Total RO  Size (Code + RO Data)                66088 (  64.54kB)
    Total RW  Size (RW Data + ZI Data)           4151912 (4054.60kB)
    Total ROM Size (Code + RO Data + RW Data)      66916 (  65.35kB)

==============================================================================

