Component: ARM Compiler 5.06 update 7 (build 960) Tool: armlink [4d3601]

==============================================================================

Section Cross References

    startup_stm32h747xx.o(STACK) refers (Special) to heapauxi.o(.text) for __use_two_region_memory
    startup_stm32h747xx.o(HEAP) refers (Special) to heapauxi.o(.text) for __use_two_region_memory
    startup_stm32h747xx.o(RESET) refers (Special) to heapauxi.o(.text) for __use_two_region_memory
    startup_stm32h747xx.o(RESET) refers to startup_stm32h747xx.o(STACK) for __initial_sp
    startup_stm32h747xx.o(RESET) refers to startup_stm32h747xx.o(.text) for Reset_Handler
    startup_stm32h747xx.o(RESET) refers to stm32h7xx_it.o(i.NMI_Handler) for NMI_Handler
    startup_stm32h747xx.o(RESET) refers to stm32h7xx_it.o(i.HardFault_Handler) for HardFault_Handler
    startup_stm32h747xx.o(RESET) refers to mpu.o(i.MemManage_Handler) for MemManage_Handler
    startup_stm32h747xx.o(RESET) refers to stm32h7xx_it.o(i.BusFault_Handler) for BusFault_Handler
    startup_stm32h747xx.o(RESET) refers to stm32h7xx_it.o(i.UsageFault_Handler) for UsageFault_Handler
    startup_stm32h747xx.o(RESET) refers to stm32h7xx_it.o(i.SVC_Handler) for SVC_Handler
    startup_stm32h747xx.o(RESET) refers to stm32h7xx_it.o(i.DebugMon_Handler) for DebugMon_Handler
    startup_stm32h747xx.o(RESET) refers to stm32h7xx_it.o(i.PendSV_Handler) for PendSV_Handler
    startup_stm32h747xx.o(RESET) refers to stm32h7xx_it.o(i.SysTick_Handler) for SysTick_Handler
    startup_stm32h747xx.o(RESET) refers to usart.o(i.USART1_IRQHandler) for USART1_IRQHandler
    startup_stm32h747xx.o(.text) refers (Special) to heapauxi.o(.text) for __use_two_region_memory
    startup_stm32h747xx.o(.text) refers to system_stm32h7xx.o(i.ExitRun0Mode) for ExitRun0Mode
    startup_stm32h747xx.o(.text) refers to system_stm32h7xx.o(i.SystemInit) for SystemInit
    startup_stm32h747xx.o(.text) refers to __main.o(!!!main) for __main
    startup_stm32h747xx.o(.text) refers to startup_stm32h747xx.o(HEAP) for Heap_Mem
    startup_stm32h747xx.o(.text) refers to startup_stm32h747xx.o(STACK) for Stack_Mem
    main.o(i.main) refers to _printf_pad.o(.text) for _printf_pre_padding
    main.o(i.main) refers to _printf_percent.o(.ARM.Collect$$_printf_percent$$00000000) for _printf_percent
    main.o(i.main) refers to _printf_x.o(.ARM.Collect$$_printf_percent$$0000000C) for _printf_x
    main.o(i.main) refers to _printf_hex_int.o(.text) for _printf_longlong_hex
    main.o(i.main) refers to sys.o(i.sys_cache_enable) for sys_cache_enable
    main.o(i.main) refers to stm32h7xx_hal.o(i.HAL_Init) for HAL_Init
    main.o(i.main) refers to sys.o(i.sys_stm32_clock_init) for sys_stm32_clock_init
    main.o(i.main) refers to delay.o(i.delay_init) for delay_init
    main.o(i.main) refers to usart.o(i.usart_init) for usart_init
    main.o(i.main) refers to led.o(i.led_init) for led_init
    main.o(i.main) refers to mpu.o(i.mpu_memory_protection) for mpu_memory_protection
    main.o(i.main) refers to sdram.o(i.sdram_init) for sdram_init
    main.o(i.main) refers to lcd.o(i.lcd_init) for lcd_init
    main.o(i.main) refers to noretval__2sprintf.o(.text) for __2sprintf
    main.o(i.main) refers to lcd.o(i.lcd_clear) for lcd_clear
    main.o(i.main) refers to lcd.o(i.lcd_show_string) for lcd_show_string
    main.o(i.main) refers to stm32h7xx_hal_gpio.o(i.HAL_GPIO_TogglePin) for HAL_GPIO_TogglePin
    main.o(i.main) refers to delay.o(i.delay_ms) for delay_ms
    main.o(i.main) refers to lcd.o(.data) for lcddev
    stm32h7xx_it.o(i.SysTick_Handler) refers to stm32h7xx_hal.o(i.HAL_IncTick) for HAL_IncTick
    system_stm32h7xx.o(i.SystemCoreClockUpdate) refers to system_stm32h7xx.o(.constdata) for D1CorePrescTable
    system_stm32h7xx.o(i.SystemCoreClockUpdate) refers to system_stm32h7xx.o(.data) for SystemD2Clock
    delay.o(i.HAL_Delay) refers to delay.o(i.delay_ms) for delay_ms
    delay.o(i.delay_init) refers to delay.o(.data) for g_fac_us
    delay.o(i.delay_ms) refers to delay.o(i.delay_us) for delay_us
    delay.o(i.delay_us) refers to delay.o(.data) for g_fac_us
    sys.o(i.sys_stm32_clock_init) refers to stm32h7xx_hal_rcc.o(i.HAL_RCC_OscConfig) for HAL_RCC_OscConfig
    sys.o(i.sys_stm32_clock_init) refers to stm32h7xx_hal_rcc.o(i.HAL_RCC_ClockConfig) for HAL_RCC_ClockConfig
    sys.o(i.sys_stm32_clock_init) refers to stm32h7xx_hal_rcc_ex.o(i.HAL_RCCEx_PeriphCLKConfig) for HAL_RCCEx_PeriphCLKConfig
    sys.o(i.sys_stm32_clock_init) refers to stm32h7xx_hal_pwr_ex.o(i.HAL_PWREx_EnableUSBVoltageDetector) for HAL_PWREx_EnableUSBVoltageDetector
    sys.o(i.sys_stm32_clock_init) refers to stm32h7xx_hal.o(i.HAL_EnableCompensationCell) for HAL_EnableCompensationCell
    usart.o(.rev16_text) refers (Special) to use_no_semi_2.o(.text) for __use_no_semihosting
    usart.o(.revsh_text) refers (Special) to use_no_semi_2.o(.text) for __use_no_semihosting
[...]
    .text                                    0x08000508   Section        0  _printf_hex_int.o(.text)
    .text                                    0x08000560   Section        0  __printf_flags_wp.o(.text)
    .text                                    0x08000698   Section      100  rt_memcpy_w.o(.text)
    .text                                    0x080006fc   Section        0  heapauxi.o(.text)
    .text                                    0x08000702   Section        2  use_no_semi.o(.text)
    .text                                    0x08000704   Section        0  _printf_intcommon.o(.text)
    .text                                    0x080007b8   Section        0  _printf_char_common.o(.text)
    _printf_input_char                       0x080007b9   Thumb Code    10  _printf_char_common.o(.text)
    .text                                    0x080007e8   Section        0  _sputc.o(.text)
    .text                                    0x080007f4   Section        0  _printf_char_file.o(.text)
    .text                                    0x08000818   Section        0  ferror.o(.text)
    .text                                    0x08000820   Section       74  sys_stackheap_outer.o(.text)
    .text                                    0x0800086a   Section        0  exit.o(.text)
    .text                                    0x0800087c   Section        8  libspace.o(.text)
    i.BusFault_Handler                       0x08000884   Section        0  stm32h7xx_it.o(i.BusFault_Handler)
    i.DebugMon_Handler                       0x08000888   Section        0  stm32h7xx_it.o(i.DebugMon_Handler)
    i.ExitRun0Mode                           0x0800088c   Section        0  system_stm32h7xx.o(i.ExitRun0Mode)
    i.FMC_SDRAM_Init                         0x080008b4   Section        0  stm32h7xx_ll_fmc.o(i.FMC_SDRAM_Init)
    i.FMC_SDRAM_ProgramRefreshRate           0x08000920   Section        0  stm32h7xx_ll_fmc.o(i.FMC_SDRAM_ProgramRefreshRate)
    i.FMC_SDRAM_SendCommand                  0x08000934   Section        0  stm32h7xx_ll_fmc.o(i.FMC_SDRAM_SendCommand)
    i.FMC_SDRAM_Timing_Init                  0x0800095c   Section        0  stm32h7xx_ll_fmc.o(i.FMC_SDRAM_Timing_Init)
    i.HAL_DMA_Abort                          0x080009f0   Section        0  stm32h7xx_hal_dma.o(i.HAL_DMA_Abort)
    i.HAL_DMA_Abort_IT                       0x08000ecc   Section        0  stm32h7xx_hal_dma.o(i.HAL_DMA_Abort_IT)
    i.HAL_EnableCompensationCell             0x08001264   Section        0  stm32h7xx_hal.o(i.HAL_EnableCompensationCell)
    i.HAL_GPIO_Init                          0x08001278   Section        0  stm32h7xx_hal_gpio.o(i.HAL_GPIO_Init)
    i.HAL_GPIO_ReadPin                       0x08001474   Section        0  stm32h7xx_hal_gpio.o(i.HAL_GPIO_ReadPin)
    i.HAL_GPIO_TogglePin                     0x08001484   Section        0  stm32h7xx_hal_gpio.o(i.HAL_GPIO_TogglePin)
    i.HAL_GPIO_WritePin                      0x08001498   Section        0  stm32h7xx_hal_gpio.o(i.HAL_GPIO_WritePin)
    i.HAL_GetREVID                           0x080014a4   Section        0  stm32h7xx_hal.o(i.HAL_GetREVID)
    i.HAL_GetTick                            0x080014b0   Section        0  stm32h7xx_hal.o(i.HAL_GetTick)
    i.HAL_IncTick                            0x080014bc   Section        0  stm32h7xx_hal.o(i.HAL_IncTick)
    i.HAL_Init                               0x080014d4   Section        0  stm32h7xx_hal.o(i.HAL_Init)
    i.HAL_InitTick                           0x08001534   Section        0  stm32h7xx_hal.o(i.HAL_InitTick)
    i.HAL_LTDC_ConfigLayer                   0x0800158c   Section        0  stm32h7xx_hal_ltdc.o(i.HAL_LTDC_ConfigLayer)
    i.HAL_LTDC_Init                          0x080015ea   Section        0  stm32h7xx_hal_ltdc.o(i.HAL_LTDC_Init)
    i.HAL_LTDC_MspInit                       0x080016b4   Section        0  ltdc.o(i.HAL_LTDC_MspInit)
    i.HAL_LTDC_SetWindowPosition             0x080018b4   Section        0  stm32h7xx_hal_ltdc.o(i.HAL_LTDC_SetWindowPosition)
    i.HAL_LTDC_SetWindowSize                 0x08001920   Section        0  stm32h7xx_hal_ltdc.o(i.HAL_LTDC_SetWindowSize)
    i.HAL_MPU_ConfigRegion                   0x0800198c   Section        0  stm32h7xx_hal_cortex.o(i.HAL_MPU_ConfigRegion)
    i.HAL_MPU_Disable                        0x080019e8   Section        0  stm32h7xx_hal_cortex.o(i.HAL_MPU_Disable)
    i.HAL_MPU_Enable                         0x08001a14   Section        0  stm32h7xx_hal_cortex.o(i.HAL_MPU_Enable)
    i.HAL_MspInit                            0x08001a54   Section        0  stm32h7xx_hal.o(i.HAL_MspInit)
    i.HAL_NVIC_EnableIRQ                     0x08001a56   Section        0  stm32h7xx_hal_cortex.o(i.HAL_NVIC_EnableIRQ)
    i.HAL_NVIC_SetPriority                   0x08001a7e   Section        0  stm32h7xx_hal_cortex.o(i.HAL_NVIC_SetPriority)
    i.HAL_NVIC_SetPriorityGrouping           0x08001af8   Section        0  stm32h7xx_hal_cortex.o(i.HAL_NVIC_SetPriorityGrouping)
    i.HAL_PWREx_EnableUSBVoltageDetector     0x08001b20   Section        0  stm32h7xx_hal_pwr_ex.o(i.HAL_PWREx_EnableUSBVoltageDetector)
    i.HAL_RCCEx_GetD3PCLK1Freq               0x08001b34   Section        0  stm32h7xx_hal_rcc_ex.o(i.HAL_RCCEx_GetD3PCLK1Freq)
    i.HAL_RCCEx_GetPLL2ClockFreq             0x08001b58   Section        0  stm32h7xx_hal_rcc_ex.o(i.HAL_RCCEx_GetPLL2ClockFreq)
    i.HAL_RCCEx_GetPLL3ClockFreq             0x08001d88   Section        0  stm32h7xx_hal_rcc_ex.o(i.HAL_RCCEx_GetPLL3ClockFreq)
    i.HAL_RCCEx_PeriphCLKConfig              0x08001fb8   Section        0  stm32h7xx_hal_rcc_ex.o(i.HAL_RCCEx_PeriphCLKConfig)
    i.HAL_RCC_ClockConfig                    0x08002d74   Section        0  stm32h7xx_hal_rcc.o(i.HAL_RCC_ClockConfig)
    i.HAL_RCC_GetHCLKFreq                    0x08003094   Section        0  stm32h7xx_hal_rcc.o(i.HAL_RCC_GetHCLKFreq)
    i.HAL_RCC_GetPCLK1Freq                   0x080030e0   Section        0  stm32h7xx_hal_rcc.o(i.HAL_RCC_GetPCLK1Freq)
    i.HAL_RCC_GetPCLK2Freq                   0x08003104   Section        0  stm32h7xx_hal_rcc.o(i.HAL_RCC_GetPCLK2Freq)
    i.HAL_RCC_GetSysClockFreq                0x08003128   Section        0  stm32h7xx_hal_rcc.o(i.HAL_RCC_GetSysClockFreq)
    i.HAL_RCC_OscConfig                      0x08003354   Section        0  stm32h7xx_hal_rcc.o(i.HAL_RCC_OscConfig)
    i.HAL_SDRAM_Init                         0x08003bac   Section        0  stm32h7xx_hal_sdram.o(i.HAL_SDRAM_Init)
    i.HAL_SDRAM_MspInit                      0x08003bfc   Section        0  sdram.o(i.HAL_SDRAM_MspInit)
    i.HAL_SDRAM_ProgramRefreshRate           0x08003d70   Section        0  stm32h7xx_hal_sdram.o(i.HAL_SDRAM_ProgramRefreshRate)
    i.HAL_SDRAM_SendCommand                  0x08003da6   Section        0  stm32h7xx_hal_sdram.o(i.HAL_SDRAM_SendCommand)
    i.HAL_SYSTICK_Config                     0x08003df4   Section        0  stm32h7xx_hal_cortex.o(i.HAL_SYSTICK_Config)
    i.HAL_UARTEx_RxEventCallback             0x08003e28   Section        0  stm32h7xx_hal_uart.o(i.HAL_UARTEx_RxEventCallback)
    i.HAL_UARTEx_RxFifoFullCallback          0x08003e2a   Section        0  stm32h7xx_hal_uart_ex.o(i.HAL_UARTEx_RxFifoFullCallback)
    i.HAL_UARTEx_TxFifoEmptyCallback         0x08003e2c   Section        0  stm32h7xx_hal_uart_ex.o(i.HAL_UARTEx_TxFifoEmptyCallback)
    i.HAL_UARTEx_WakeupCallback              0x08003e2e   Section        0  stm32h7xx_hal_uart_ex.o(i.HAL_UARTEx_WakeupCallback)
    i.HAL_UART_ErrorCallback                 0x08003e30   Section        0  stm32h7xx_hal_uart.o(i.HAL_UART_ErrorCallback)
    i.HAL_UART_IRQHandler                    0x08003e34   Section        0  stm32h7xx_hal_uart.o(i.HAL_UART_IRQHandler)
    i.HAL_UART_Init                          0x080042ea   Section        0  stm32h7xx_hal_uart.o(i.HAL_UART_Init)
    i.HAL_UART_MspInit                       0x08004364   Section        0  usart.o(i.HAL_UART_MspInit)
    i.HAL_UART_Receive_IT                    0x08004424   Section        0  stm32h7xx_hal_uart.o(i.HAL_UART_Receive_IT)
    i.HAL_UART_RxCpltCallback                0x08004480   Section        0  usart.o(i.HAL_UART_RxCpltCallback)
    i.HAL_UART_TxCpltCallback                0x0800451c   Section        0  stm32h7xx_hal_uart.o(i.HAL_UART_TxCpltCallback)
    i.HardFault_Handler                      0x0800451e   Section        0  stm32h7xx_it.o(i.HardFault_Handler)
    i.LTDC_SetConfig                         0x08004522   Section        0  stm32h7xx_hal_ltdc.o(i.LTDC_SetConfig)
    LTDC_SetConfig                           0x08004523   Thumb Code   480  stm32h7xx_hal_ltdc.o(i.LTDC_SetConfig)
    i.MemManage_Handler                      0x08004704   Section        0  mpu.o(i.MemManage_Handler)
    i.NMI_Handler                            0x080047a4   Section        0  stm32h7xx_it.o(i.NMI_Handler)
    i.PendSV_Handler                         0x080047a6   Section        0  stm32h7xx_it.o(i.PendSV_Handler)
    i.RCCEx_PLL2_Config                      0x080047a8   Section        0  stm32h7xx_hal_rcc_ex.o(i.RCCEx_PLL2_Config)
    RCCEx_PLL2_Config                        0x080047a9   Thumb Code   350  stm32h7xx_hal_rcc_ex.o(i.RCCEx_PLL2_Config)
    i.RCCEx_PLL3_Config                      0x0800490c   Section        0  stm32h7xx_hal_rcc_ex.o(i.RCCEx_PLL3_Config)
    RCCEx_PLL3_Config                        0x0800490d   Thumb Code   350  stm32h7xx_hal_rcc_ex.o(i.RCCEx_PLL3_Config)
    i.SVC_Handler                            0x08004a70   Section        0  stm32h7xx_it.o(i.SVC_Handler)
    i.SysTick_Handler                        0x08004a72   Section        0  stm32h7xx_it.o(i.SysTick_Handler)
    i.SystemInit                             0x08004a7c   Section        0  system_stm32h7xx.o(i.SystemInit)
    i.UART_AdvFeatureConfig                  0x08004ba4   Section        0  stm32h7xx_hal_uart.o(i.UART_AdvFeatureConfig)
    i.UART_CheckIdleState                    0x08004c9c   Section        0  stm32h7xx_hal_uart.o(i.UART_CheckIdleState)
    i.UART_DMAAbortOnError                   0x08004d86   Section        0  stm32h7xx_hal_uart.o(i.UART_DMAAbortOnError)
    UART_DMAAbortOnError                     0x08004d87   Thumb Code    20  stm32h7xx_hal_uart.o(i.UART_DMAAbortOnError)
    i.UART_EndRxTransfer                     0x08004d9c   Section        0  stm32h7xx_hal_uart.o(i.UART_EndRxTransfer)
    UART_EndRxTransfer                       0x08004d9d   Thumb Code   104  stm32h7xx_hal_uart.o(i.UART_EndRxTransfer)
    i.UART_EndTransmit_IT                    0x08004e08   Section        0  stm32h7xx_hal_uart.o(i.UART_EndTransmit_IT)
    UART_EndTransmit_IT                      0x08004e09   Thumb Code    48  stm32h7xx_hal_uart.o(i.UART_EndTransmit_IT)
    i.UART_RxISR_16BIT                       0x08004e38   Section        0  stm32h7xx_hal_uart.o(i.UART_RxISR_16BIT)
    UART_RxISR_16BIT                         0x08004e39   Thumb Code   256  stm32h7xx_hal_uart.o(i.UART_RxISR_16BIT)
    i.UART_RxISR_16BIT_FIFOEN                0x08004f3c   Section        0  stm32h7xx_hal_uart.o(i.UART_RxISR_16BIT_FIFOEN)
    UART_RxISR_16BIT_FIFOEN                  0x08004f3d   Thumb Code   498  stm32h7xx_hal_uart.o(i.UART_RxISR_16BIT_FIFOEN)
    i.UART_RxISR_8BIT                        0x0800513c   Section        0  stm32h7xx_hal_uart.o(i.UART_RxISR_8BIT)
    UART_RxISR_8BIT                          0x0800513d   Thumb Code   254  stm32h7xx_hal_uart.o(i.UART_RxISR_8BIT)
    i.UART_RxISR_8BIT_FIFOEN                 0x08005240   Section        0  stm32h7xx_hal_uart.o(i.UART_RxISR_8BIT_FIFOEN)
    UART_RxISR_8BIT_FIFOEN                   0x08005241   Thumb Code   496  stm32h7xx_hal_uart.o(i.UART_RxISR_8BIT_FIFOEN)
    i.UART_SetConfig                         0x0800543c   Section        0  stm32h7xx_hal_uart.o(i.UART_SetConfig)
    i.UART_Start_Receive_IT                  0x080059c8   Section        0  stm32h7xx_hal_uart.o(i.UART_Start_Receive_IT)
    i.UART_WaitOnFlagUntilTimeout            0x08005b24   Section        0  stm32h7xx_hal_uart.o(i.UART_WaitOnFlagUntilTimeout)
    i.USART1_IRQHandler                      0x08005bd0   Section        0  usart.o(i.USART1_IRQHandler)
    i.UsageFault_Handler                     0x08005be0   Section        0  stm32h7xx_it.o(i.UsageFault_Handler)
    i.__NVIC_GetPriorityGrouping             0x08005be4   Section        0  stm32h7xx_hal_cortex.o(i.__NVIC_GetPriorityGrouping)
    __NVIC_GetPriorityGrouping               0x08005be5   Thumb Code    10  stm32h7xx_hal_cortex.o(i.__NVIC_GetPriorityGrouping)
    i.__NVIC_SetPriority                     0x08005bf4   Section        0  stm32h7xx_hal_cortex.o(i.__NVIC_SetPriority)
    __NVIC_SetPriority                       0x08005bf5   Thumb Code    32  stm32h7xx_hal_cortex.o(i.__NVIC_SetPriority)
    i._is_digit                              0x08005c1c   Section        0  __printf_wp.o(i._is_digit)
    i._sys_exit                              0x08005c2a   Section        0  usart.o(i._sys_exit)
    i.delay_init                             0x08005c30   Section        0  delay.o(i.delay_init)
    i.delay_ms                               0x08005c3c   Section        0  delay.o(i.delay_ms)
    i.delay_us                               0x08005c50   Section        0  delay.o(i.delay_us)
    i.fputc                                  0x08005c98   Section        0  usart.o(i.fputc)
    i.lcd_clear                              0x08005cb4   Section        0  lcd.o(i.lcd_clear)
    i.lcd_display_dir                        0x08005ccc   Section        0  lcd.o(i.lcd_display_dir)
    i.lcd_draw_point                         0x08005cfc   Section        0  lcd.o(i.lcd_draw_point)
    i.lcd_init                               0x08005d1c   Section        0  lcd.o(i.lcd_init)
    i.lcd_show_char                          0x08005dd0   Section        0  lcd.o(i.lcd_show_char)
    i.lcd_show_string                        0x08005f10   Section        0  lcd.o(i.lcd_show_string)
    i.led_init                               0x08005f7c   Section        0  led.o(i.led_init)
    i.ltdc_clear                             0x0800600c   Section        0  ltdc.o(i.ltdc_clear)
    i.ltdc_clk_set                           0x08006030   Section        0  ltdc.o(i.ltdc_clk_set)
    i.ltdc_display_dir                       0x08006064   Section        0  ltdc.o(i.ltdc_display_dir)
    i.ltdc_draw_point                        0x08006090   Section        0  ltdc.o(i.ltdc_draw_point)
    i.ltdc_fill                              0x080060e0   Section        0  ltdc.o(i.ltdc_fill)
    i.ltdc_init                              0x08006274   Section        0  ltdc.o(i.ltdc_init)
    i.ltdc_layer_parameter_config            0x080065f8   Section        0  ltdc.o(i.ltdc_layer_parameter_config)
    i.ltdc_layer_window_config               0x08006670   Section        0  ltdc.o(i.ltdc_layer_window_config)
    i.ltdc_panelid_read                      0x080066c4   Section        0  ltdc.o(i.ltdc_panelid_read)
    i.ltdc_select_layer                      0x08006794   Section        0  ltdc.o(i.ltdc_select_layer)
    i.main                                   0x080067a0   Section        0  main.o(i.main)
    i.mpu_memory_protection                  0x08006938   Section        0  mpu.o(i.mpu_memory_protection)
    i.mpu_set_protection                     0x080069f4   Section        0  mpu.o(i.mpu_set_protection)
    i.sdram_init                             0x08006a54   Section        0  sdram.o(i.sdram_init)
    i.sdram_initialization_sequence          0x08006ac8   Section        0  sdram.o(i.sdram_initialization_sequence)
    i.sdram_send_cmd                         0x08006b0c   Section        0  sdram.o(i.sdram_send_cmd)
    i.sys_cache_enable                       0x08006b54   Section        0  sys.o(i.sys_cache_enable)
    i.sys_stm32_clock_init                   0x08006c94   Section        0  sys.o(i.sys_stm32_clock_init)
    i.tft_spi_init                           0x08006df0   Section        0  tft_spi.o(i.tft_spi_init)
    i.tft_spi_write_byte                     0x0800741c   Section        0  tft_spi.o(i.tft_spi_write_byte)
    i.tft_spi_write_cmd                      0x08007488   Section        0  tft_spi.o(i.tft_spi_write_cmd)
    i.tft_spi_write_data                     0x080074f0   Section        0  tft_spi.o(i.tft_spi_write_data)
    i.tft_spi_write_reg                      0x08007554   Section        0  tft_spi.o(i.tft_spi_write_reg)
    i.usart_init                             0x08007568   Section        0  usart.o(i.usart_init)
    x$fpl$fpinit                             0x080075a0   Section       10  fpinit.o(x$fpl$fpinit)
    $v0                                      0x080075a0   Number         0  fpinit.o(x$fpl$fpinit)
    .constdata                               0x080075aa   Section       16  system_stm32h7xx.o(.constdata)
    .constdata                               0x080075ba   Section       24  stm32h7xx_hal_uart.o(.constdata)
    .constdata                               0x080075d2   Section    12160  lcd.o(.constdata)
    .constdata                               0x0800a552   Section       40  _printf_hex_int.o(.constdata)
    uc_hextab                                0x0800a552   Data          20  _printf_hex_int.o(.constdata)
    lc_hextab                                0x0800a566   Data          20  _printf_hex_int.o(.constdata)
    .constdata                               0x0800a57a   Section       17  __printf_flags_wp.o(.constdata)
    maptable                                 0x0800a57a   Data          17  __printf_flags_wp.o(.constdata)
    .data                                    0x24000000   Section        8  system_stm32h7xx.o(.data)
    .data                                    0x24000008   Section        4  delay.o(.data)
    g_fac_us                                 0x24000008   Data           4  delay.o(.data)
    .data                                    0x2400000c   Section        7  usart.o(.data)
    .data                                    0x24000014   Section        9  stm32h7xx_hal.o(.data)
    .data                                    0x24000020   Section       16  lcd.o(.data)
    .data                                    0x24000030   Section        8  ltdc.o(.data)
    .bss                                     0x24000038   Section      348  usart.o(.bss)
    .bss                                     0x24000194   Section       52  sdram.o(.bss)
    .bss                                     0x240001c8   Section      308  ltdc.o(.bss)
    .bss                                     0x240002fc   Section       96  libspace.o(.bss)
    HEAP                                     0x24000360   Section      512  startup_stm32h747xx.o(HEAP)
    Heap_Mem                                 0x24000360   Data         512  startup_stm32h747xx.o(HEAP)
    STACK                                    0x24000560   Section     2048  startup_stm32h747xx.o(STACK)
    Stack_Mem                                0x24000560   Data        2048  startup_stm32h747xx.o(STACK)
    __initial_sp                             0x24000d60   Data           0  startup_stm32h747xx.o(STACK)
    .ARM.__AT_0xD0000000                     0xd0000000   Section    2048000  ltdc.o(.ARM.__AT_0xD0000000)

    Global Symbols

    Symbol Name                              Value     Ov Type        Size  Object(Section)

    BuildAttributes$$THM_ISAv4$E$P$D$K$B$S$7EM$VFPv5_D16$PE$PLD8$A:L22UL41UL21$X:L11$S22US41US21$IEEE1$IW$USESV6$~STKCKD$USESV7$~SHL$OSPACE$ROPI$EBA8$UX$STANDARDLIB$REQ8$PRES8$EABIv2 0x00000000   Number         0  anon$$obj.o ABSOLUTE
    __ARM_use_no_argv                        0x00000000   Number         0  main.o ABSOLUTE
    _printf_flags                            0x00000000   Number         0  printf_stubs.o ABSOLUTE
    _printf_return_value                     0x00000000   Number         0  printf_stubs.o ABSOLUTE
    _printf_sizespec                         0x00000000   Number         0  printf_stubs.o ABSOLUTE
    _printf_widthprec                        0x00000000   Number         0  printf_stubs.o ABSOLUTE
    __ARM_exceptions_init                     - Undefined Weak Reference
    __alloca_initialize                       - Undefined Weak Reference
    __arm_fini_                               - Undefined Weak Reference
    __arm_preinit_                            - Undefined Weak Reference
    __cpp_initialize__aeabi_                  - Undefined Weak Reference
    __cxa_finalize                            - Undefined Weak Reference
    __rt_locale                               - Undefined Weak Reference
    __sigvec_lookup                           - Undefined Weak Reference
    _atexit_init                              - Undefined Weak Reference
    _call_atexit_fns                          - Undefined Weak Reference
    _clock_init                               - Undefined Weak Reference
    _fp_trap_init                             - Undefined Weak Reference
    _fp_trap_shutdown                         - Undefined Weak Reference
    _get_lc_collate                           - Undefined Weak Reference
    _get_lc_ctype                             - Undefined Weak Reference
    _get_lc_monetary                          - Undefined Weak Reference
    _get_lc_numeric                           - Undefined Weak Reference
    _get_lc_time                              - Undefined Weak Reference
    _getenv_init                              - Undefined Weak Reference
    _handle_redirection                       - Undefined Weak Reference
    _init_alloc                               - Undefined Weak Reference
    _init_user_alloc                          - Undefined Weak Reference
    _initio                                   - Undefined Weak Reference
    _mutex_acquire                            - Undefined Weak Reference
    _mutex_release                            - Undefined Weak Reference
    _printf_truncate_unsigned                 - Undefined Weak Reference
    _rand_init                                - Undefined Weak Reference
    _signal_finish                            - Undefined Weak Reference
    _signal_init                              - Undefined Weak Reference
    _terminate_alloc                          - Undefined Weak Reference
    _terminate_user_alloc                     - Undefined Weak Reference
    _terminateio                              - Undefined Weak Reference
    __Vectors_Size                           0x00000298   Number         0  startup_stm32h747xx.o ABSOLUTE
    __Vectors                                0x08000000   Data           4  startup_stm32h747xx.o(RESET)
    __Vectors_End                            0x08000298   Data           0  startup_stm32h747xx.o(RESET)
    __main                                   0x08000299   Thumb Code     8  __main.o(!!!main)
    __scatterload                            0x080002a1   Thumb Code     0  __scatter.o(!!!scatter)
    __scatterload_rt2                        0x080002a1   Thumb Code    44  __scatter.o(!!!scatter)
    __scatterload_rt2_thumb_only             0x080002a1   Thumb Code     0  __scatter.o(!!!scatter)
    __scatterload_null                       0x080002af   Thumb Code     0  __scatter.o(!!!scatter)
    __scatterload_copy                       0x080002d5   Thumb Code    26  __scatter_copy.o(!!handler_copy)
    __scatterload_zeroinit                   0x080002f1   Thumb Code    28  __scatter_zi.o(!!handler_zi)
    _printf_percent                          0x0800030d   Thumb Code     0  _printf_percent.o(.ARM.Collect$$_printf_percent$$00000000)
    _printf_x                                0x0800030d   Thumb Code     0  _printf_x.o(.ARM.Collect$$_printf_percent$$0000000C)
    _printf_percent_end                      0x08000313   Thumb Code     0  _printf_percent_end.o(.ARM.Collect$$_printf_percent$$00000017)
    __rt_lib_init                            0x08000317   Thumb Code     0  libinit.o(.ARM.Collect$$libinit$$00000000)
    __rt_lib_init_fp_1                       0x08000319   Thumb Code     0  libinit2.o(.ARM.Collect$$libinit$$00000001)
    __rt_lib_init_alloca_1                   0x0800031d   Thumb Code     0  libinit2.o(.ARM.Collect$$libinit$$0000002E)
    __rt_lib_init_argv_1                     0x0800031d   Thumb Code     0  libinit2.o(.ARM.Collect$$libinit$$0000002C)
    __rt_lib_init_atexit_1                   0x0800031d   Thumb Code     0  libinit2.o(.ARM.Collect$$libinit$$0000001B)
    __rt_lib_init_clock_1                    0x0800031d   Thumb Code     0  libinit2.o(.ARM.Collect$$libinit$$00000021)
    __rt_lib_init_cpp_1                      0x0800031d   Thumb Code     0  libinit2.o(.ARM.Collect$$libinit$$00000032)
    __rt_lib_init_exceptions_1               0x0800031d   Thumb Code     0  libinit2.o(.ARM.Collect$$libinit$$00000030)
    __rt_lib_init_fp_trap_1                  0x0800031d   Thumb Code     0  libinit2.o(.ARM.Collect$$libinit$$0000001F)
    __rt_lib_init_getenv_1                   0x0800031d   Thumb Code     0  libinit2.o(.ARM.Collect$$libinit$$00000023)
    __rt_lib_init_heap_1                     0x0800031d   Thumb Code     0  libinit2.o(.ARM.Collect$$libinit$$0000000A)
    __rt_lib_init_lc_collate_1               0x0800031d   Thumb Code     0  libinit2.o(.ARM.Collect$$libinit$$00000011)
    __rt_lib_init_lc_ctype_1                 0x0800031d   Thumb Code     0  libinit2.o(.ARM.Collect$$libinit$$00000013)
    __rt_lib_init_lc_monetary_1              0x0800031d   Thumb Code     0  libinit2.o(.ARM.Collect$$libinit$$00000015)
    __rt_lib_init_lc_numeric_1               0x0800031d   Thumb Code     0  libinit2.o(.ARM.Collect$$libinit$$00000017)
    __rt_lib_init_lc_time_1                  0x0800031d   Thumb Code     0  libinit2.o(.ARM.Collect$$libinit$$00000019)
    __rt_lib_init_preinit_1                  0x0800031d   Thumb Code     0  libinit2.o(.ARM.Collect$$libinit$$00000004)
    __rt_lib_init_rand_1                     0x0800031d   Thumb Code     0  libinit2.o(.ARM.Collect$$libinit$$0000000E)
    __rt_lib_init_return                     0x0800031d   Thumb Code     0  libinit2.o(.ARM.Collect$$libinit$$00000033)
    __rt_lib_init_signal_1                   0x0800031d   Thumb Code     0  libinit2.o(.ARM.Collect$$libinit$$0000001D)
    __rt_lib_init_stdio_1                    0x0800031d   Thumb Code     0  libinit2.o(.ARM.Collect$$libinit$$00000025)
    __rt_lib_init_user_alloc_1               0x0800031d   Thumb Code     0  libinit2.o(.ARM.Collect$$libinit$$0000000C)
    __rt_lib_shutdown                        0x0800031f   Thumb Code     0  libshutdown.o(.ARM.Collect$$libshutdown$$00000000)
    __rt_lib_shutdown_cpp_1                  0x08000321   Thumb Code     0  libshutdown2.o(.ARM.Collect$$libshutdown$$00000004)
    __rt_lib_shutdown_fini_1                 0x08000321   Thumb Code     0  libshutdown2.o(.ARM.Collect$$libshutdown$$00000002)
    __rt_lib_shutdown_fp_trap_1              0x08000321   Thumb Code     0  libshutdown2.o(.ARM.Collect$$libshutdown$$00000009)
    __rt_lib_shutdown_heap_1                 0x08000321   Thumb Code     0  libshutdown2.o(.ARM.Collect$$libshutdown$$00000011)
    __rt_lib_shutdown_return                 0x08000321   Thumb Code     0  libshutdown2.o(.ARM.Collect$$libshutdown$$00000012)
    __rt_lib_shutdown_signal_1               0x08000321   Thumb Code     0  libshutdown2.o(.ARM.Collect$$libshutdown$$0000000C)
    __rt_lib_shutdown_stdio_1                0x08000321   Thumb Code     0  libshutdown2.o(.ARM.Collect$$libshutdown$$00000006)
    __rt_lib_shutdown_user_alloc_1           0x08000321   Thumb Code     0  libshutdown2.o(.ARM.Collect$$libshutdown$$0000000E)
    __rt_entry                               0x08000323   Thumb Code     0  __rtentry.o(.ARM.Collect$$rtentry$$00000000)
    __rt_entry_presh_1                       0x08000323   Thumb Code     0  __rtentry2.o(.ARM.Collect$$rtentry$$00000002)
    __rt_entry_sh                            0x08000323   Thumb Code     0  __rtentry4.o(.ARM.Collect$$rtentry$$00000004)
    __rt_entry_li                            0x08000329   Thumb Code     0  __rtentry2.o(.ARM.Collect$$rtentry$$0000000A)
    __rt_entry_postsh_1                      0x08000329   Thumb Code     0  __rtentry2.o(.ARM.Collect$$rtentry$$00000009)
    __rt_entry_main                          0x0800032d   Thumb Code     0  __rtentry2.o(.ARM.Collect$$rtentry$$0000000D)
    __rt_entry_postli_1                      0x0800032d   Thumb Code     0  __rtentry2.o(.ARM.Collect$$rtentry$$0000000C)
    __rt_exit                                0x08000335   Thumb Code     0  rtexit.o(.ARM.Collect$$rtexit$$00000000)
    __rt_exit_ls                             0x08000337   Thumb Code     0  rtexit2.o(.ARM.Collect$$rtexit$$00000003)
    __rt_exit_prels_1                        0x08000337   Thumb Code     0  rtexit2.o(.ARM.Collect$$rtexit$$00000002)
    __rt_exit_exit                           0x0800033b   Thumb Code     0  rtexit2.o(.ARM.Collect$$rtexit$$00000004)
    Reset_Handler                            0x08000341   Thumb Code    12  startup_stm32h747xx.o(.text)
    ADC3_IRQHandler                          0x0800035f   Thumb Code     0  startup_stm32h747xx.o(.text)
    ADC_IRQHandler                           0x0800035f   Thumb Code     0  startup_stm32h747xx.o(.text)
    BDMA_Channel0_IRQHandler                 0x0800035f   Thumb Code     0  startup_stm32h747xx.o(.text)
    BDMA_Channel1_IRQHandler                 0x0800035f   Thumb Code     0  startup_stm32h747xx.o(.text)
    BDMA_Channel2_IRQHandler                 0x0800035f   Thumb Code     0  startup_stm32h747xx.o(.text)
    BDMA_Channel3_IRQHandler                 0x0800035f   Thumb Code     0  startup_stm32h747xx.o(.text)
    BDMA_Channel4_IRQHandler                 0x0800035f   Thumb Code     0  startup_stm32h747xx.o(.text)
    BDMA_Channel5_IRQHandler                 0x0800035f   Thumb Code     0  startup_stm32h747xx.o(.text)
    BDMA_Channel6_IRQHandler                 0x0800035f   Thumb Code     0  startup_stm32h747xx.o(.text)
    BDMA_Channel7_IRQHandler                 0x0800035f   Thumb Code     0  startup_stm32h747xx.o(.text)
    CEC_IRQHandler                           0x0800035f   Thumb Code     0  startup_stm32h747xx.o(.text)
    CM4_SEV_IRQHandler                       0x0800035f   Thumb Code     0  startup_stm32h747xx.o(.text)
    CM7_SEV_IRQHandler                       0x0800035f   Thumb Code     0  startup_stm32h747xx.o(.text)
    COMP1_IRQHandler                         0x0800035f   Thumb Code     0  startup_stm32h747xx.o(.text)
    CRS_IRQHandler                           0x0800035f   Thumb Code     0  startup_stm32h747xx.o(.text)
    DCMI_IRQHandler                          0x0800035f   Thumb Code     0  startup_stm32h747xx.o(.text)
    DFSDM1_FLT0_IRQHandler                   0x0800035f   Thumb Code     0  startup_stm32h747xx.o(.text)
    DFSDM1_FLT1_IRQHandler                   0x0800035f   Thumb Code     0  startup_stm32h747xx.o(.text)
    DFSDM1_FLT2_IRQHandler                   0x0800035f   Thumb Code     0  startup_stm32h747xx.o(.text)
    DFSDM1_FLT3_IRQHandler                   0x0800035f   Thumb Code     0  startup_stm32h747xx.o(.text)
    DMA1_Stream0_IRQHandler                  0x0800035f   Thumb Code     0  startup_stm32h747xx.o(.text)
    DMA1_Stream1_IRQHandler                  0x0800035f   Thumb Code     0  startup_stm32h747xx.o(.text)
    DMA1_Stream2_IRQHandler                  0x0800035f   Thumb Code     0  startup_stm32h747xx.o(.text)
    DMA1_Stream3_IRQHandler                  0x0800035f   Thumb Code     0  startup_stm32h747xx.o(.text)
    DMA1_Stream4_IRQHandler                  0x0800035f   Thumb Code     0  startup_stm32h747xx.o(.text)
    DMA1_Stream5_IRQHandler                  0x0800035f   Thumb Code     0  startup_stm32h747xx.o(.text)
    DMA1_Stream6_IRQHandler                  0x0800035f   Thumb Code     0  startup_stm32h747xx.o(.text)
    DMA1_Stream7_IRQHandler                  0x0800035f   Thumb Code     0  startup_stm32h747xx.o(.text)
    DMA2D_IRQHandler                         0x0800035f   Thumb Code     0  startup_stm32h747xx.o(.text)
    DMA2_Stream0_IRQHandler                  0x0800035f   Thumb Code     0  startup_stm32h747xx.o(.text)
    DMA2_Stream1_IRQHandler                  0x0800035f   Thumb Code     0  startup_stm32h747xx.o(.text)
    DMA2_Stream2_IRQHandler                  0x0800035f   Thumb Code     0  startup_stm32h747xx.o(.text)
    DMA2_Stream3_IRQHandler                  0x0800035f   Thumb Code     0  startup_stm32h747xx.o(.text)
    DMA2_Stream4_IRQHandler                  0x0800035f   Thumb Code     0  startup_stm32h747xx.o(.text)
    DMA2_Stream5_IRQHandler                  0x0800035f   Thumb Code     0  startup_stm32h747xx.o(.text)
    DMA2_Stream6_IRQHandler                  0x0800035f   Thumb Code     0  startup_stm32h747xx.o(.text)
    DMA2_Stream7_IRQHandler                  0x0800035f   Thumb Code     0  startup_stm32h747xx.o(.text)
    DMAMUX1_OVR_IRQHandler                   0x0800035f   Thumb Code     0  startup_stm32h747xx.o(.text)
    DMAMUX2_OVR_IRQHandler                   0x0800035f   Thumb Code     0  startup_stm32h747xx.o(.text)
    DSI_IRQHandler                           0x0800035f   Thumb Code     0  startup_stm32h747xx.o(.text)
    ECC_IRQHandler                           0x0800035f   Thumb Code     0  startup_stm32h747xx.o(.text)
    ETH_IRQHandler                           0x0800035f   Thumb Code     0  startup_stm32h747xx.o(.text)
    ETH_WKUP_IRQHandler                      0x0800035f   Thumb Code     0  startup_stm32h747xx.o(.text)
    EXTI0_IRQHandler                         0x0800035f   Thumb Code     0  startup_stm32h747xx.o(.text)
    EXTI15_10_IRQHandler                     0x0800035f   Thumb Code     0  startup_stm32h747xx.o(.text)
    EXTI1_IRQHandler                         0x0800035f   Thumb Code     0  startup_stm32h747xx.o(.text)
    EXTI2_IRQHandler                         0x0800035f   Thumb Code     0  startup_stm32h747xx.o(.text)
    EXTI3_IRQHandler                         0x0800035f   Thumb Code     0  startup_stm32h747xx.o(.text)
    EXTI4_IRQHandler                         0x0800035f   Thumb Code     0  startup_stm32h747xx.o(.text)
    EXTI9_5_IRQHandler                       0x0800035f   Thumb Code     0  startup_stm32h747xx.o(.text)
    FDCAN1_IT0_IRQHandler                    0x0800035f   Thumb Code     0  startup_stm32h747xx.o(.text)
    FDCAN1_IT1_IRQHandler                    0x0800035f   Thumb Code     0  startup_stm32h747xx.o(.text)
    FDCAN2_IT0_IRQHandler                    0x0800035f   Thumb Code     0  startup_stm32h747xx.o(.text)
    FDCAN2_IT1_IRQHandler                    0x0800035f   Thumb Code     0  startup_stm32h747xx.o(.text)
    FDCAN_CAL_IRQHandler                     0x0800035f   Thumb Code     0  startup_stm32h747xx.o(.text)
    FLASH_IRQHandler                         0x0800035f   Thumb Code     0  startup_stm32h747xx.o(.text)
    FMC_IRQHandler                           0x0800035f   Thumb Code     0  startup_stm32h747xx.o(.text)
    FPU_IRQHandler                           0x0800035f   Thumb Code     0  startup_stm32h747xx.o(.text)
    HOLD_CORE_IRQHandler                     0x0800035f   Thumb Code     0  startup_stm32h747xx.o(.text)
    HRTIM1_FLT_IRQHandler                    0x0800035f   Thumb Code     0  startup_stm32h747xx.o(.text)
    HRTIM1_Master_IRQHandler                 0x0800035f   Thumb Code     0  startup_stm32h747xx.o(.text)
    HRTIM1_TIMA_IRQHandler                   0x0800035f   Thumb Code     0  startup_stm32h747xx.o(.text)
    HRTIM1_TIMB_IRQHandler                   0x0800035f   Thumb Code     0  startup_stm32h747xx.o(.text)
    HRTIM1_TIMC_IRQHandler                   0x0800035f   Thumb Code     0  startup_stm32h747xx.o(.text)
    HRTIM1_TIMD_IRQHandler                   0x0800035f   Thumb Code     0  startup_stm32h747xx.o(.text)
    HRTIM1_TIME_IRQHandler                   0x0800035f   Thumb Code     0  startup_stm32h747xx.o(.text)
    HSEM1_IRQHandler                         0x0800035f   Thumb Code     0  startup_stm32h747xx.o(.text)
    HSEM2_IRQHandler                         0x0800035f   Thumb Code     0  startup_stm32h747xx.o(.text)
    I2C1_ER_IRQHandler                       0x0800035f   Thumb Code     0  startup_stm32h747xx.o(.text)
    I2C1_EV_IRQHandler                       0x0800035f   Thumb Code     0  startup_stm32h747xx.o(.text)
    I2C2_ER_IRQHandler                       0x0800035f   Thumb Code     0  startup_stm32h747xx.o(.text)
    I2C2_EV_IRQHandler                       0x0800035f   Thumb Code     0  startup_stm32h747xx.o(.text)
    I2C3_ER_IRQHandler                       0x0800035f   Thumb Code     0  startup_stm32h747xx.o(.text)
    I2C3_EV_IRQHandler                       0x0800035f   Thumb Code     0  startup_stm32h747xx.o(.text)
    I2C4_ER_IRQHandler                       0x0800035f   Thumb Code     0  startup_stm32h747xx.o(.text)
    I2C4_EV_IRQHandler                       0x0800035f   Thumb Code     0  startup_stm32h747xx.o(.text)
    JPEG_IRQHandler                          0x0800035f   Thumb Code     0  startup_stm32h747xx.o(.text)
    LPTIM1_IRQHandler                        0x0800035f   Thumb Code     0  startup_stm32h747xx.o(.text)
    LPTIM2_IRQHandler                        0x0800035f   Thumb Code     0  startup_stm32h747xx.o(.text)
    LPTIM3_IRQHandler                        0x0800035f   Thumb Code     0  startup_stm32h747xx.o(.text)
    LPTIM4_IRQHandler                        0x0800035f   Thumb Code     0  startup_stm32h747xx.o(.text)
    LPTIM5_IRQHandler                        0x0800035f   Thumb Code     0  startup_stm32h747xx.o(.text)
    LPUART1_IRQHandler                       0x0800035f   Thumb Code     0  startup_stm32h747xx.o(.text)
    LTDC_ER_IRQHandler                       0x0800035f   Thumb Code     0  startup_stm32h747xx.o(.text)
    LTDC_IRQHandler                          0x0800035f   Thumb Code     0  startup_stm32h747xx.o(.text)
    MDIOS_IRQHandler                         0x0800035f   Thumb Code     0  startup_stm32h747xx.o(.text)
    MDIOS_WKUP_IRQHandler                    0x0800035f   Thumb Code     0  startup_stm32h747xx.o(.text)
    MDMA_IRQHandler                          0x0800035f   Thumb Code     0  startup_stm32h747xx.o(.text)
    OTG_FS_EP1_IN_IRQHandler                 0x0800035f   Thumb Code     0  startup_stm32h747xx.o(.text)
    OTG_FS_EP1_OUT_IRQHandler                0x0800035f   Thumb Code     0  startup_stm32h747xx.o(.text)
    OTG_FS_IRQHandler                        0x0800035f   Thumb Code     0  startup_stm32h747xx.o(.text)
    OTG_FS_WKUP_IRQHandler                   0x0800035f   Thumb Code     0  startup_stm32h747xx.o(.text)
    OTG_HS_EP1_IN_IRQHandler                 0x0800035f   Thumb Code     0  startup_stm32h747xx.o(.text)
    OTG_HS_EP1_OUT_IRQHandler                0x0800035f   Thumb Code     0  startup_stm32h747xx.o(.text)
    OTG_HS_IRQHandler                        0x0800035f   Thumb Code     0  startup_stm32h747xx.o(.text)
    OTG_HS_WKUP_IRQHandler                   0x0800035f   Thumb Code     0  startup_stm32h747xx.o(.text)
    PVD_AVD_IRQHandler                       0x0800035f   Thumb Code     0  startup_stm32h747xx.o(.text)
    QUADSPI_IRQHandler                       0x0800035f   Thumb Code     0  startup_stm32h747xx.o(.text)
    RCC_IRQHandler                           0x0800035f   Thumb Code     0  startup_stm32h747xx.o(.text)
    RNG_IRQHandler                           0x0800035f   Thumb Code     0  startup_stm32h747xx.o(.text)
    RTC_Alarm_IRQHandler                     0x0800035f   Thumb Code     0  startup_stm32h747xx.o(.text)
    RTC_WKUP_IRQHandler                      0x0800035f   Thumb Code     0  startup_stm32h747xx.o(.text)
    SAI1_IRQHandler                          0x0800035f   Thumb Code     0  startup_stm32h747xx.o(.text)
    SAI2_IRQHandler                          0x0800035f   Thumb Code     0  startup_stm32h747xx.o(.text)
    SAI3_IRQHandler                          0x0800035f   Thumb Code     0  startup_stm32h747xx.o(.text)
    SAI4_IRQHandler                          0x0800035f   Thumb Code     0  startup_stm32h747xx.o(.text)
    SDMMC1_IRQHandler                        0x0800035f   Thumb Code     0  startup_stm32h747xx.o(.text)
    SDMMC2_IRQHandler                        0x0800035f   Thumb Code     0  startup_stm32h747xx.o(.text)
    SPDIF_RX_IRQHandler                      0x0800035f   Thumb Code     0  startup_stm32h747xx.o(.text)
    SPI1_IRQHandler                          0x0800035f   Thumb Code     0  startup_stm32h747xx.o(.text)
    SPI2_IRQHandler                          0x0800035f   Thumb Code     0  startup_stm32h747xx.o(.text)
    SPI3_IRQHandler                          0x0800035f   Thumb Code     0  startup_stm32h747xx.o(.text)
    SPI4_IRQHandler                          0x0800035f   Thumb Code     0  startup_stm32h747xx.o(.text)
    SPI5_IRQHandler                          0x0800035f   Thumb Code     0  startup_stm32h747xx.o(.text)
    SPI6_IRQHandler                          0x0800035f   Thumb Code     0  startup_stm32h747xx.o(.text)
    SWPMI1_IRQHandler                        0x0800035f   Thumb Code     0  startup_stm32h747xx.o(.text)
    TAMP_STAMP_IRQHandler                    0x0800035f   Thumb Code     0  startup_stm32h747xx.o(.text)
    TIM15_IRQHandler                         0x0800035f   Thumb Code     0  startup_stm32h747xx.o(.text)
    TIM16_IRQHandler                         0x0800035f   Thumb Code     0  startup_stm32h747xx.o(.text)
    TIM17_IRQHandler                         0x0800035f   Thumb Code     0  startup_stm32h747xx.o(.text)
    TIM1_BRK_IRQHandler                      0x0800035f   Thumb Code     0  startup_stm32h747xx.o(.text)
    TIM1_CC_IRQHandler                       0x0800035f   Thumb Code     0  startup_stm32h747xx.o(.text)
    TIM1_TRG_COM_IRQHandler                  0x0800035f   Thumb Code     0  startup_stm32h747xx.o(.text)
    TIM1_UP_IRQHandler                       0x0800035f   Thumb Code     0  startup_stm32h747xx.o(.text)
    TIM2_IRQHandler                          0x0800035f   Thumb Code     0  startup_stm32h747xx.o(.text)
    TIM3_IRQHandler                          0x0800035f   Thumb Code     0  startup_stm32h747xx.o(.text)
    TIM4_IRQHandler                          0x0800035f   Thumb Code     0  startup_stm32h747xx.o(.text)
    TIM5_IRQHandler                          0x0800035f   Thumb Code     0  startup_stm32h747xx.o(.text)
    TIM6_DAC_IRQHandler                      0x0800035f   Thumb Code     0  startup_stm32h747xx.o(.text)
    TIM7_IRQHandler                          0x0800035f   Thumb Code     0  startup_stm32h747xx.o(.text)
    TIM8_BRK_TIM12_IRQHandler                0x0800035f   Thumb Code     0  startup_stm32h747xx.o(.text)
    TIM8_CC_IRQHandler                       0x0800035f   Thumb Code     0  startup_stm32h747xx.o(.text)
    TIM8_TRG_COM_TIM14_IRQHandler            0x0800035f   Thumb Code     0  startup_stm32h747xx.o(.text)
    TIM8_UP_TIM13_IRQHandler                 0x0800035f   Thumb Code     0  startup_stm32h747xx.o(.text)
    UART4_IRQHandler                         0x0800035f   Thumb Code     0  startup_stm32h747xx.o(.text)
    UART5_IRQHandler                         0x0800035f   Thumb Code     0  startup_stm32h747xx.o(.text)
    UART7_IRQHandler                         0x0800035f   Thumb Code     0  startup_stm32h747xx.o(.text)
    UART8_IRQHandler                         0x0800035f   Thumb Code     0  startup_stm32h747xx.o(.text)
    USART2_IRQHandler                        0x0800035f   Thumb Code     0  startup_stm32h747xx.o(.text)
    USART3_IRQHandler                        0x0800035f   Thumb Code     0  startup_stm32h747xx.o(.text)
    USART6_IRQHandler                        0x0800035f   Thumb Code     0  startup_stm32h747xx.o(.text)
    WAKEUP_PIN_IRQHandler                    0x0800035f   Thumb Code     0  startup_stm32h747xx.o(.text)
    WWDG_IRQHandler                          0x0800035f   Thumb Code     0  startup_stm32h747xx.o(.text)
    WWDG_RST_IRQHandler                      0x0800035f   Thumb Code     0  startup_stm32h747xx.o(.text)
    __user_initial_stackheap                 0x08000361   Thumb Code     0  startup_stm32h747xx.o(.text)
    __use_no_semihosting                     0x08000389   Thumb Code     2  use_no_semi_2.o(.text)
    __aeabi_uldivmod                         0x0800038b   Thumb Code     0  lludivv7m.o(.text)
    _ll_udiv                                 0x0800038b   Thumb Code   238  lludivv7m.o(.text)
    __2printf                                0x08000479   Thumb Code    20  noretval__2printf.o(.text)
    __2sprintf                               0x08000491   Thumb Code    34  noretval__2sprintf.o(.text)
    _printf_pre_padding                      0x080004b9   Thumb Code    44  _printf_pad.o(.text)
    _printf_post_padding                     0x080004e5   Thumb Code    34  _printf_pad.o(.text)
    _printf_int_hex                          0x08000509   Thumb Code    84  _printf_hex_int.o(.text)
    _printf_longlong_hex                     0x08000509   Thumb Code     0  _printf_hex_int.o(.text)
    __printf                                 0x08000561   Thumb Code   308  __printf_flags_wp.o(.text)
    __aeabi_memcpy4                          0x08000699   Thumb Code     0  rt_memcpy_w.o(.text)
    __aeabi_memcpy8                          0x08000699   Thumb Code     0  rt_memcpy_w.o(.text)
    __rt_memcpy_w                            0x08000699   Thumb Code   100  rt_memcpy_w.o(.text)
    _memcpy_lastbytes_aligned                0x080006e1   Thumb Code     0  rt_memcpy_w.o(.text)
    __use_two_region_memory                  0x080006fd   Thumb Code     2  heapauxi.o(.text)
    __rt_heap_escrow$2region                 0x080006ff   Thumb Code     2  heapauxi.o(.text)
    __rt_heap_expand$2region                 0x08000701   Thumb Code     2  heapauxi.o(.text)
    __semihosting$guard                      0x08000703   Thumb Code     0  use_no_semi.o(.text)
    __use_no_semihosting_swi                 0x08000703   Thumb Code     2  use_no_semi.o(.text)
    _printf_int_common                       0x08000705   Thumb Code   178  _printf_intcommon.o(.text)
    _printf_char_common                      0x080007c3   Thumb Code    32  _printf_char_common.o(.text)
    _sputc                                   0x080007e9   Thumb Code    10  _sputc.o(.text)
    _printf_char_file                        0x080007f5   Thumb Code    32  _printf_char_file.o(.text)
    ferror                                   0x08000819   Thumb Code     8  ferror.o(.text)
    __user_setup_stackheap                   0x08000821   Thumb Code    74  sys_stackheap_outer.o(.text)
    exit                                     0x0800086b   Thumb Code    18  exit.o(.text)
    __user_libspace                          0x0800087d   Thumb Code     8  libspace.o(.text)
    __user_perproc_libspace                  0x0800087d   Thumb Code     0  libspace.o(.text)
    __user_perthread_libspace                0x0800087d   Thumb Code     0  libspace.o(.text)
    BusFault_Handler                         0x08000885   Thumb Code     4  stm32h7xx_it.o(i.BusFault_Handler)
    DebugMon_Handler                         0x08000889   Thumb Code     2  stm32h7xx_it.o(i.DebugMon_Handler)
    ExitRun0Mode                             0x0800088d   Thumb Code    34  system_stm32h7xx.o(i.ExitRun0Mode)
    FMC_SDRAM_Init                           0x080008b5   Thumb Code   108  stm32h7xx_ll_fmc.o(i.FMC_SDRAM_Init)
    FMC_SDRAM_ProgramRefreshRate             0x08000921   Thumb Code    20  stm32h7xx_ll_fmc.o(i.FMC_SDRAM_ProgramRefreshRate)
    FMC_SDRAM_SendCommand                    0x08000935   Thumb Code    38  stm32h7xx_ll_fmc.o(i.FMC_SDRAM_SendCommand)
    FMC_SDRAM_Timing_Init                    0x0800095d   Thumb Code   144  stm32h7xx_ll_fmc.o(i.FMC_SDRAM_Timing_Init)
    HAL_DMA_Abort                            0x080009f1   Thumb Code  1236  stm32h7xx_hal_dma.o(i.HAL_DMA_Abort)
    HAL_DMA_Abort_IT                         0x08000ecd   Thumb Code   906  stm32h7xx_hal_dma.o(i.HAL_DMA_Abort_IT)
    HAL_EnableCompensationCell               0x08001265   Thumb Code    14  stm32h7xx_hal.o(i.HAL_EnableCompensationCell)
    HAL_GPIO_Init                            0x08001279   Thumb Code   456  stm32h7xx_hal_gpio.o(i.HAL_GPIO_Init)
    HAL_GPIO_ReadPin                         0x08001475   Thumb Code    16  stm32h7xx_hal_gpio.o(i.HAL_GPIO_ReadPin)
    HAL_GPIO_TogglePin                       0x08001485   Thumb Code    20  stm32h7xx_hal_gpio.o(i.HAL_GPIO_TogglePin)
    HAL_GPIO_WritePin                        0x08001499   Thumb Code    12  stm32h7xx_hal_gpio.o(i.HAL_GPIO_WritePin)
    HAL_GetREVID                             0x080014a5   Thumb Code     8  stm32h7xx_hal.o(i.HAL_GetREVID)
    HAL_GetTick                              0x080014b1   Thumb Code     6  stm32h7xx_hal.o(i.HAL_GetTick)
    HAL_IncTick                              0x080014bd   Thumb Code    16  stm32h7xx_hal.o(i.HAL_IncTick)
    HAL_Init                                 0x080014d5   Thumb Code    80  stm32h7xx_hal.o(i.HAL_Init)
    HAL_InitTick                             0x08001535   Thumb Code    74  stm32h7xx_hal.o(i.HAL_InitTick)
    HAL_LTDC_ConfigLayer                     0x0800158d   Thumb Code    94  stm32h7xx_hal_ltdc.o(i.HAL_LTDC_ConfigLayer)
    HAL_LTDC_Init                            0x080015eb   Thumb Code   202  stm32h7xx_hal_ltdc.o(i.HAL_LTDC_Init)
    HAL_LTDC_MspInit                         0x080016b5   Thumb Code   486  ltdc.o(i.HAL_LTDC_MspInit)
    HAL_LTDC_SetWindowPosition               0x080018b5   Thumb Code   108  stm32h7xx_hal_ltdc.o(i.HAL_LTDC_SetWindowPosition)
    HAL_LTDC_SetWindowSize                   0x08001921   Thumb Code   108  stm32h7xx_hal_ltdc.o(i.HAL_LTDC_SetWindowSize)
    HAL_MPU_ConfigRegion                     0x0800198d   Thumb Code    86  stm32h7xx_hal_cortex.o(i.HAL_MPU_ConfigRegion)
    HAL_MPU_Disable                          0x080019e9   Thumb Code    38  stm32h7xx_hal_cortex.o(i.HAL_MPU_Disable)
    HAL_MPU_Enable                           0x08001a15   Thumb Code    58  stm32h7xx_hal_cortex.o(i.HAL_MPU_Enable)
    HAL_MspInit                              0x08001a55   Thumb Code     2  stm32h7xx_hal.o(i.HAL_MspInit)
    HAL_NVIC_EnableIRQ                       0x08001a57   Thumb Code    40  stm32h7xx_hal_cortex.o(i.HAL_NVIC_EnableIRQ)
    HAL_NVIC_SetPriority                     0x08001a7f   Thumb Code   122  stm32h7xx_hal_cortex.o(i.HAL_NVIC_SetPriority)
    HAL_NVIC_SetPriorityGrouping             0x08001af9   Thumb Code    32  stm32h7xx_hal_cortex.o(i.HAL_NVIC_SetPriorityGrouping)
    HAL_PWREx_EnableUSBVoltageDetector       0x08001b21   Thumb Code    14  stm32h7xx_hal_pwr_ex.o(i.HAL_PWREx_EnableUSBVoltageDetector)
    HAL_RCCEx_GetD3PCLK1Freq                 0x08001b35   Thumb Code    26  stm32h7xx_hal_rcc_ex.o(i.HAL_RCCEx_GetD3PCLK1Freq)
    HAL_RCCEx_GetPLL2ClockFreq               0x08001b59   Thumb Code   536  stm32h7xx_hal_rcc_ex.o(i.HAL_RCCEx_GetPLL2ClockFreq)
    HAL_RCCEx_GetPLL3ClockFreq               0x08001d89   Thumb Code   536  stm32h7xx_hal_rcc_ex.o(i.HAL_RCCEx_GetPLL3ClockFreq)
    HAL_RCCEx_PeriphCLKConfig                0x08001fb9   Thumb Code  3510  stm32h7xx_hal_rcc_ex.o(i.HAL_RCCEx_PeriphCLKConfig)
    HAL_RCC_ClockConfig                      0x08002d75   Thumb Code   774  stm32h7xx_hal_rcc.o(i.HAL_RCC_ClockConfig)
    HAL_RCC_GetHCLKFreq                      0x08003095   Thumb Code    60  stm32h7xx_hal_rcc.o(i.HAL_RCC_GetHCLKFreq)
    HAL_RCC_GetPCLK1Freq                     0x080030e1   Thumb Code    26  stm32h7xx_hal_rcc.o(i.HAL_RCC_GetPCLK1Freq)
    HAL_RCC_GetPCLK2Freq                     0x08003105   Thumb Code    26  stm32h7xx_hal_rcc.o(i.HAL_RCC_GetPCLK2Freq)
    HAL_RCC_GetSysClockFreq                  0x08003129   Thumb Code   524  stm32h7xx_hal_rcc.o(i.HAL_RCC_GetSysClockFreq)
    HAL_RCC_OscConfig                        0x08003355   Thumb Code  2130  stm32h7xx_hal_rcc.o(i.HAL_RCC_OscConfig)
    HAL_SDRAM_Init                           0x08003bad   Thumb Code    76  stm32h7xx_hal_sdram.o(i.HAL_SDRAM_Init)
    HAL_SDRAM_MspInit                        0x08003bfd   Thumb Code   338  sdram.o(i.HAL_SDRAM_MspInit)
    HAL_SDRAM_ProgramRefreshRate             0x08003d71   Thumb Code    54  stm32h7xx_hal_sdram.o(i.HAL_SDRAM_ProgramRefreshRate)
    HAL_SDRAM_SendCommand                    0x08003da7   Thumb Code    78  stm32h7xx_hal_sdram.o(i.HAL_SDRAM_SendCommand)
    HAL_SYSTICK_Config                       0x08003df5   Thumb Code    52  stm32h7xx_hal_cortex.o(i.HAL_SYSTICK_Config)
    HAL_UARTEx_RxEventCallback               0x08003e29   Thumb Code     2  stm32h7xx_hal_uart.o(i.HAL_UARTEx_RxEventCallback)
    HAL_UARTEx_RxFifoFullCallback            0x08003e2b   Thumb Code     2  stm32h7xx_hal_uart_ex.o(i.HAL_UARTEx_RxFifoFullCallback)
    HAL_UARTEx_TxFifoEmptyCallback           0x08003e2d   Thumb Code     2  stm32h7xx_hal_uart_ex.o(i.HAL_UARTEx_TxFifoEmptyCallback)
    HAL_UARTEx_WakeupCallback                0x08003e2f   Thumb Code     2  stm32h7xx_hal_uart_ex.o(i.HAL_UARTEx_WakeupCallback)
    HAL_UART_ErrorCallback                   0x08003e31   Thumb Code     2  stm32h7xx_hal_uart.o(i.HAL_UART_ErrorCallback)
    HAL_UART_IRQHandler                      0x08003e35   Thumb Code  1206  stm32h7xx_hal_uart.o(i.HAL_UART_IRQHandler)
    HAL_UART_Init                            0x080042eb   Thumb Code   120  stm32h7xx_hal_uart.o(i.HAL_UART_Init)
    HAL_UART_MspInit                         0x08004365   Thumb Code   180  usart.o(i.HAL_UART_MspInit)
    HAL_UART_Receive_IT                      0x08004425   Thumb Code    88  stm32h7xx_hal_uart.o(i.HAL_UART_Receive_IT)
    HAL_UART_RxCpltCallback                  0x08004481   Thumb Code   134  usart.o(i.HAL_UART_RxCpltCallback)
    HAL_UART_TxCpltCallback                  0x0800451d   Thumb Code     2  stm32h7xx_hal_uart.o(i.HAL_UART_TxCpltCallback)
    HardFault_Handler                        0x0800451f   Thumb Code     4  stm32h7xx_it.o(i.HardFault_Handler)
    MemManage_Handler                        0x08004705   Thumb Code   102  mpu.o(i.MemManage_Handler)
    NMI_Handler                              0x080047a5   Thumb Code     2  stm32h7xx_it.o(i.NMI_Handler)
    PendSV_Handler                           0x080047a7   Thumb Code     2  stm32h7xx_it.o(i.PendSV_Handler)
    SVC_Handler                              0x08004a71   Thumb Code     2  stm32h7xx_it.o(i.SVC_Handler)
    SysTick_Handler                          0x08004a73   Thumb Code     8  stm32h7xx_it.o(i.SysTick_Handler)
    SystemInit                               0x08004a7d   Thumb Code   256  system_stm32h7xx.o(i.SystemInit)
    UART_AdvFeatureConfig                    0x08004ba5   Thumb Code   248  stm32h7xx_hal_uart.o(i.UART_AdvFeatureConfig)
    UART_CheckIdleState                      0x08004c9d   Thumb Code   234  stm32h7xx_hal_uart.o(i.UART_CheckIdleState)
    UART_SetConfig                           0x0800543d   Thumb Code  1402  stm32h7xx_hal_uart.o(i.UART_SetConfig)
    UART_Start_Receive_IT                    0x080059c9   Thumb Code   332  stm32h7xx_hal_uart.o(i.UART_Start_Receive_IT)
    UART_WaitOnFlagUntilTimeout              0x08005b25   Thumb Code   172  stm32h7xx_hal_uart.o(i.UART_WaitOnFlagUntilTimeout)
    USART1_IRQHandler                        0x08005bd1   Thumb Code    10  usart.o(i.USART1_IRQHandler)
    UsageFault_Handler                       0x08005be1   Thumb Code     4  stm32h7xx_it.o(i.UsageFault_Handler)
    _is_digit                                0x08005c1d   Thumb Code    14  __printf_wp.o(i._is_digit)
    _sys_exit                                0x08005c2b   Thumb Code     4  usart.o(i._sys_exit)
    delay_init                               0x08005c31   Thumb Code     6  delay.o(i.delay_init)
    delay_ms                                 0x08005c3d   Thumb Code    18  delay.o(i.delay_ms)
    delay_us                                 0x08005c51   Thumb Code    68  delay.o(i.delay_us)
    fputc                                    0x08005c99   Thumb Code    22  usart.o(i.fputc)
    lcd_clear                                0x08005cb5   Thumb Code    18  lcd.o(i.lcd_clear)
    lcd_display_dir                          0x08005ccd   Thumb Code    40  lcd.o(i.lcd_display_dir)
    lcd_draw_point                           0x08005cfd   Thumb Code    26  lcd.o(i.lcd_draw_point)
    lcd_init                                 0x08005d1d   Thumb Code   146  lcd.o(i.lcd_init)
    lcd_show_char                            0x08005dd1   Thumb Code   294  lcd.o(i.lcd_show_char)
    lcd_show_string                          0x08005f11   Thumb Code   106  lcd.o(i.lcd_show_string)
    led_init                                 0x08005f7d   Thumb Code   130  led.o(i.led_init)
    ltdc_clear                               0x0800600d   Thumb Code    32  ltdc.o(i.ltdc_clear)
    ltdc_clk_set                             0x08006031   Thumb Code    50  ltdc.o(i.ltdc_clk_set)
    ltdc_display_dir                         0x08006065   Thumb Code    40  ltdc.o(i.ltdc_display_dir)
    ltdc_draw_point                          0x08006091   Thumb Code    70  ltdc.o(i.ltdc_draw_point)
    ltdc_fill                                0x080060e1   Thumb Code   388  ltdc.o(i.ltdc_fill)
    ltdc_init                                0x08006275   Thumb Code   868  ltdc.o(i.ltdc_init)
    ltdc_layer_parameter_config              0x080065f9   Thumb Code   112  ltdc.o(i.ltdc_layer_parameter_config)
    ltdc_layer_window_config                 0x08006671   Thumb Code    70  ltdc.o(i.ltdc_layer_window_config)
    ltdc_panelid_read                        0x080066c5   Thumb Code   196  ltdc.o(i.ltdc_panelid_read)
    ltdc_select_layer                        0x08006795   Thumb Code     6  ltdc.o(i.ltdc_select_layer)
    main                                     0x080067a1   Thumb Code   344  main.o(i.main)
    mpu_memory_protection                    0x08006939   Thumb Code   188  mpu.o(i.mpu_memory_protection)
    mpu_set_protection                       0x080069f5   Thumb Code    94  mpu.o(i.mpu_set_protection)
    sdram_init                               0x08006a55   Thumb Code   106  sdram.o(i.sdram_init)
    sdram_initialization_sequence            0x08006ac9   Thumb Code    66  sdram.o(i.sdram_initialization_sequence)
    sdram_send_cmd                           0x08006b0d   Thumb Code    68  sdram.o(i.sdram_send_cmd)
    sys_cache_enable                         0x08006b55   Thumb Code   310  sys.o(i.sys_cache_enable)
    sys_stm32_clock_init                     0x08006c95   Thumb Code   336  sys.o(i.sys_stm32_clock_init)
    tft_spi_init                             0x08006df1   Thumb Code  1578  tft_spi.o(i.tft_spi_init)
    tft_spi_write_byte                       0x0800741d   Thumb Code   102  tft_spi.o(i.tft_spi_write_byte)
    tft_spi_write_cmd                        0x08007489   Thumb Code    94  tft_spi.o(i.tft_spi_write_cmd)
    tft_spi_write_data                       0x080074f1   Thumb Code    92  tft_spi.o(i.tft_spi_write_data)
    tft_spi_write_reg                        0x08007555   Thumb Code    20  tft_spi.o(i.tft_spi_write_reg)
    usart_init                               0x08007569   Thumb Code    44  usart.o(i.usart_init)
    _fp_init                                 0x080075a1   Thumb Code    10  fpinit.o(x$fpl$fpinit)
    __fplib_config_fpu_vfp                   0x080075a9   Thumb Code     0  fpinit.o(x$fpl$fpinit)
    __fplib_config_pureend_doubles           0x080075a9   Thumb Code     0  fpinit.o(x$fpl$fpinit)
    D1CorePrescTable                         0x080075aa   Data          16  system_stm32h7xx.o(.constdata)
    UARTPrescTable                           0x080075ba   Data          24  stm32h7xx_hal_uart.o(.constdata)
    asc2_1206                                0x080075d2   Data        1140  lcd.o(.constdata)
    asc2_1608                                0x08007a46   Data        1520  lcd.o(.constdata)
    asc2_2412                                0x08008036   Data        3420  lcd.o(.constdata)
    asc2_3216                                0x08008d92   Data        6080  lcd.o(.constdata)
    Region$$Table$$Base                      0x0800a58c   Number         0  anon$$obj.o(Region$$Table)
    Region$$Table$$Limit                     0x0800a5ac   Number         0  anon$$obj.o(Region$$Table)
    SystemCoreClock                          0x24000000   Data           4  system_stm32h7xx.o(.data)
    SystemD2Clock                            0x24000004   Data           4  system_stm32h7xx.o(.data)
    __stdout                                 0x2400000c   Data           4  usart.o(.data)
    g_usart_rx_sta                           0x24000010   Data           2  usart.o(.data)
    g_rx_buffer                              0x24000012   Data           1  usart.o(.data)
    uwTick                                   0x24000014   Data           4  stm32h7xx_hal.o(.data)
    uwTickPrio                               0x24000018   Data           4  stm32h7xx_hal.o(.data)
    uwTickFreq                               0x2400001c   Data           1  stm32h7xx_hal.o(.data)
    g_point_color                            0x24000020   Data           4  lcd.o(.data)
    g_back_color                             0x24000024   Data           4  lcd.o(.data)
    lcddev                                   0x24000028   Data           8  lcd.o(.data)
    g_ltdc_framebuf                          0x24000030   Data           8  ltdc.o(.data)
    g_usart_rx_buf                           0x24000038   Data         200  usart.o(.bss)
    g_uart1_handle                           0x24000100   Data         148  usart.o(.bss)
    g_sdram_handle                           0x24000194   Data          52  sdram.o(.bss)
    g_ltdc_handle                            0x240001c8   Data         168  ltdc.o(.bss)
    g_dma2d_handle                           0x24000270   Data         104  ltdc.o(.bss)
    lcdltdc                                  0x240002d8   Data          36  ltdc.o(.bss)
    __libspace_start                         0x240002fc   Data          96  libspace.o(.bss)
    __temporary_stack_top$libspace           0x2400035c   Data           0  libspace.o(.bss)
    ltdc_lcd_framebuf                        0xd0000000   Data       2048000  ltdc.o(.ARM.__AT_0xD0000000)



==============================================================================

Memory Map of the image

  Image Entry point : 0x08000299

  Load Region LR_IROM1 (Base: 0x08000000, Size: 0x0000a5e4, Max: 0x00100000, ABSOLUTE)

    Execution Region ER_IROM1 (Exec base: 0x08000000, Load base: 0x08000000, Size: 0x0000a5ac, Max: 0x00100000, ABSOLUTE)

    Exec Addr    Load Addr    Size         Type   Attr      Idx    E Section Name        Object

    0x08000000   0x08000000   0x00000298   Data   RO            3    RESET               startup_stm32h747xx.o
    0x08000298   0x08000298   0x00000008   Code   RO         4725  * !!!main             c_w.l(__main.o)
    0x080002a0   0x080002a0   0x00000034   Code   RO         4902    !!!scatter          c_w.l(__scatter.o)
    0x080002d4   0x080002d4   0x0000001a   Code   RO         4904    !!handler_copy      c_w.l(__scatter_copy.o)
    0x080002ee   0x080002ee   0x00000002   PAD
    0x080002f0   0x080002f0   0x0000001c   Code   RO         4906    !!handler_zi        c_w.l(__scatter_zi.o)
    0x0800030c   0x0800030c   0x00000000   Code   RO         4720    .ARM.Collect$$_printf_percent$$00000000  c_w.l(_printf_percent.o)
    0x0800030c   0x0800030c   0x00000006   Code   RO         4719    .ARM.Collect$$_printf_percent$$0000000C  c_w.l(_printf_x.o)
    0x08000312   0x08000312   0x00000004   Code   RO         4742    .ARM.Collect$$_printf_percent$$00000017  c_w.l(_printf_percent_end.o)
    0x08000316   0x08000316   0x00000002   Code   RO         4779    .ARM.Collect$$libinit$$00000000  c_w.l(libinit.o)
    0x08000318   0x08000318   0x00000004   Code   RO         4791    .ARM.Collect$$libinit$$00000001  c_w.l(libinit2.o)
    0x0800031c   0x0800031c   0x00000000   Code   RO         4794    .ARM.Collect$$libinit$$00000004  c_w.l(libinit2.o)
    0x0800031c   0x0800031c   0x00000000   Code   RO         4797    .ARM.Collect$$libinit$$0000000A  c_w.l(libinit2.o)
    0x0800031c   0x0800031c   0x00000000   Code   RO         4799    .ARM.Collect$$libinit$$0000000C  c_w.l(libinit2.o)
    0x0800031c   0x0800031c   0x00000000   Code   RO         4801    .ARM.Collect$$libinit$$0000000E  c_w.l(libinit2.o)
    0x0800031c   0x0800031c   0x00000000   Code   RO         4804    .ARM.Collect$$libinit$$00000011  c_w.l(libinit2.o)
    0x0800031c   0x0800031c   0x00000000   Code   RO         4806    .ARM.Collect$$libinit$$00000013  c_w.l(libinit2.o)
    0x0800031c   0x0800031c   0x00000000   Code   RO         4808    .ARM.Collect$$libinit$$00000015  c_w.l(libinit2.o)
    0x0800031c   0x0800031c   0x00000000   Code   RO         4810    .ARM.Collect$$libinit$$00000017  c_w.l(libinit2.o)
    0x0800031c   0x0800031c   0x00000000   Code   RO         4812    .ARM.Collect$$libinit$$00000019  c_w.l(libinit2.o)
    0x0800031c   0x0800031c   0x00000000   Code   RO         4814    .ARM.Collect$$libinit$$0000001B  c_w.l(libinit2.o)
    0x0800031c   0x0800031c   0x00000000   Code   RO         4816    .ARM.Collect$$libinit$$0000001D  c_w.l(libinit2.o)
    0x0800031c   0x0800031c   0x00000000   Code   RO         4818    .ARM.Collect$$libinit$$0000001F  c_w.l(libinit2.o)
    0x0800031c   0x0800031c   0x00000000   Code   RO         4820    .ARM.Collect$$libinit$$00000021  c_w.l(libinit2.o)
    0x0800031c   0x0800031c   0x00000000   Code   RO         4822    .ARM.Collect$$libinit$$00000023  c_w.l(libinit2.o)
    0x0800031c   0x0800031c   0x00000000   Code   RO         4824    .ARM.Collect$$libinit$$00000025  c_w.l(libinit2.o)
    0x0800031c   0x0800031c   0x00000000   Code   RO         4828    .ARM.Collect$$libinit$$0000002C  c_w.l(libinit2.o)
    0x0800031c   0x0800031c   0x00000000   Code   RO         4830    .ARM.Collect$$libinit$$0000002E  c_w.l(libinit2.o)
    0x0800031c   0x0800031c   0x00000000   Code   RO         4832    .ARM.Collect$$libinit$$00000030  c_w.l(libinit2.o)
    0x0800031c   0x0800031c   0x00000000   Code   RO         4834    .ARM.Collect$$libinit$$00000032  c_w.l(libinit2.o)
    0x0800031c   0x0800031c   0x00000002   Code   RO         4835    .ARM.Collect$$libinit$$00000033  c_w.l(libinit2.o)
    0x0800031e   0x0800031e   0x00000002   Code   RO         4859    .ARM.Collect$$libshutdown$$00000000  c_w.l(libshutdown.o)
    0x08000320   0x08000320   0x00000000   Code   RO         4883    .ARM.Collect$$libshutdown$$00000002  c_w.l(libshutdown2.o)
    0x08000320   0x08000320   0x00000000   Code   RO         4885    .ARM.Collect$$libshutdown$$00000004  c_w.l(libshutdown2.o)
    0x08000320   0x08000320   0x00000000   Code   RO         4887    .ARM.Collect$$libshutdown$$00000006  c_w.l(libshutdown2.o)
    0x08000320   0x08000320   0x00000000   Code   RO         4890    .ARM.Collect$$libshutdown$$00000009  c_w.l(libshutdown2.o)
    0x08000320   0x08000320   0x00000000   Code   RO         4893    .ARM.Collect$$libshutdown$$0000000C  c_w.l(libshutdown2.o)
    0x08000320   0x08000320   0x00000000   Code   RO         4895    .ARM.Collect$$libshutdown$$0000000E  c_w.l(libshutdown2.o)
    0x08000320   0x08000320   0x00000000   Code   RO         4898    .ARM.Collect$$libshutdown$$00000011  c_w.l(libshutdown2.o)
    0x08000320   0x08000320   0x00000002   Code   RO         4899    .ARM.Collect$$libshutdown$$00000012  c_w.l(libshutdown2.o)
    0x08000322   0x08000322   0x00000000   Code   RO         4729    .ARM.Collect$$rtentry$$00000000  c_w.l(__rtentry.o)
    0x08000322   0x08000322   0x00000000   Code   RO         4744    .ARM.Collect$$rtentry$$00000002  c_w.l(__rtentry2.o)
    0x08000322   0x08000322   0x00000006   Code   RO         4756    .ARM.Collect$$rtentry$$00000004  c_w.l(__rtentry4.o)
    0x08000328   0x08000328   0x00000000   Code   RO         4746    .ARM.Collect$$rtentry$$00000009  c_w.l(__rtentry2.o)
    0x08000328   0x08000328   0x00000004   Code   RO         4747    .ARM.Collect$$rtentry$$0000000A  c_w.l(__rtentry2.o)
    0x0800032c   0x0800032c   0x00000000   Code   RO         4749    .ARM.Collect$$rtentry$$0000000C  c_w.l(__rtentry2.o)
    0x0800032c   0x0800032c   0x00000008   Code   RO         4750    .ARM.Collect$$rtentry$$0000000D  c_w.l(__rtentry2.o)
    0x08000334   0x08000334   0x00000002   Code   RO         4783    .ARM.Collect$$rtexit$$00000000  c_w.l(rtexit.o)
    0x08000336   0x08000336   0x00000000   Code   RO         4837    .ARM.Collect$$rtexit$$00000002  c_w.l(rtexit2.o)
    0x08000336   0x08000336   0x00000004   Code   RO         4838    .ARM.Collect$$rtexit$$00000003  c_w.l(rtexit2.o)
    0x0800033a   0x0800033a   0x00000006   Code   RO         4839    .ARM.Collect$$rtexit$$00000004  c_w.l(rtexit2.o)
    0x08000340   0x08000340   0x00000048   Code   RO            4    .text               startup_stm32h747xx.o
    0x08000388   0x08000388   0x00000002   Code   RO         4662    .text               c_w.l(use_no_semi_2.o)
    0x0800038a   0x0800038a   0x000000ee   Code   RO         4664    .text               c_w.l(lludivv7m.o)
    0x08000478   0x08000478   0x00000018   Code   RO         4670    .text               c_w.l(noretval__2printf.o)
    0x08000490   0x08000490   0x00000028   Code   RO         4672    .text               c_w.l(noretval__2sprintf.o)
    0x080004b8   0x080004b8   0x0000004e   Code   RO         4676    .text               c_w.l(_printf_pad.o)
    0x08000506   0x08000506   0x00000002   PAD
    0x08000508   0x08000508   0x00000058   Code   RO         4681    .text               c_w.l(_printf_hex_int.o)
    0x08000560   0x08000560   0x00000138   Code   RO         4711    .text               c_w.l(__printf_flags_wp.o)
    0x08000698   0x08000698   0x00000064   Code   RO         4721    .text               c_w.l(rt_memcpy_w.o)
    0x080006fc   0x080006fc   0x00000006   Code   RO         4723    .text               c_w.l(heapauxi.o)
    0x08000702   0x08000702   0x00000002   Code   RO         4727    .text               c_w.l(use_no_semi.o)
    0x08000704   0x08000704   0x000000b2   Code   RO         4734    .text               c_w.l(_printf_intcommon.o)
    0x080007b6   0x080007b6   0x00000002   PAD
    0x080007b8   0x080007b8   0x00000030   Code   RO         4736    .text               c_w.l(_printf_char_common.o)
    0x080007e8   0x080007e8   0x0000000a   Code   RO         4738    .text               c_w.l(_sputc.o)
    0x080007f2   0x080007f2   0x00000002   PAD
    0x080007f4   0x080007f4   0x00000024   Code   RO         4740    .text               c_w.l(_printf_char_file.o)
    0x08000818   0x08000818   0x00000008   Code   RO         4762    .text               c_w.l(ferror.o)
    0x08000820   0x08000820   0x0000004a   Code   RO         4766    .text               c_w.l(sys_stackheap_outer.o)
    0x0800086a   0x0800086a   0x00000012   Code   RO         4768    .text               c_w.l(exit.o)
    0x0800087c   0x0800087c   0x00000008   Code   RO         4780    .text               c_w.l(libspace.o)
    0x08000884   0x08000884   0x00000004   Code   RO          373    i.BusFault_Handler  stm32h7xx_it.o
    0x08000888   0x08000888   0x00000002   Code   RO          374    i.DebugMon_Handler  stm32h7xx_it.o
    0x0800088a   0x0800088a   0x00000002   PAD
    0x0800088c   0x0800088c   0x00000028   Code   RO          442    i.ExitRun0Mode      system_stm32h7xx.o
    0x080008b4   0x080008b4   0x0000006c   Code   RO         3554    i.FMC_SDRAM_Init    stm32h7xx_ll_fmc.o
    0x08000920   0x08000920   0x00000014   Code   RO         3555    i.FMC_SDRAM_ProgramRefreshRate  stm32h7xx_ll_fmc.o
    0x08000934   0x08000934   0x00000026   Code   RO         3556    i.FMC_SDRAM_SendCommand  stm32h7xx_ll_fmc.o
    0x0800095a   0x0800095a   0x00000002   PAD
    0x0800095c   0x0800095c   0x00000094   Code   RO         3558    i.FMC_SDRAM_Timing_Init  stm32h7xx_ll_fmc.o
    0x080009f0   0x080009f0   0x000004dc   Code   RO         1238    i.HAL_DMA_Abort     stm32h7xx_hal_dma.o
    0x08000ecc   0x08000ecc   0x00000398   Code   RO         1239    i.HAL_DMA_Abort_IT  stm32h7xx_hal_dma.o
    0x08001264   0x08001264   0x00000014   Code   RO          704    i.HAL_EnableCompensationCell  stm32h7xx_hal.o
    0x08001278   0x08001278   0x000001fc   Code   RO         1423    i.HAL_GPIO_Init     stm32h7xx_hal_gpio.o
    0x08001474   0x08001474   0x00000010   Code   RO         1425    i.HAL_GPIO_ReadPin  stm32h7xx_hal_gpio.o
    0x08001484   0x08001484   0x00000014   Code   RO         1426    i.HAL_GPIO_TogglePin  stm32h7xx_hal_gpio.o
    0x08001498   0x08001498   0x0000000c   Code   RO         1427    i.HAL_GPIO_WritePin  stm32h7xx_hal_gpio.o
    0x080014a4   0x080014a4   0x0000000c   Code   RO          711    i.HAL_GetREVID      stm32h7xx_hal.o
    0x080014b0   0x080014b0   0x0000000c   Code   RO          712    i.HAL_GetTick       stm32h7xx_hal.o
    0x080014bc   0x080014bc   0x00000018   Code   RO          718    i.HAL_IncTick       stm32h7xx_hal.o
    0x080014d4   0x080014d4   0x00000060   Code   RO          719    i.HAL_Init          stm32h7xx_hal.o
    0x08001534   0x08001534   0x00000058   Code   RO          720    i.HAL_InitTick      stm32h7xx_hal.o
    0x0800158c   0x0800158c   0x0000005e   Code   RO         3692    i.HAL_LTDC_ConfigLayer  stm32h7xx_hal_ltdc.o
    0x080015ea   0x080015ea   0x000000ca   Code   RO         3709    i.HAL_LTDC_Init     stm32h7xx_hal_ltdc.o
    0x080016b4   0x080016b4   0x00000200   Code   RO         4496    i.HAL_LTDC_MspInit  ltdc.o
    0x080018b4   0x080018b4   0x0000006c   Code   RO         3724    i.HAL_LTDC_SetWindowPosition  stm32h7xx_hal_ltdc.o
    0x08001920   0x08001920   0x0000006c   Code   RO         3726    i.HAL_LTDC_SetWindowSize  stm32h7xx_hal_ltdc.o
    0x0800198c   0x0800198c   0x0000005c   Code   RO         1076    i.HAL_MPU_ConfigRegion  stm32h7xx_hal_cortex.o
    0x080019e8   0x080019e8   0x0000002c   Code   RO         1077    i.HAL_MPU_Disable   stm32h7xx_hal_cortex.o
    0x08001a14   0x08001a14   0x00000040   Code   RO         1079    i.HAL_MPU_Enable    stm32h7xx_hal_cortex.o
    0x08001a54   0x08001a54   0x00000002   Code   RO          722    i.HAL_MspInit       stm32h7xx_hal.o
    0x08001a56   0x08001a56   0x00000028   Code   RO         1083    i.HAL_NVIC_EnableIRQ  stm32h7xx_hal_cortex.o
    0x08001a7e   0x08001a7e   0x0000007a   Code   RO         1089    i.HAL_NVIC_SetPriority  stm32h7xx_hal_cortex.o
    0x08001af8   0x08001af8   0x00000028   Code   RO         1090    i.HAL_NVIC_SetPriorityGrouping  stm32h7xx_hal_cortex.o
    0x08001b20   0x08001b20   0x00000014   Code   RO         1629    i.HAL_PWREx_EnableUSBVoltageDetector  stm32h7xx_hal_pwr_ex.o
    0x08001b34   0x08001b34   0x00000024   Code   RO         1999    i.HAL_RCCEx_GetD3PCLK1Freq  stm32h7xx_hal_rcc_ex.o
    0x08001b58   0x08001b58   0x00000230   Code   RO         2001    i.HAL_RCCEx_GetPLL2ClockFreq  stm32h7xx_hal_rcc_ex.o
    0x08001d88   0x08001d88   0x00000230   Code   RO         2002    i.HAL_RCCEx_GetPLL3ClockFreq  stm32h7xx_hal_rcc_ex.o
    0x08001fb8   0x08001fb8   0x00000dbc   Code   RO         2008    i.HAL_RCCEx_PeriphCLKConfig  stm32h7xx_hal_rcc_ex.o
    0x08002d74   0x08002d74   0x00000320   Code   RO         1883    i.HAL_RCC_ClockConfig  stm32h7xx_hal_rcc.o
    0x08003094   0x08003094   0x0000004c   Code   RO         1888    i.HAL_RCC_GetHCLKFreq  stm32h7xx_hal_rcc.o
    0x080030e0   0x080030e0   0x00000024   Code   RO         1890    i.HAL_RCC_GetPCLK1Freq  stm32h7xx_hal_rcc.o
    0x08003104   0x08003104   0x00000024   Code   RO         1891    i.HAL_RCC_GetPCLK2Freq  stm32h7xx_hal_rcc.o
    0x08003128   0x08003128   0x0000022c   Code   RO         1892    i.HAL_RCC_GetSysClockFreq  stm32h7xx_hal_rcc.o
    0x08003354   0x08003354   0x00000858   Code   RO         1895    i.HAL_RCC_OscConfig  stm32h7xx_hal_rcc.o
    0x08003bac   0x08003bac   0x00000050   Code   RO         3374    i.HAL_SDRAM_Init    stm32h7xx_hal_sdram.o
    0x08003bfc   0x08003bfc   0x00000174   Code   RO         4249    i.HAL_SDRAM_MspInit  sdram.o
    0x08003d70   0x08003d70   0x00000036   Code   RO         3377    i.HAL_SDRAM_ProgramRefreshRate  stm32h7xx_hal_sdram.o
    0x08003da6   0x08003da6   0x0000004e   Code   RO         3383    i.HAL_SDRAM_SendCommand  stm32h7xx_hal_sdram.o
    0x08003df4   0x08003df4   0x00000034   Code   RO         1094    i.HAL_SYSTICK_Config  stm32h7xx_hal_cortex.o
    0x08003e28   0x08003e28   0x00000002   Code   RO         2183    i.HAL_UARTEx_RxEventCallback  stm32h7xx_hal_uart.o
    0x08003e2a   0x08003e2a   0x00000002   Code   RO         2607    i.HAL_UARTEx_RxFifoFullCallback  stm32h7xx_hal_uart_ex.o
    0x08003e2c   0x08003e2c   0x00000002   Code   RO         2611    i.HAL_UARTEx_TxFifoEmptyCallback  stm32h7xx_hal_uart_ex.o
    0x08003e2e   0x08003e2e   0x00000002   Code   RO         2612    i.HAL_UARTEx_WakeupCallback  stm32h7xx_hal_uart_ex.o
    0x08003e30   0x08003e30   0x00000002   Code   RO         2199    i.HAL_UART_ErrorCallback  stm32h7xx_hal_uart.o
    0x08003e32   0x08003e32   0x00000002   PAD
    0x08003e34   0x08003e34   0x000004b6   Code   RO         2202    i.HAL_UART_IRQHandler  stm32h7xx_hal_uart.o
    0x080042ea   0x080042ea   0x00000078   Code   RO         2203    i.HAL_UART_Init     stm32h7xx_hal_uart.o
    0x08004362   0x08004362   0x00000002   PAD
    0x08004364   0x08004364   0x000000c0   Code   RO          608    i.HAL_UART_MspInit  usart.o
    0x08004424   0x08004424   0x0000005c   Code   RO         2208    i.HAL_UART_Receive_IT  stm32h7xx_hal_uart.o
    0x08004480   0x08004480   0x0000009c   Code   RO          609    i.HAL_UART_RxCpltCallback  usart.o
    0x0800451c   0x0800451c   0x00000002   Code   RO         2215    i.HAL_UART_TxCpltCallback  stm32h7xx_hal_uart.o
    0x0800451e   0x0800451e   0x00000004   Code   RO          375    i.HardFault_Handler  stm32h7xx_it.o
    0x08004522   0x08004522   0x000001e0   Code   RO         3728    i.LTDC_SetConfig    stm32h7xx_hal_ltdc.o
    0x08004702   0x08004702   0x00000002   PAD
    0x08004704   0x08004704   0x000000a0   Code   RO         4209    i.MemManage_Handler  mpu.o
    0x080047a4   0x080047a4   0x00000002   Code   RO          376    i.NMI_Handler       stm32h7xx_it.o
    0x080047a6   0x080047a6   0x00000002   Code   RO          377    i.PendSV_Handler    stm32h7xx_it.o
    0x080047a8   0x080047a8   0x00000164   Code   RO         2011    i.RCCEx_PLL2_Config  stm32h7xx_hal_rcc_ex.o
    0x0800490c   0x0800490c   0x00000164   Code   RO         2012    i.RCCEx_PLL3_Config  stm32h7xx_hal_rcc_ex.o
    0x08004a70   0x08004a70   0x00000002   Code   RO          378    i.SVC_Handler       stm32h7xx_it.o
    0x08004a72   0x08004a72   0x00000008   Code   RO          379    i.SysTick_Handler   stm32h7xx_it.o
    0x08004a7a   0x08004a7a   0x00000002   PAD
    0x08004a7c   0x08004a7c   0x00000128   Code   RO          444    i.SystemInit        system_stm32h7xx.o
    0x08004ba4   0x08004ba4   0x000000f8   Code   RO         2217    i.UART_AdvFeatureConfig  stm32h7xx_hal_uart.o
    0x08004c9c   0x08004c9c   0x000000ea   Code   RO         2218    i.UART_CheckIdleState  stm32h7xx_hal_uart.o
    0x08004d86   0x08004d86   0x00000014   Code   RO         2219    i.UART_DMAAbortOnError  stm32h7xx_hal_uart.o
    0x08004d9a   0x08004d9a   0x00000002   PAD
    0x08004d9c   0x08004d9c   0x0000006c   Code   RO         2229    i.UART_EndRxTransfer  stm32h7xx_hal_uart.o
    0x08004e08   0x08004e08   0x00000030   Code   RO         2230    i.UART_EndTransmit_IT  stm32h7xx_hal_uart.o
    0x08004e38   0x08004e38   0x00000104   Code   RO         2232    i.UART_RxISR_16BIT  stm32h7xx_hal_uart.o
    0x08004f3c   0x08004f3c   0x00000200   Code   RO         2233    i.UART_RxISR_16BIT_FIFOEN  stm32h7xx_hal_uart.o
    0x0800513c   0x0800513c   0x00000104   Code   RO         2234    i.UART_RxISR_8BIT   stm32h7xx_hal_uart.o
    0x08005240   0x08005240   0x000001fc   Code   RO         2235    i.UART_RxISR_8BIT_FIFOEN  stm32h7xx_hal_uart.o
    0x0800543c   0x0800543c   0x0000058c   Code   RO         2236    i.UART_SetConfig    stm32h7xx_hal_uart.o
    0x080059c8   0x080059c8   0x0000015c   Code   RO         2238    i.UART_Start_Receive_IT  stm32h7xx_hal_uart.o
    0x08005b24   0x08005b24   0x000000ac   Code   RO         2243    i.UART_WaitOnFlagUntilTimeout  stm32h7xx_hal_uart.o
    0x08005bd0   0x08005bd0   0x00000010   Code   RO          610    i.USART1_IRQHandler  usart.o
    0x08005be0   0x08005be0   0x00000004   Code   RO          380    i.UsageFault_Handler  stm32h7xx_it.o
    0x08005be4   0x08005be4   0x00000010   Code   RO         1096    i.__NVIC_GetPriorityGrouping  stm32h7xx_hal_cortex.o
    0x08005bf4   0x08005bf4   0x00000028   Code   RO         1097    i.__NVIC_SetPriority  stm32h7xx_hal_cortex.o
    0x08005c1c   0x08005c1c   0x0000000e   Code   RO         4709    i._is_digit         c_w.l(__printf_wp.o)
    0x08005c2a   0x08005c2a   0x00000004   Code   RO          612    i._sys_exit         usart.o
    0x08005c2e   0x08005c2e   0x00000002   PAD
    0x08005c30   0x08005c30   0x0000000c   Code   RO          486    i.delay_init        delay.o
    0x08005c3c   0x08005c3c   0x00000012   Code   RO          487    i.delay_ms          delay.o
    0x08005c4e   0x08005c4e   0x00000002   PAD
    0x08005c50   0x08005c50   0x00000048   Code   RO          488    i.delay_us          delay.o
    0x08005c98   0x08005c98   0x0000001c   Code   RO          614    i.fputc             usart.o
    0x08005cb4   0x08005cb4   0x00000018   Code   RO         4309    i.lcd_clear         lcd.o
    0x08005ccc   0x08005ccc   0x00000030   Code   RO         4311    i.lcd_display_dir   lcd.o
    0x08005cfc   0x08005cfc   0x00000020   Code   RO         4317    i.lcd_draw_point    lcd.o
    0x08005d1c   0x08005d1c   0x000000b4   Code   RO         4321    i.lcd_init          lcd.o
    0x08005dd0   0x08005dd0   0x00000140   Code   RO         4329    i.lcd_show_char     lcd.o
    0x08005f10   0x08005f10   0x0000006a   Code   RO         4331    i.lcd_show_string   lcd.o
    0x08005f7a   0x08005f7a   0x00000002   PAD
    0x08005f7c   0x08005f7c   0x00000090   Code   RO         4185    i.led_init          led.o
    0x0800600c   0x0800600c   0x00000024   Code   RO         4497    i.ltdc_clear        ltdc.o
    0x08006030   0x08006030   0x00000032   Code   RO         4498    i.ltdc_clk_set      ltdc.o
    0x08006062   0x08006062   0x00000002   PAD
    0x08006064   0x08006064   0x0000002c   Code   RO         4500    i.ltdc_display_dir  ltdc.o
    0x08006090   0x08006090   0x00000050   Code   RO         4501    i.ltdc_draw_point   ltdc.o
    0x080060e0   0x080060e0   0x00000194   Code   RO         4502    i.ltdc_fill         ltdc.o
    0x08006274   0x08006274   0x00000384   Code   RO         4503    i.ltdc_init         ltdc.o
    0x080065f8   0x080065f8   0x00000078   Code   RO         4504    i.ltdc_layer_parameter_config  ltdc.o
    0x08006670   0x08006670   0x00000054   Code   RO         4506    i.ltdc_layer_window_config  ltdc.o
    0x080066c4   0x080066c4   0x000000d0   Code   RO         4507    i.ltdc_panelid_read  ltdc.o
    0x08006794   0x08006794   0x0000000c   Code   RO         4509    i.ltdc_select_layer  ltdc.o
    0x080067a0   0x080067a0   0x00000198   Code   RO           13    i.main              main.o
    0x08006938   0x08006938   0x000000bc   Code   RO         4210    i.mpu_memory_protection  mpu.o
    0x080069f4   0x080069f4   0x0000005e   Code   RO         4211    i.mpu_set_protection  mpu.o
    0x08006a52   0x08006a52   0x00000002   PAD
    0x08006a54   0x08006a54   0x00000074   Code   RO         4252    i.sdram_init        sdram.o
    0x08006ac8   0x08006ac8   0x00000042   Code   RO         4253    i.sdram_initialization_sequence  sdram.o
    0x08006b0a   0x08006b0a   0x00000002   PAD
    0x08006b0c   0x08006b0c   0x00000048   Code   RO         4254    i.sdram_send_cmd    sdram.o
    0x08006b54   0x08006b54   0x00000140   Code   RO          531    i.sys_cache_enable  sys.o
    0x08006c94   0x08006c94   0x0000015c   Code   RO          536    i.sys_stm32_clock_init  sys.o
    0x08006df0   0x08006df0   0x0000062a   Code   RO         4615    i.tft_spi_init      tft_spi.o
    0x0800741a   0x0800741a   0x00000002   PAD
    0x0800741c   0x0800741c   0x0000006c   Code   RO         4616    i.tft_spi_write_byte  tft_spi.o
    0x08007488   0x08007488   0x00000068   Code   RO         4617    i.tft_spi_write_cmd  tft_spi.o
    0x080074f0   0x080074f0   0x00000064   Code   RO         4618    i.tft_spi_write_data  tft_spi.o
    0x08007554   0x08007554   0x00000014   Code   RO         4619    i.tft_spi_write_reg  tft_spi.o
    0x08007568   0x08007568   0x00000038   Code   RO          615    i.usart_init        usart.o
    0x080075a0   0x080075a0   0x0000000a   Code   RO         4849    x$fpl$fpinit        fz_wv.l(fpinit.o)
    0x080075aa   0x080075aa   0x00000010   Data   RO          445    .constdata          system_stm32h7xx.o
    0x080075ba   0x080075ba   0x00000018   Data   RO         2244    .constdata          stm32h7xx_hal_uart.o
    0x080075d2   0x080075d2   0x00002f80   Data   RO         4334    .constdata          lcd.o
    0x0800a552   0x0800a552   0x00000028   Data   RO         4682    .constdata          c_w.l(_printf_hex_int.o)
    0x0800a57a   0x0800a57a   0x00000011   Data   RO         4712    .constdata          c_w.l(__printf_flags_wp.o)
    0x0800a58b   0x0800a58b   0x00000001   PAD
    0x0800a58c   0x0800a58c   0x00000020   Data   RO         4900    Region$$Table       anon$$obj.o


    Execution Region RW_IRAM2 (Exec base: 0x24000000, Load base: 0x0800a5ac, Size: 0x00000d60, Max: 0x00080000, ABSOLUTE)

    Exec Addr    Load Addr    Size         Type   Attr      Idx    E Section Name        Object

    0x24000000   0x0800a5ac   0x00000008   Data   RW          446    .data               system_stm32h7xx.o
    0x24000008   0x0800a5b4   0x00000004   Data   RW          489    .data               delay.o
    0x2400000c   0x0800a5b8   0x00000007   Data   RW          617    .data               usart.o
    0x24000013   0x0800a5bf   0x00000001   PAD
    0x24000014   0x0800a5c0   0x00000009   Data   RW          746    .data               stm32h7xx_hal.o
    0x2400001d   0x0800a5c9   0x00000003   PAD
    0x24000020   0x0800a5cc   0x00000010   Data   RW         4335    .data               lcd.o
    0x24000030   0x0800a5dc   0x00000008   Data   RW         4513    .data               ltdc.o
    0x24000038        -       0x0000015c   Zero   RW          616    .bss                usart.o
    0x24000194        -       0x00000034   Zero   RW         4255    .bss                sdram.o
    0x240001c8        -       0x00000134   Zero   RW         4512    .bss                ltdc.o
    0x240002fc        -       0x00000060   Zero   RW         4781    .bss                c_w.l(libspace.o)
    0x2400035c   0x0800a5e4   0x00000004   PAD
    0x24000360        -       0x00000200   Zero   RW            2    HEAP                startup_stm32h747xx.o
    0x24000560        -       0x00000800   Zero   RW            1    STACK               startup_stm32h747xx.o



  Load Region LR$$.ARM.__AT_0xD0000000 (Base: 0xd0000000, Size: 0x00000000, Max: 0x001f4000, ABSOLUTE)

    Execution Region ER$$.ARM.__AT_0xD0000000 (Exec base: 0xd0000000, Load base: 0xd0000000, Size: 0x001f4000, Max: 0x001f4000, ABSOLUTE, UNINIT)

    Exec Addr    Load Addr    Size         Type   Attr      Idx    E Section Name        Object

    0xd0000000        -       0x001f4000   Zero   RW         4511    .ARM.__AT_0xD0000000  ltdc.o


==============================================================================

Image component sizes


      Code (inc. data)   RO Data    RW Data    ZI Data      Debug   Object Name

       102         10          0          4          0       2571   delay.o
       710         80      12160         16          0       8700   lcd.o
       144         14          0          0          0       1247   led.o
      2450        138          0          8    2048308      13786   ltdc.o
       408         76          0          0          0    1537811   main.o
       442         58          0          0          0      38468   mpu.o
       626         48          0          0         52       4579   sdram.o
        72         30        664          0       2560       1092   startup_stm32h747xx.o
       254         54          0          9          0      33231   stm32h7xx_hal.o
       510         40          0          0          0      44017   stm32h7xx_hal_cortex.o
      2164         34          0          0          0       4715   stm32h7xx_hal_dma.o
       556         52          0          0          0       4328   stm32h7xx_hal_gpio.o
       992          0          0          0          0       5673   stm32h7xx_hal_ltdc.o
        20          6          0          0          0        737   stm32h7xx_hal_pwr_ex.o
      3640        114          0          0          0       8076   stm32h7xx_hal_rcc.o
      5384        118          0          0          0       8489   stm32h7xx_hal_rcc_ex.o
       212          4          0          0          0       3468   stm32h7xx_hal_sdram.o
      5562        202         24          0          0      40770   stm32h7xx_hal_uart.o
         6          0          0          0          0       2885   stm32h7xx_hal_uart_ex.o
        28          0          0          0          0       5006   stm32h7xx_it.o
       314          4          0          0          0       5036   stm32h7xx_ll_fmc.o
       668         22          0          0          0      38789   sys.o
       336         46         16          8          0       2745   system_stm32h7xx.o
      1910         40          0          0          0       5141   tft_spi.o
       452         58          0          7        348       6881   usart.o

    ----------------------------------------------------------------------
     27990       1248      12896         56    2051268    1828241   Object Totals
         0          0         32          0          0          0   (incl. Generated)
        28          0          0          4          0          0   (incl. Padding)

    ----------------------------------------------------------------------

      Code (inc. data)   RO Data    RW Data    ZI Data      Debug   Library Member Name

         8          0          0          0          0         68   __main.o
       312          4         17          0          0         92   __printf_flags_wp.o
        14          0          0          0          0         68   __printf_wp.o
         0          0          0          0          0          0   __rtentry.o
        12          0          0          0          0          0   __rtentry2.o
         6          0          0          0          0          0   __rtentry4.o
        52          8          0          0          0          0   __scatter.o
        26          0          0          0          0          0   __scatter_copy.o
        28          0          0          0          0          0   __scatter_zi.o
        48          6          0          0          0         96   _printf_char_common.o
        36          4          0          0          0         80   _printf_char_file.o
        88          4         40          0          0         88   _printf_hex_int.o
       178          0          0          0          0         88   _printf_intcommon.o
        78          0          0          0          0        108   _printf_pad.o
         0          0          0          0          0          0   _printf_percent.o
         4          0          0          0          0          0   _printf_percent_end.o
         6          0          0          0          0          0   _printf_x.o
        10          0          0          0          0         68   _sputc.o
        18          0          0          0          0         80   exit.o
         8          0          0          0          0         68   ferror.o
         6          0          0          0          0        152   heapauxi.o
         2          0          0          0          0          0   libinit.o
         6          0          0          0          0          0   libinit2.o
         2          0          0          0          0          0   libshutdown.o
         2          0          0          0          0          0   libshutdown2.o
         8          4          0          0         96         68   libspace.o
       238          0          0          0          0        100   lludivv7m.o
        24          4          0          0          0         84   noretval__2printf.o
        40          6          0          0          0         84   noretval__2sprintf.o
       100          0          0          0          0         80   rt_memcpy_w.o
         2          0          0          0          0          0   rtexit.o
        10          0          0          0          0          0   rtexit2.o
        74          0          0          0          0         80   sys_stackheap_outer.o
         2          0          0          0          0         68   use_no_semi.o
         2          0          0          0          0         68   use_no_semi_2.o
        10          0          0          0          0        116   fpinit.o

    ----------------------------------------------------------------------
      1468         40         58          0        100       1804   Library Totals
         8          0          1          0          4          0   (incl. Padding)

    ----------------------------------------------------------------------

      Code (inc. data)   RO Data    RW Data    ZI Data      Debug   Library Name

      1450         40         57          0         96       1688   c_w.l
        10          0          0          0          0        116   fz_wv.l

    ----------------------------------------------------------------------
      1468         40         58          0        100       1804   Library Totals

    ----------------------------------------------------------------------

==============================================================================


      Code (inc. data)   RO Data    RW Data    ZI Data      Debug   

     29458       1288      12954         56    2051368    1817913   Grand Totals
     29458       1288      12954         56    2051368    1817913   ELF Image Totals
     29458       1288      12954         56          0          0   ROM Totals

==============================================================================

    Total RO  Size (Code + RO Data)                42412 (  41.42kB)
    Total RW  Size (RW Data + ZI Data)           2051424 (2003.34kB)
    Total ROM Size (Code + RO Data + RW Data)      42468 (  41.47kB)

==============================================================================

