<html>
<body>
<pre>
<h1>礦ision Build Log</h1>
<h2>Tool Versions:</h2>
IDE-Version: μVision V5.24.2.0
Copyright (C) 2017 ARM Ltd and ARM Germany GmbH. All rights reserved.
License Information: 2 admin, 2, LIC=ATTQ1-CFEMZ-74FS0-B3EN3-1RV7E-UFXHC
 
Tool Versions:
Toolchain:       MDK-ARM Plus  Version: 5.37.0.0
Toolchain Path:  D:\STM\STM32\ARM\ARMCC\Bin
C Compiler:      Armcc.exe V5.06 update 7 (build 960)
Assembler:       Armasm.exe V5.06 update 7 (build 960)
Linker/Locator:  ArmLink.exe V5.06 update 7 (build 960)
Library Manager: ArmAr.exe V5.06 update 7 (build 960)
Hex Converter:   FromElf.exe V5.06 update 7 (build 960)
CPU DLL:         SARMCM3.DLL V5.37.0.0
Dialog DLL:      DCM.DLL V1.17.5.0
Target DLL:      STLink\ST-LINKIII-KEIL_SWO.dll V3.0.9.0
Dialog DLL:      TCM.DLL V1.56.1.0
 
<h2>Project:</h2>
D:\Users\admin\Desktop\设备\慧勤智远 STM32H747XIH6 CB V1.1小系统板\3. 程序源码\2，标准例程-HAL库版本\标准例程-HAL库版本\实验12 LTDC_RGB并口屏显示实验\Projects\MDK-ARM\STM32H747.uvprojx
Project File Date:  05/26/2026

<h2>Output:</h2>
*** Using Compiler 'V5.06 update 7 (build 960)', folder: 'D:\STM\STM32\ARM\ARMCC\Bin'
Rebuild target 'LTDC'
assembling startup_stm32h747xx.s...
compiling tft_spi.c...
compiling stm32h7xx_hal_usart_ex.c...
compiling system_stm32h7xx.c...
compiling stm32h7xx_hal_uart_ex.c...
compiling lcd.c...
compiling delay.c...
compiling stm32h7xx_it.c...
compiling usart.c...
compiling stm32h7xx_hal_sram.c...
compiling stm32h7xx_hal_dma2d.c...
compiling stm32h7xx_hal_pwr_ex.c...
compiling sdram.c...
compiling stm32h7xx_hal_usart.c...
compiling stm32h7xx_hal_gpio.c...
compiling stm32h7xx_hal_cortex.c...
compiling sys.c...
compiling stm32h7xx_hal_uart.c...
compiling stm32h7xx_hal_mdma.c...
compiling stm32h7xx_hal_pwr.c...
compiling led.c...
compiling stm32h7xx_hal_rcc.c...
compiling stm32h7xx_hal_dma_ex.c...
compiling stm32h7xx_hal_ltdc.c...
compiling stm32h7xx_ll_fmc.c...
compiling stm32h7xx_hal_ltdc_ex.c...
compiling stm32h7xx_hal_rcc_ex.c...
compiling stm32h7xx_hal.c...
compiling ltdc.c...
compiling main.c...
compiling mpu.c...
compiling stm32h7xx_hal_dma.c...
compiling stm32h7xx_hal_sdram.c...
linking...
Program Size: Code=29458 RO-data=12954 RW-data=56 ZI-data=2051368  
FromELF: creating hex file...
"..\..\Output\STM32H747.axf" - 0 Error(s), 0 Warning(s).

<h2>Software Packages used:</h2>

Package Vendor: Keil
                http://www.keil.com/pack/Keil.STM32H7xx_DFP.3.0.0.pack
                Keil.STM32H7xx_DFP.3.0.0
                STMicroelectronics STM32H7 Series Device Support and Examples

<h2>Collection of Component include folders:</h2>
  .\RTE\_LTDC
  D:\STM\STM32\ARM\PACK\Keil\STM32H7xx_DFP\3.0.0\Drivers\CMSIS\Device\ST\STM32H7xx\Include

<h2>Collection of Component Files used:</h2>
Build Time Elapsed:  00:00:48
</pre>
</body>
</html>
