<html>
<body>
<pre>
<h1>礦ision Build Log</h1>
<h2>Tool Versions:</h2>
IDE-Version: μVision V5.24.2.0
Copyright (C) 2017 ARM Ltd and ARM Germany GmbH. All rights reserved.
License Information: 2 admin, 2, LIC=ATTQ1-CFEMZ-74FS0-B3EN3-1RV7E-UFXHC
 
Tool Versions:
Toolchain:       MDK-ARM Plus  Version: 5.37.0.0
Toolchain Path:  D:\STM\STM32\ARM\ARMCC\Bin
C Compiler:      Armcc.exe V5.06 update 7 (build 960)
Assembler:       Armasm.exe V5.06 update 7 (build 960)
Linker/Locator:  ArmLink.exe V5.06 update 7 (build 960)
Library Manager: ArmAr.exe V5.06 update 7 (build 960)
Hex Converter:   FromElf.exe V5.06 update 7 (build 960)
CPU DLL:         SARMCM3.DLL V5.37.0.0
Dialog DLL:      DCM.DLL V1.17.5.0
Target DLL:      CMSIS_AGDI.dll V1.33.12.0
Dialog DLL:      TCM.DLL V1.56.1.0
 
<h2>Project:</h2>
D:\CubeMx\CubeMx_project\qiansai\CM7\Core\example\实验30 FATFS实验\Projects\MDK-ARM\STM32H747.uvprojx
Project File Date:  06/10/2026

<h2>Output:</h2>
*** Using Compiler 'V5.06 update 7 (build 960)', folder: 'D:\STM\STM32\ARM\ARMCC\Bin'
Build target 'FATFS'
assembling startup_stm32h747xx.s...
compiling stm32h7xx_it.c...
compiling delay.c...
compiling main.c...
compiling system_stm32h7xx.c...
compiling usart.c...
compiling sys.c...
compiling stm32h7xx_hal_dma_ex.c...
compiling stm32h7xx_hal_pwr.c...
compiling stm32h7xx_hal_sram.c...
compiling stm32h7xx_hal_ltdc.c...
compiling stm32h7xx_hal_usart.c...
compiling stm32h7xx_hal_pwr_ex.c...
compiling stm32h7xx_hal_rcc_ex.c...
compiling stm32h7xx_hal_tim.c...
compiling stm32h7xx_hal_usart_ex.c...
compiling stm32h7xx_hal_mdma.c...
compiling stm32h7xx_hal_sdram.c...
compiling stm32h7xx_hal_dsi.c...
compiling stm32h7xx_hal_ltdc_ex.c...
compiling stm32h7xx_hal_sd_ex.c...
compiling stm32h7xx_hal_dma2d.c...
compiling stm32h7xx_hal_uart_ex.c...
compiling stm32h7xx_hal.c...
compiling stm32h7xx_hal_cortex.c...
compiling stm32h7xx_hal_gpio.c...
compiling stm32h7xx_hal_qspi.c...
compiling stm32h7xx_hal_tim_ex.c...
compiling stm32h7xx_hal_rcc.c...
compiling stm32h7xx_hal_sd.c...
compiling stm32h7xx_ll_fmc.c...
compiling stm32h7xx_hal_dma.c...
compiling stm32h7xx_hal_uart.c...
compiling led.c...
compiling stm32h7xx_ll_sdmmc.c...
compiling stm32h7xx_ll_delayblock.c...
compiling mpu.c...
compiling sdram.c...
compiling lcd.c...
compiling ltdc.c...
compiling tft_spi.c...
compiling qspi.c...
compiling mipi_lcd.c...
compiling norflash.c...
compiling sdmmc_sdcard.c...
compiling ffunicode.c...
compiling sdmmc_sdnand.c...
compiling usmart_config.c...
compiling usmart.c...
compiling malloc.c...
compiling usmart_port.c...
compiling usmart_str.c...
compiling ff.c...
compiling diskio.c...
compiling ffsystem.c...
compiling exfuns.c...
compiling fattester.c...
linking...
Program Size: Code=77010 RO-data=196818 RW-data=1792 ZI-data=29986872  
FromELF: creating hex file...
"..\..\Output\STM32H747.axf" - 0 Error(s), 0 Warning(s).

<h2>Software Packages used:</h2>

Package Vendor: Keil
                http://www.keil.com/pack/Keil.STM32H7xx_DFP.3.0.0.pack
                Keil.STM32H7xx_DFP.3.0.0
                STMicroelectronics STM32H7 Series Device Support and Examples

<h2>Collection of Component include folders:</h2>
  .\RTE\_FATFS
  D:\STM\STM32\ARM\PACK\Keil\STM32H7xx_DFP\3.0.0\Drivers\CMSIS\Device\ST\STM32H7xx\Include

<h2>Collection of Component Files used:</h2>
Build Time Elapsed:  00:00:10
</pre>
</body>
</html>
