Component: ARM Compiler 5.06 update 7 (build 960) Tool: armlink [4d3601]

==============================================================================

Section Cross References

    startup_stm32h747xx.o(STACK) refers (Special) to heapauxi.o(.text) for __use_two_region_memory
    startup_stm32h747xx.o(HEAP) refers (Special) to heapauxi.o(.text) for __use_two_region_memory
    startup_stm32h747xx.o(RESET) refers (Special) to heapauxi.o(.text) for __use_two_region_memory
    startup_stm32h747xx.o(RESET) refers to startup_stm32h747xx.o(STACK) for __initial_sp
    startup_stm32h747xx.o(RESET) refers to startup_stm32h747xx.o(.text) for Reset_Handler
    startup_stm32h747xx.o(RESET) refers to stm32h7xx_it.o(i.NMI_Handler) for NMI_Handler
    startup_stm32h747xx.o(RESET) refers to stm32h7xx_it.o(i.HardFault_Handler) for HardFault_Handler
    startup_stm32h747xx.o(RESET) refers to mpu.o(i.MemManage_Handler) for MemManage_Handler
    startup_stm32h747xx.o(RESET) refers to stm32h7xx_it.o(i.BusFault_Handler) for BusFault_Handler
    startup_stm32h747xx.o(RESET) refers to stm32h7xx_it.o(i.UsageFault_Handler) for UsageFault_Handler
    startup_stm32h747xx.o(RESET) refers to stm32h7xx_it.o(i.SVC_Handler) for SVC_Handler
    startup_stm32h747xx.o(RESET) refers to stm32h7xx_it.o(i.DebugMon_Handler) for DebugMon_Handler
    startup_stm32h747xx.o(RESET) refers to stm32h7xx_it.o(i.PendSV_Handler) for PendSV_Handler
    startup_stm32h747xx.o(RESET) refers to stm32h7xx_it.o(i.SysTick_Handler) for SysTick_Handler
    startup_stm32h747xx.o(RESET) refers to usmart_port.o(i.TIM4_IRQHandler) for TIM4_IRQHandler
    startup_stm32h747xx.o(RESET) refers to usart.o(i.USART1_IRQHandler) for USART1_IRQHandler
    startup_stm32h747xx.o(.text) refers (Special) to heapauxi.o(.text) for __use_two_region_memory
    startup_stm32h747xx.o(.text) refers to system_stm32h7xx.o(i.ExitRun0Mode) for ExitRun0Mode
    startup_stm32h747xx.o(.text) refers to system_stm32h7xx.o(i.SystemInit) for SystemInit
    startup_stm32h747xx.o(.text) refers to __main.o(!!!main) for __main
    startup_stm32h747xx.o(.text) refers to startup_stm32h747xx.o(HEAP) for Heap_Mem
    startup_stm32h747xx.o(.text) refers to startup_stm32h747xx.o(STACK) for Stack_Mem
    main.o(i.main) refers to sys.o(i.sys_cache_enable) for sys_cache_enable
    main.o(i.main) refers to stm32h7xx_hal.o(i.HAL_Init) for HAL_Init
    main.o(i.main) refers to sys.o(i.sys_stm32_clock_init) for sys_stm32_clock_init
    main.o(i.main) refers to delay.o(i.delay_init) for delay_init
    main.o(i.main) refers to usart.o(i.usart_init) for usart_init
    main.o(i.main) refers to usmart.o(i.usmart_init) for usmart_init
    main.o(i.main) refers to led.o(i.led_init) for led_init
    main.o(i.main) refers to mpu.o(i.mpu_memory_protection) for mpu_memory_protection
    main.o(i.main) refers to sdram.o(i.sdram_init) for sdram_init
    main.o(i.main) refers to lcd.o(i.lcd_init) for lcd_init
    main.o(i.main) refers to norflash.o(i.norflash_init) for norflash_init
    main.o(i.main) refers to sdmmc_sdnand.o(i.sdnand_init) for sdnand_init
    main.o(i.main) refers to malloc.o(i.my_mem_init) for my_mem_init
    main.o(i.main) refers to lcd.o(i.lcd_show_string) for lcd_show_string
    main.o(i.main) refers to delay.o(i.delay_ms) for delay_ms
    main.o(i.main) refers to stm32h7xx_hal_gpio.o(i.HAL_GPIO_TogglePin) for HAL_GPIO_TogglePin
    main.o(i.main) refers to sdmmc_sdcard.o(i.sd_init) for sd_init
    main.o(i.main) refers to exfuns.o(i.exfuns_init) for exfuns_init
    main.o(i.main) refers to ff.o(i.f_mount) for f_mount
    main.o(i.main) refers to ff.o(i.f_mkfs) for f_mkfs
    main.o(i.main) refers to ff.o(i.f_setlabel) for f_setlabel
    main.o(i.main) refers to lcd.o(i.lcd_fill) for lcd_fill
    main.o(i.main) refers to exfuns.o(i.exfuns_get_free) for exfuns_get_free
    main.o(i.main) refers to lcd.o(i.lcd_show_num) for lcd_show_num
    main.o(i.main) refers to exfuns.o(.bss) for fs
    stm32h7xx_it.o(i.SysTick_Handler) refers to stm32h7xx_hal.o(i.HAL_IncTick) for HAL_IncTick
    system_stm32h7xx.o(i.SystemCoreClockUpdate) refers to system_stm32h7xx.o(.constdata) for D1CorePrescTable
    system_stm32h7xx.o(i.SystemCoreClockUpdate) refers to system_stm32h7xx.o(.data) for SystemD2Clock
    delay.o(i.HAL_Delay) refers to delay.o(i.delay_ms) for delay_ms
    delay.o(i.delay_init) refers to delay.o(.data) for g_fac_us
    delay.o(i.delay_ms) refers to delay.o(i.delay_us) for delay_us
    delay.o(i.delay_us) refers to delay.o(.data) for g_fac_us
    sys.o(i.sys_stm32_clock_init) refers to stm32h7xx_hal_rcc.o(i.HAL_RCC_OscConfig) for HAL_RCC_OscConfig
    sys.o(i.sys_stm32_clock_init) refers to stm32h7xx_hal_rcc.o(i.HAL_RCC_ClockConfig) for HAL_RCC_ClockConfig
    sys.o(i.sys_stm32_clock_init) refers to stm32h7xx_hal_rcc_ex.o(i.HAL_RCCEx_PeriphCLKConfig) for HAL_RCCEx_PeriphCLKConfig
[...]
    SDMMC_GetCmdResp2                        0x08007bb9   Thumb Code    96  stm32h7xx_ll_sdmmc.o(i.SDMMC_GetCmdResp2)
    SDMMC_GetCmdResp3                        0x08007c21   Thumb Code    82  stm32h7xx_ll_sdmmc.o(i.SDMMC_GetCmdResp3)
    SDMMC_GetCmdResp6                        0x08007c7d   Thumb Code   180  stm32h7xx_ll_sdmmc.o(i.SDMMC_GetCmdResp6)
    SDMMC_GetCmdResp7                        0x08007d39   Thumb Code   104  stm32h7xx_ll_sdmmc.o(i.SDMMC_GetCmdResp7)
    SDMMC_GetCommandResponse                 0x08007da5   Thumb Code     8  stm32h7xx_ll_sdmmc.o(i.SDMMC_GetCommandResponse)
    SDMMC_GetPowerState                      0x08007dad   Thumb Code    10  stm32h7xx_ll_sdmmc.o(i.SDMMC_GetPowerState)
    SDMMC_GetResponse                        0x08007db7   Thumb Code    12  stm32h7xx_ll_sdmmc.o(i.SDMMC_GetResponse)
    SDMMC_Init                               0x08007dc5   Thumb Code    46  stm32h7xx_ll_sdmmc.o(i.SDMMC_Init)
    SDMMC_PowerState_OFF                     0x08007df9   Thumb Code    14  stm32h7xx_ll_sdmmc.o(i.SDMMC_PowerState_OFF)
    SDMMC_PowerState_ON                      0x08007e07   Thumb Code    14  stm32h7xx_ll_sdmmc.o(i.SDMMC_PowerState_ON)
    SDMMC_ReadFIFO                           0x08007e15   Thumb Code     8  stm32h7xx_ll_sdmmc.o(i.SDMMC_ReadFIFO)
    SDMMC_SendCommand                        0x08007e1d   Thumb Code    40  stm32h7xx_ll_sdmmc.o(i.SDMMC_SendCommand)
    SDMMC_WriteFIFO                          0x08007e49   Thumb Code    12  stm32h7xx_ll_sdmmc.o(i.SDMMC_WriteFIFO)
    SVC_Handler                              0x080083ad   Thumb Code     2  stm32h7xx_it.o(i.SVC_Handler)
    SysTick_Handler                          0x080083af   Thumb Code     8  stm32h7xx_it.o(i.SysTick_Handler)
    SystemInit                               0x080083b9   Thumb Code   256  system_stm32h7xx.o(i.SystemInit)
    TIM4_IRQHandler                          0x080084e1   Thumb Code    60  usmart_port.o(i.TIM4_IRQHandler)
    TIM_Base_SetConfig                       0x08008525   Thumb Code   178  stm32h7xx_hal_tim.o(i.TIM_Base_SetConfig)
    UART_AdvFeatureConfig                    0x080085f9   Thumb Code   248  stm32h7xx_hal_uart.o(i.UART_AdvFeatureConfig)
    UART_CheckIdleState                      0x080086f1   Thumb Code   234  stm32h7xx_hal_uart.o(i.UART_CheckIdleState)
    UART_SetConfig                           0x08008e91   Thumb Code  1402  stm32h7xx_hal_uart.o(i.UART_SetConfig)
    UART_Start_Receive_IT                    0x0800941d   Thumb Code   332  stm32h7xx_hal_uart.o(i.UART_Start_Receive_IT)
    UART_WaitOnFlagUntilTimeout              0x08009579   Thumb Code   172  stm32h7xx_hal_uart.o(i.UART_WaitOnFlagUntilTimeout)
    USART1_IRQHandler                        0x08009625   Thumb Code    10  usart.o(i.USART1_IRQHandler)
    UsageFault_Handler                       0x08009635   Thumb Code     4  stm32h7xx_it.o(i.UsageFault_Handler)
    _is_digit                                0x08009671   Thumb Code    14  __printf_wp.o(i._is_digit)
    _sys_exit                                0x0800967f   Thumb Code     4  usart.o(i._sys_exit)
    delay_init                               0x08009fb5   Thumb Code     6  delay.o(i.delay_init)
    delay_ms                                 0x08009fc1   Thumb Code    18  delay.o(i.delay_ms)
    delay_us                                 0x08009fd5   Thumb Code    68  delay.o(i.delay_us)
    dir_sdi                                  0x0800a781   Thumb Code   170  ff.o(i.dir_sdi)
    disk_initialize                          0x0800a82b   Thumb Code    54  diskio.o(i.disk_initialize)
    disk_ioctl                               0x0800a861   Thumb Code   184  diskio.o(i.disk_ioctl)
    disk_read                                0x0800a921   Thumb Code   144  diskio.o(i.disk_read)
    disk_status                              0x0800a9b1   Thumb Code     6  diskio.o(i.disk_status)
    disk_write                               0x0800a9b7   Thumb Code   144  diskio.o(i.disk_write)
    dsi_host_init                            0x0800aa49   Thumb Code   404  mipi_lcd.o(i.dsi_host_init)
    dsi_init                                 0x0800abfd   Thumb Code   228  mipi_lcd.o(i.dsi_init)
    dsi_io_write                             0x0800acf5   Thumb Code    96  mipi_lcd.o(i.dsi_io_write)
    dsi_ltdc_init                            0x0800ad59   Thumb Code   170  mipi_lcd.o(i.dsi_ltdc_init)
    exfuns_get_free                          0x0800ae1d   Thumb Code    74  exfuns.o(i.exfuns_get_free)
    exfuns_init                              0x0800ae69   Thumb Code    64  exfuns.o(i.exfuns_init)
    f_close                                  0x0800aead   Thumb Code    38  ff.o(i.f_close)
    f_closedir                               0x0800aed3   Thumb Code    24  ff.o(i.f_closedir)
    f_getfree                                0x0800aeeb   Thumb Code   348  ff.o(i.f_getfree)
    f_getlabel                               0x0800b047   Thumb Code   316  ff.o(i.f_getlabel)
    f_gets                                   0x0800b183   Thumb Code    80  ff.o(i.f_gets)
    f_lseek                                  0x0800b1d3   Thumb Code  1134  ff.o(i.f_lseek)
    f_mkdir                                  0x0800b641   Thumb Code   418  ff.o(i.f_mkdir)
    f_mkfs                                   0x0800b7e5   Thumb Code  3514  ff.o(i.f_mkfs)
    f_mount                                  0x0800c5e1   Thumb Code    80  ff.o(i.f_mount)
    f_open                                   0x0800c635   Thumb Code   786  ff.o(i.f_open)
    f_opendir                                0x0800c947   Thumb Code   184  ff.o(i.f_opendir)
    f_putc                                   0x0800c9ff   Thumb Code    34  ff.o(i.f_putc)
    f_puts                                   0x0800ca21   Thumb Code    44  ff.o(i.f_puts)
    f_read                                   0x0800ca4d   Thumb Code   552  ff.o(i.f_read)
    f_readdir                                0x0800cc75   Thumb Code   112  ff.o(i.f_readdir)
    f_rename                                 0x0800cce5   Thumb Code   516  ff.o(i.f_rename)
    f_setlabel                               0x0800cee9   Thumb Code   486  ff.o(i.f_setlabel)
    f_sync                                   0x0800d0d5   Thumb Code   424  ff.o(i.f_sync)
    f_unlink                                 0x0800d27d   Thumb Code   252  ff.o(i.f_unlink)
    f_write                                  0x0800d379   Thumb Code   644  ff.o(i.f_write)
    ff_memalloc                              0x0800d5fd   Thumb Code    14  ffsystem.o(i.ff_memalloc)
    ff_memfree                               0x0800d60b   Thumb Code    14  ffsystem.o(i.ff_memfree)
    ff_oem2uni                               0x0800d619   Thumb Code   100  ffunicode.o(i.ff_oem2uni)
    ff_uni2oem                               0x0800d681   Thumb Code   112  ffunicode.o(i.ff_uni2oem)
    ff_wtoupper                              0x0800d6f5   Thumb Code   166  ffunicode.o(i.ff_wtoupper)
    fputc                                    0x0800da01   Thumb Code    22  usart.o(i.fputc)
    get_fattime                              0x0800dc85   Thumb Code     4  ffsystem.o(i.get_fattime)
    get_sd_card_state                        0x0800df51   Thumb Code    20  sdmmc_sdcard.o(i.get_sd_card_state)
    get_sdnand_state                         0x0800df69   Thumb Code    20  sdmmc_sdnand.o(i.get_sdnand_state)
    lcd_clear                                0x0800dfb5   Thumb Code    18  lcd.o(i.lcd_clear)
    lcd_display_dir                          0x0800dfcd   Thumb Code    40  lcd.o(i.lcd_display_dir)
    lcd_draw_point                           0x0800dffd   Thumb Code    26  lcd.o(i.lcd_draw_point)
    lcd_fill                                 0x0800e01d   Thumb Code    42  lcd.o(i.lcd_fill)
    lcd_init                                 0x0800e04d   Thumb Code   152  lcd.o(i.lcd_init)
    lcd_show_char                            0x0800e11d   Thumb Code   294  lcd.o(i.lcd_show_char)
    lcd_show_num                             0x0800e25d   Thumb Code   152  lcd.o(i.lcd_show_num)
    lcd_show_string                          0x0800e2f5   Thumb Code   106  lcd.o(i.lcd_show_string)
    led_init                                 0x0800e40d   Thumb Code   130  led.o(i.led_init)
    ltdc_clear                               0x0800e5ed   Thumb Code    32  ltdc.o(i.ltdc_clear)
    ltdc_clk_set                             0x0800e611   Thumb Code    50  ltdc.o(i.ltdc_clk_set)
    ltdc_display_dir                         0x0800e645   Thumb Code    40  ltdc.o(i.ltdc_display_dir)
    ltdc_draw_point                          0x0800e671   Thumb Code    70  ltdc.o(i.ltdc_draw_point)
    ltdc_fill                                0x0800e6c1   Thumb Code   388  ltdc.o(i.ltdc_fill)
    ltdc_init                                0x0800e855   Thumb Code   868  ltdc.o(i.ltdc_init)
    ltdc_layer_parameter_config              0x0800ebd9   Thumb Code   112  ltdc.o(i.ltdc_layer_parameter_config)
    ltdc_layer_window_config                 0x0800ec51   Thumb Code    70  ltdc.o(i.ltdc_layer_window_config)
    ltdc_panelid_read                        0x0800eca5   Thumb Code   196  ltdc.o(i.ltdc_panelid_read)
    ltdc_select_layer                        0x0800ed75   Thumb Code     6  ltdc.o(i.ltdc_select_layer)
    main                                     0x0800ed81   Thumb Code   828  main.o(i.main)
    mf_close                                 0x0800f239   Thumb Code    14  fattester.o(i.mf_close)
    mf_closedir                              0x0800f24d   Thumb Code    10  fattester.o(i.mf_closedir)
    mf_fmkfs                                 0x0800f25d   Thumb Code    40  fattester.o(i.mf_fmkfs)
    mf_free                                  0x0800f289   Thumb Code    26  fattester.o(i.mf_free)
    mf_getlabel                              0x0800f2a9   Thumb Code    58  fattester.o(i.mf_getlabel)
    mf_gets                                  0x0800f32d   Thumb Code    38  fattester.o(i.mf_gets)
    mf_init                                  0x0800f375   Thumb Code    58  fattester.o(i.mf_init)
    mf_lseek                                 0x0800f3b5   Thumb Code    18  fattester.o(i.mf_lseek)
    mf_mkdir                                 0x0800f3cd   Thumb Code    12  fattester.o(i.mf_mkdir)
    mf_mount                                 0x0800f3d9   Thumb Code    20  fattester.o(i.mf_mount)
    mf_open                                  0x0800f3f1   Thumb Code    24  fattester.o(i.mf_open)
    mf_opendir                               0x0800f40d   Thumb Code    14  fattester.o(i.mf_opendir)
    mf_putc                                  0x0800f421   Thumb Code    18  fattester.o(i.mf_putc)
    mf_puts                                  0x0800f439   Thumb Code    18  fattester.o(i.mf_puts)
    mf_read                                  0x0800f451   Thumb Code   224  fattester.o(i.mf_read)
    mf_readdir                               0x0800f5ad   Thumb Code   216  fattester.o(i.mf_readdir)
    mf_rename                                0x0800f821   Thumb Code    16  fattester.o(i.mf_rename)
    mf_scan_files                            0x0800f831   Thumb Code    74  fattester.o(i.mf_scan_files)
    mf_setlabel                              0x0800f895   Thumb Code    34  fattester.o(i.mf_setlabel)
    mf_showfree                              0x0800f8f1   Thumb Code    88  fattester.o(i.mf_showfree)
    mf_size                                  0x0800f999   Thumb Code     8  fattester.o(i.mf_size)
    mf_tell                                  0x0800f9a5   Thumb Code     8  fattester.o(i.mf_tell)
    mf_unlink                                0x0800f9b1   Thumb Code    12  fattester.o(i.mf_unlink)
    mf_write                                 0x0800f9bd   Thumb Code    70  fattester.o(i.mf_write)
    mipi_lcd_ex_ili9881d_cmdinit             0x0800fa81   Thumb Code   186  mipi_lcd.o(i.mipi_lcd_ex_ili9881d_cmdinit)
    mipilcd_write_cmd                        0x0800fb41   Thumb Code    28  mipi_lcd.o(i.mipilcd_write_cmd)
    mpu_memory_protection                    0x08010005   Thumb Code   188  mpu.o(i.mpu_memory_protection)
    mpu_set_protection                       0x080100c1   Thumb Code    94  mpu.o(i.mpu_set_protection)
    my_mem_init                              0x0801018d   Thumb Code    38  malloc.o(i.my_mem_init)
    my_mem_perused                           0x08010265   Thumb Code    56  malloc.o(i.my_mem_perused)
    my_mem_set                               0x080102a5   Thumb Code    20  malloc.o(i.my_mem_set)
    myfree                                   0x080102b9   Thumb Code    30  malloc.o(i.myfree)
    mymalloc                                 0x080102dd   Thumb Code    34  malloc.o(i.mymalloc)
    norflash_erase_sector                    0x08010305   Thumb Code    44  norflash.o(i.norflash_erase_sector)
    norflash_init                            0x08010335   Thumb Code   106  norflash.o(i.norflash_init)
    norflash_qe_enable                       0x080103ad   Thumb Code    36  norflash.o(i.norflash_qe_enable)
    norflash_read                            0x080103d1   Thumb Code    46  norflash.o(i.norflash_read)
    norflash_read_id                         0x08010405   Thumb Code    52  norflash.o(i.norflash_read_id)
    norflash_read_sr                         0x0801043d   Thumb Code    68  norflash.o(i.norflash_read_sr)
    norflash_write                           0x08010495   Thumb Code   178  norflash.o(i.norflash_write)
    norflash_write_enable                    0x0801054d   Thumb Code    16  norflash.o(i.norflash_write_enable)
    norflash_write_nocheck                   0x0801055d   Thumb Code    68  norflash.o(i.norflash_write_nocheck)
    norflash_write_sr                        0x080105d9   Thumb Code    60  norflash.o(i.norflash_write_sr)
    qspi_init                                0x08010929   Thumb Code    56  qspi.o(i.qspi_init)
    qspi_receive                             0x08010969   Thumb Code    36  qspi.o(i.qspi_receive)
    qspi_send_cmd                            0x08010991   Thumb Code   250  qspi.o(i.qspi_send_cmd)
    qspi_transmit                            0x08010a91   Thumb Code    36  qspi.o(i.qspi_transmit)
    read_addr                                0x08010ab9   Thumb Code     6  usmart.o(i.read_addr)
    sd_init                                  0x08010c09   Thumb Code   124  sdmmc_sdcard.o(i.sd_init)
    sd_read_disk                             0x08010c99   Thumb Code    76  sdmmc_sdcard.o(i.sd_read_disk)
    sd_write_disk                            0x08010ced   Thumb Code    76  sdmmc_sdcard.o(i.sd_write_disk)
    sdnand_init                              0x08010d41   Thumb Code   388  sdmmc_sdnand.o(i.sdnand_init)
    sdnand_read_disk                         0x08010ee1   Thumb Code    76  sdmmc_sdnand.o(i.sdnand_read_disk)
    sdnand_write_disk                        0x08010f35   Thumb Code    76  sdmmc_sdnand.o(i.sdnand_write_disk)
    sdram_init                               0x08010f89   Thumb Code   106  sdram.o(i.sdram_init)
    sdram_initialization_sequence            0x08010ffd   Thumb Code    66  sdram.o(i.sdram_initialization_sequence)
    sdram_send_cmd                           0x08011041   Thumb Code    68  sdram.o(i.sdram_send_cmd)
    sys_cache_enable                         0x08011299   Thumb Code   310  sys.o(i.sys_cache_enable)
    sys_intx_disable                         0x080113d9   Thumb Code     4  sys.o(i.sys_intx_disable)
    sys_intx_enable                          0x080113dd   Thumb Code     4  sys.o(i.sys_intx_enable)
    sys_stm32_clock_init                     0x080113e1   Thumb Code   336  sys.o(i.sys_stm32_clock_init)
    tft_spi_init                             0x08011589   Thumb Code  1578  tft_spi.o(i.tft_spi_init)
    tft_spi_write_byte                       0x08011bb5   Thumb Code   102  tft_spi.o(i.tft_spi_write_byte)
    tft_spi_write_cmd                        0x08011c21   Thumb Code    94  tft_spi.o(i.tft_spi_write_cmd)
    tft_spi_write_data                       0x08011c89   Thumb Code    92  tft_spi.o(i.tft_spi_write_data)
    tft_spi_write_reg                        0x08011ced   Thumb Code    20  tft_spi.o(i.tft_spi_write_reg)
    usart_init                               0x08011d01   Thumb Code    44  usart.o(i.usart_init)
    usmart_cmd_rec                           0x08011d39   Thumb Code   170  usmart.o(i.usmart_cmd_rec)
    usmart_exe                               0x08011de9   Thumb Code   632  usmart.o(i.usmart_exe)
    usmart_get_aparm                         0x080120bd   Thumb Code   212  usmart_str.o(i.usmart_get_aparm)
    usmart_get_cmdname                       0x08012191   Thumb Code    54  usmart_str.o(i.usmart_get_cmdname)
    usmart_get_fname                         0x080121c9   Thumb Code   440  usmart_str.o(i.usmart_get_fname)
    usmart_get_fparam                        0x08012389   Thumb Code   262  usmart_str.o(i.usmart_get_fparam)
    usmart_get_input_string                  0x08012495   Thumb Code    30  usmart_port.o(i.usmart_get_input_string)
    usmart_get_parmpos                       0x080124bd   Thumb Code    26  usmart_str.o(i.usmart_get_parmpos)
    usmart_init                              0x080124dd   Thumb Code    18  usmart.o(i.usmart_init)
    usmart_pow                               0x080124f5   Thumb Code    22  usmart_str.o(i.usmart_pow)
    usmart_scan                              0x0801250d   Thumb Code   106  usmart.o(i.usmart_scan)
    usmart_search_nextc                      0x080125b5   Thumb Code    22  usmart_str.o(i.usmart_search_nextc)
    usmart_str2num                           0x080125cb   Thumb Code   262  usmart_str.o(i.usmart_str2num)
    usmart_strcmp                            0x080126d1   Thumb Code    34  usmart_str.o(i.usmart_strcmp)
    usmart_strcopy                           0x080126f3   Thumb Code    22  usmart_str.o(i.usmart_strcopy)
    usmart_strlen                            0x08012709   Thumb Code    24  usmart_str.o(i.usmart_strlen)
    usmart_sys_cmd_exe                       0x08012721   Thumb Code  1540  usmart.o(i.usmart_sys_cmd_exe)
    usmart_timx_get_runtime                  0x08012d95   Thumb Code    58  usmart_port.o(i.usmart_timx_get_runtime)
    usmart_timx_init                         0x08012dd9   Thumb Code   104  usmart_port.o(i.usmart_timx_init)
    usmart_timx_reset_runtime                0x08012e4d   Thumb Code    44  usmart_port.o(i.usmart_timx_reset_runtime)
    write_addr                               0x08012ebd   Thumb Code     4  usmart.o(i.write_addr)
    _fp_init                                 0x08012f61   Thumb Code    10  fpinit.o(x$fpl$fpinit)
    __fplib_config_fpu_vfp                   0x08012f69   Thumb Code     0  fpinit.o(x$fpl$fpinit)
    __fplib_config_pureend_doubles           0x08012f69   Thumb Code     0  fpinit.o(x$fpl$fpinit)
    D1CorePrescTable                         0x08012f6a   Data          16  system_stm32h7xx.o(.constdata)
    UARTPrescTable                           0x08012f7a   Data          24  stm32h7xx_hal_uart.o(.constdata)
    asc2_1206                                0x08012f92   Data        1140  lcd.o(.constdata)
    asc2_1608                                0x08013406   Data        1520  lcd.o(.constdata)
    asc2_2412                                0x080139f6   Data        3420  lcd.o(.constdata)
    asc2_3216                                0x08014752   Data        6080  lcd.o(.constdata)
    memtblsize                               0x08017cd8   Data          24  malloc.o(.constdata)
    memblksize                               0x08017cf0   Data          24  malloc.o(.constdata)
    memsize                                  0x08017d08   Data          24  malloc.o(.constdata)
    Region$$Table$$Base                      0x08042d84   Number         0  anon$$obj.o(Region$$Table)
    Region$$Table$$Limit                     0x08042da4   Number         0  anon$$obj.o(Region$$Table)
    SystemCoreClock                          0x24000000   Data           4  system_stm32h7xx.o(.data)
    SystemD2Clock                            0x24000004   Data           4  system_stm32h7xx.o(.data)
    __stdout                                 0x2400000c   Data           4  usart.o(.data)
    g_usart_rx_sta                           0x24000010   Data           2  usart.o(.data)
    g_rx_buffer                              0x24000012   Data           1  usart.o(.data)
    uwTick                                   0x24000014   Data           4  stm32h7xx_hal.o(.data)
    uwTickPrio                               0x24000018   Data           4  stm32h7xx_hal.o(.data)
    uwTickFreq                               0x2400001c   Data           1  stm32h7xx_hal.o(.data)
    g_point_color                            0x24000020   Data           4  lcd.o(.data)
    g_back_color                             0x24000024   Data           4  lcd.o(.data)
    lcddev                                   0x24000028   Data           8  lcd.o(.data)
    g_ltdc_framebuf                          0x24000030   Data           8  ltdc.o(.data)
    g_norflash_type                          0x240004d8   Data           2  norflash.o(.data)
    g_norflash_addrw                         0x240004da   Data           1  norflash.o(.data)
    sys_cmd_tab                              0x240004dc   Data          28  usmart.o(.data)
    usmart_nametab                           0x240004f8   Data         208  usmart_config.o(.data)
    usmart_dev                               0x240005c8   Data         244  usmart_config.o(.data)
    mallco_dev                               0x240006bc   Data          64  malloc.o(.data)
    g_usart_rx_buf                           0x24000700   Data         200  usart.o(.bss)
    g_uart1_handle                           0x240007c8   Data         148  usart.o(.bss)
    g_sdram_handle                           0x2400085c   Data          52  sdram.o(.bss)
    g_ltdc_handle                            0x24000890   Data         168  ltdc.o(.bss)
    g_dma2d_handle                           0x24000938   Data         104  ltdc.o(.bss)
    lcdltdc                                  0x240009a0   Data          36  ltdc.o(.bss)
    g_dsi_handle                             0x240009c4   Data          28  mipi_lcd.o(.bss)
    g_qspi_handle                            0x240009e0   Data          76  qspi.o(.bss)
    g_norflash_buf                           0x24000a2c   Data        4096  norflash.o(.bss)
    g_sd_handle                              0x24001a2c   Data         124  sdmmc_sdcard.o(.bss)
    g_sd_card_info_handle                    0x24001aa8   Data          36  sdmmc_sdcard.o(.bss)
    g_sdnand_handle                          0x24001acc   Data         124  sdmmc_sdnand.o(.bss)
    g_sdnand_info_handle                     0x24001b48   Data          36  sdmmc_sdnand.o(.bss)
    g_timx_usmart_handle                     0x24001b6c   Data          76  usmart_port.o(.bss)
    fs                                       0x2407944c   Data          12  exfuns.o(.bss)
    fattester                                0x24079458   Data         384  fattester.o(.bss)
    __libspace_start                         0x240795d8   Data          96  libspace.o(.bss)
    __temporary_stack_top$libspace           0x24079638   Data           0  libspace.o(.bss)
    ltdc_lcd_framebuf                        0xd0000000   Data       4147200  ltdc.o(.ARM.__AT_0xD0000000)



==============================================================================

Memory Map of the image

  Image Entry point : 0x08000299

  Load Region LR_IROM1 (Base: 0x08000000, Size: 0x000434a4, Max: 0x00100000, ABSOLUTE, COMPRESSED[0x000431d4])

    Execution Region ER_IROM1 (Exec base: 0x08000000, Load base: 0x08000000, Size: 0x00042da4, Max: 0x00100000, ABSOLUTE)

    Exec Addr    Load Addr    Size         Type   Attr      Idx    E Section Name        Object

    0x08000000   0x08000000   0x00000298   Data   RO            3    RESET               startup_stm32h747xx.o
    0x08000298   0x08000298   0x00000008   Code   RO         8552  * !!!main             c_w.l(__main.o)
    0x080002a0   0x080002a0   0x00000034   Code   RO         8734    !!!scatter          c_w.l(__scatter.o)
    0x080002d4   0x080002d4   0x0000005a   Code   RO         8732    !!dczerorl2         c_w.l(__dczerorl2.o)
    0x0800032e   0x0800032e   0x00000002   PAD
    0x08000330   0x08000330   0x0000001c   Code   RO         8736    !!handler_zi        c_w.l(__scatter_zi.o)
    0x0800034c   0x0800034c   0x00000000   Code   RO         8526    .ARM.Collect$$_printf_percent$$00000000  c_w.l(_printf_percent.o)
    0x0800034c   0x0800034c   0x0000000a   Code   RO         8570    .ARM.Collect$$_printf_percent$$00000007  c_w.l(_printf_ll.o)
    0x08000356   0x08000356   0x00000006   Code   RO         8524    .ARM.Collect$$_printf_percent$$00000009  c_w.l(_printf_d.o)
    0x0800035c   0x0800035c   0x00000006   Code   RO         8525    .ARM.Collect$$_printf_percent$$0000000A  c_w.l(_printf_u.o)
    0x08000362   0x08000362   0x00000006   Code   RO         8523    .ARM.Collect$$_printf_percent$$0000000C  c_w.l(_printf_x.o)
    0x08000368   0x08000368   0x00000006   Code   RO         8527    .ARM.Collect$$_printf_percent$$0000000E  c_w.l(_printf_lld.o)
    0x0800036e   0x0800036e   0x00000006   Code   RO         8521    .ARM.Collect$$_printf_percent$$00000013  c_w.l(_printf_c.o)
    0x08000374   0x08000374   0x00000006   Code   RO         8522    .ARM.Collect$$_printf_percent$$00000014  c_w.l(_printf_s.o)
    0x0800037a   0x0800037a   0x00000004   Code   RO         8569    .ARM.Collect$$_printf_percent$$00000017  c_w.l(_printf_percent_end.o)
    0x0800037e   0x0800037e   0x00000002   Code   RO         8609    .ARM.Collect$$libinit$$00000000  c_w.l(libinit.o)
    0x08000380   0x08000380   0x00000004   Code   RO         8621    .ARM.Collect$$libinit$$00000001  c_w.l(libinit2.o)
    0x08000384   0x08000384   0x00000000   Code   RO         8624    .ARM.Collect$$libinit$$00000004  c_w.l(libinit2.o)
    0x08000384   0x08000384   0x00000000   Code   RO         8627    .ARM.Collect$$libinit$$0000000A  c_w.l(libinit2.o)
    0x08000384   0x08000384   0x00000000   Code   RO         8629    .ARM.Collect$$libinit$$0000000C  c_w.l(libinit2.o)
    0x08000384   0x08000384   0x00000000   Code   RO         8631    .ARM.Collect$$libinit$$0000000E  c_w.l(libinit2.o)
    0x08000384   0x08000384   0x00000000   Code   RO         8634    .ARM.Collect$$libinit$$00000011  c_w.l(libinit2.o)
    0x08000384   0x08000384   0x00000000   Code   RO         8636    .ARM.Collect$$libinit$$00000013  c_w.l(libinit2.o)
    0x08000384   0x08000384   0x00000000   Code   RO         8638    .ARM.Collect$$libinit$$00000015  c_w.l(libinit2.o)
    0x08000384   0x08000384   0x00000000   Code   RO         8640    .ARM.Collect$$libinit$$00000017  c_w.l(libinit2.o)
    0x08000384   0x08000384   0x00000000   Code   RO         8642    .ARM.Collect$$libinit$$00000019  c_w.l(libinit2.o)
    0x08000384   0x08000384   0x00000000   Code   RO         8644    .ARM.Collect$$libinit$$0000001B  c_w.l(libinit2.o)
    0x08000384   0x08000384   0x00000000   Code   RO         8646    .ARM.Collect$$libinit$$0000001D  c_w.l(libinit2.o)
    0x08000384   0x08000384   0x00000000   Code   RO         8648    .ARM.Collect$$libinit$$0000001F  c_w.l(libinit2.o)
    0x08000384   0x08000384   0x00000000   Code   RO         8650    .ARM.Collect$$libinit$$00000021  c_w.l(libinit2.o)
    0x08000384   0x08000384   0x00000000   Code   RO         8652    .ARM.Collect$$libinit$$00000023  c_w.l(libinit2.o)
    0x08000384   0x08000384   0x00000000   Code   RO         8654    .ARM.Collect$$libinit$$00000025  c_w.l(libinit2.o)
    0x08000384   0x08000384   0x00000000   Code   RO         8658    .ARM.Collect$$libinit$$0000002C  c_w.l(libinit2.o)
    0x08000384   0x08000384   0x00000000   Code   RO         8660    .ARM.Collect$$libinit$$0000002E  c_w.l(libinit2.o)
    0x08000384   0x08000384   0x00000000   Code   RO         8662    .ARM.Collect$$libinit$$00000030  c_w.l(libinit2.o)
    0x08000384   0x08000384   0x00000000   Code   RO         8664    .ARM.Collect$$libinit$$00000032  c_w.l(libinit2.o)
    0x08000384   0x08000384   0x00000002   Code   RO         8665    .ARM.Collect$$libinit$$00000033  c_w.l(libinit2.o)
    0x08000386   0x08000386   0x00000002   Code   RO         8689    .ARM.Collect$$libshutdown$$00000000  c_w.l(libshutdown.o)
    0x08000388   0x08000388   0x00000000   Code   RO         8713    .ARM.Collect$$libshutdown$$00000002  c_w.l(libshutdown2.o)
    0x08000388   0x08000388   0x00000000   Code   RO         8715    .ARM.Collect$$libshutdown$$00000004  c_w.l(libshutdown2.o)
    0x08000388   0x08000388   0x00000000   Code   RO         8717    .ARM.Collect$$libshutdown$$00000006  c_w.l(libshutdown2.o)
    0x08000388   0x08000388   0x00000000   Code   RO         8720    .ARM.Collect$$libshutdown$$00000009  c_w.l(libshutdown2.o)
    0x08000388   0x08000388   0x00000000   Code   RO         8723    .ARM.Collect$$libshutdown$$0000000C  c_w.l(libshutdown2.o)
    0x08000388   0x08000388   0x00000000   Code   RO         8725    .ARM.Collect$$libshutdown$$0000000E  c_w.l(libshutdown2.o)
    0x08000388   0x08000388   0x00000000   Code   RO         8728    .ARM.Collect$$libshutdown$$00000011  c_w.l(libshutdown2.o)
    0x08000388   0x08000388   0x00000002   Code   RO         8729    .ARM.Collect$$libshutdown$$00000012  c_w.l(libshutdown2.o)
    0x0800038a   0x0800038a   0x00000000   Code   RO         8556    .ARM.Collect$$rtentry$$00000000  c_w.l(__rtentry.o)
    0x0800038a   0x0800038a   0x00000000   Code   RO         8572    .ARM.Collect$$rtentry$$00000002  c_w.l(__rtentry2.o)
    0x0800038a   0x0800038a   0x00000006   Code   RO         8584    .ARM.Collect$$rtentry$$00000004  c_w.l(__rtentry4.o)
    0x08000390   0x08000390   0x00000000   Code   RO         8574    .ARM.Collect$$rtentry$$00000009  c_w.l(__rtentry2.o)
    0x08000390   0x08000390   0x00000004   Code   RO         8575    .ARM.Collect$$rtentry$$0000000A  c_w.l(__rtentry2.o)
    0x08000394   0x08000394   0x00000000   Code   RO         8577    .ARM.Collect$$rtentry$$0000000C  c_w.l(__rtentry2.o)
    0x08000394   0x08000394   0x00000008   Code   RO         8578    .ARM.Collect$$rtentry$$0000000D  c_w.l(__rtentry2.o)
    0x0800039c   0x0800039c   0x00000002   Code   RO         8613    .ARM.Collect$$rtexit$$00000000  c_w.l(rtexit.o)
    0x0800039e   0x0800039e   0x00000000   Code   RO         8667    .ARM.Collect$$rtexit$$00000002  c_w.l(rtexit2.o)
    0x0800039e   0x0800039e   0x00000004   Code   RO         8668    .ARM.Collect$$rtexit$$00000003  c_w.l(rtexit2.o)
    0x080003a2   0x080003a2   0x00000006   Code   RO         8669    .ARM.Collect$$rtexit$$00000004  c_w.l(rtexit2.o)
    0x080003a8   0x080003a8   0x00000048   Code   RO            4    .text               startup_stm32h747xx.o
    0x080003f0   0x080003f0   0x00000002   Code   RO         8462    .text               c_w.l(use_no_semi_2.o)
    0x080003f2   0x080003f2   0x000000ee   Code   RO         8464    .text               c_w.l(lludivv7m.o)
    0x080004e0   0x080004e0   0x00000018   Code   RO         8468    .text               c_w.l(noretval__2printf.o)
    0x080004f8   0x080004f8   0x0000004e   Code   RO         8472    .text               c_w.l(_printf_pad.o)
    0x08000546   0x08000546   0x00000052   Code   RO         8474    .text               c_w.l(_printf_str.o)
    0x08000598   0x08000598   0x00000078   Code   RO         8476    .text               c_w.l(_printf_dec.o)
    0x08000610   0x08000610   0x0000007c   Code   RO         8478    .text               c_w.l(_printf_longlong_dec.o)
    0x0800068c   0x0800068c   0x00000058   Code   RO         8483    .text               c_w.l(_printf_hex_int.o)
    0x080006e4   0x080006e4   0x00000188   Code   RO         8518    .text               c_w.l(__printf_flags_ss_wp.o)
    0x0800086c   0x0800086c   0x00000014   Code   RO         8528    .text               c_w.l(strchr.o)
    0x08000880   0x08000880   0x00000058   Code   RO         8530    .text               c_w.l(memcmp.o)
    0x080008d8   0x080008d8   0x0000008a   Code   RO         8538    .text               c_w.l(rt_memcpy_v6.o)
    0x08000962   0x08000962   0x00000064   Code   RO         8540    .text               c_w.l(rt_memcpy_w.o)
    0x080009c6   0x080009c6   0x00000010   Code   RO         8542    .text               c_w.l(aeabi_memset.o)
    0x080009d6   0x080009d6   0x00000044   Code   RO         8544    .text               c_w.l(rt_memclr.o)
    0x08000a1a   0x08000a1a   0x0000004e   Code   RO         8546    .text               c_w.l(rt_memclr_w.o)
    0x08000a68   0x08000a68   0x00000006   Code   RO         8550    .text               c_w.l(heapauxi.o)
    0x08000a6e   0x08000a6e   0x00000002   Code   RO         8554    .text               c_w.l(use_no_semi.o)
    0x08000a70   0x08000a70   0x0000008a   Code   RO         8561    .text               c_w.l(lludiv10.o)
    0x08000afa   0x08000afa   0x000000b2   Code   RO         8563    .text               c_w.l(_printf_intcommon.o)
    0x08000bac   0x08000bac   0x0000002c   Code   RO         8565    .text               c_w.l(_printf_char.o)
    0x08000bd8   0x08000bd8   0x00000024   Code   RO         8567    .text               c_w.l(_printf_char_file.o)
    0x08000bfc   0x08000bfc   0x00000030   Code   RO         8588    .text               c_w.l(_printf_char_common.o)
    0x08000c2c   0x08000c2c   0x00000008   Code   RO         8590    .text               c_w.l(ferror.o)
    0x08000c34   0x08000c34   0x0000004a   Code   RO         8594    .text               c_w.l(sys_stackheap_outer.o)
    0x08000c7e   0x08000c7e   0x00000012   Code   RO         8598    .text               c_w.l(exit.o)
    0x08000c90   0x08000c90   0x00000008   Code   RO         8610    .text               c_w.l(libspace.o)
    0x08000c98   0x08000c98   0x00000004   Code   RO          410    i.BusFault_Handler  stm32h7xx_it.o
    0x08000c9c   0x08000c9c   0x00000014   Code   RO         5240    i.DSI_ConfigPacketHeader  stm32h7xx_hal_dsi.o
    0x08000cb0   0x08000cb0   0x0000004c   Code   RO         5241    i.DSI_ShortWrite    stm32h7xx_hal_dsi.o
    0x08000cfc   0x08000cfc   0x00000002   Code   RO          411    i.DebugMon_Handler  stm32h7xx_it.o
    0x08000cfe   0x08000cfe   0x00000002   PAD
    0x08000d00   0x08000d00   0x00000028   Code   RO          479    i.ExitRun0Mode      system_stm32h7xx.o
    0x08000d28   0x08000d28   0x0000006c   Code   RO         4609    i.FMC_SDRAM_Init    stm32h7xx_ll_fmc.o
    0x08000d94   0x08000d94   0x00000014   Code   RO         4610    i.FMC_SDRAM_ProgramRefreshRate  stm32h7xx_ll_fmc.o
    0x08000da8   0x08000da8   0x00000026   Code   RO         4611    i.FMC_SDRAM_SendCommand  stm32h7xx_ll_fmc.o
    0x08000dce   0x08000dce   0x00000002   PAD
    0x08000dd0   0x08000dd0   0x00000094   Code   RO         4613    i.FMC_SDRAM_Timing_Init  stm32h7xx_ll_fmc.o
    0x08000e64   0x08000e64   0x000004dc   Code   RO         1275    i.HAL_DMA_Abort     stm32h7xx_hal_dma.o
    0x08001340   0x08001340   0x00000398   Code   RO         1276    i.HAL_DMA_Abort_IT  stm32h7xx_hal_dma.o
    0x080016d8   0x080016d8   0x000000a2   Code   RO         5248    i.HAL_DSI_ConfigPhyTimer  stm32h7xx_hal_dsi.o
    0x0800177a   0x0800177a   0x000002d0   Code   RO         5249    i.HAL_DSI_ConfigVideoMode  stm32h7xx_hal_dsi.o
    0x08001a4a   0x08001a4a   0x00000002   PAD
    0x08001a4c   0x08001a4c   0x00000278   Code   RO         5263    i.HAL_DSI_Init      stm32h7xx_hal_dsi.o
    0x08001cc4   0x08001cc4   0x000000e4   Code   RO         5264    i.HAL_DSI_LongWrite  stm32h7xx_hal_dsi.o
    0x08001da8   0x08001da8   0x00000002   Code   RO         5266    i.HAL_DSI_MspInit   stm32h7xx_hal_dsi.o
    0x08001daa   0x08001daa   0x00000042   Code   RO         5279    i.HAL_DSI_ShortWrite  stm32h7xx_hal_dsi.o
    0x08001dec   0x08001dec   0x00000068   Code   RO         5281    i.HAL_DSI_Start     stm32h7xx_hal_dsi.o
    0x08001e54   0x08001e54   0x0000000c   Code   RO          522    i.HAL_Delay         delay.o
    0x08001e60   0x08001e60   0x00000014   Code   RO          741    i.HAL_EnableCompensationCell  stm32h7xx_hal.o
    0x08001e74   0x08001e74   0x000001fc   Code   RO         1460    i.HAL_GPIO_Init     stm32h7xx_hal_gpio.o
    0x08002070   0x08002070   0x00000010   Code   RO         1462    i.HAL_GPIO_ReadPin  stm32h7xx_hal_gpio.o
    0x08002080   0x08002080   0x00000014   Code   RO         1463    i.HAL_GPIO_TogglePin  stm32h7xx_hal_gpio.o
    0x08002094   0x08002094   0x0000000c   Code   RO         1464    i.HAL_GPIO_WritePin  stm32h7xx_hal_gpio.o
    0x080020a0   0x080020a0   0x0000000c   Code   RO          748    i.HAL_GetREVID      stm32h7xx_hal.o
    0x080020ac   0x080020ac   0x0000000c   Code   RO          749    i.HAL_GetTick       stm32h7xx_hal.o
    0x080020b8   0x080020b8   0x00000018   Code   RO          755    i.HAL_IncTick       stm32h7xx_hal.o
    0x080020d0   0x080020d0   0x00000060   Code   RO          756    i.HAL_Init          stm32h7xx_hal.o
    0x08002130   0x08002130   0x00000058   Code   RO          757    i.HAL_InitTick      stm32h7xx_hal.o
    0x08002188   0x08002188   0x0000005e   Code   RO         4747    i.HAL_LTDC_ConfigLayer  stm32h7xx_hal_ltdc.o
    0x080021e6   0x080021e6   0x000000ca   Code   RO         4764    i.HAL_LTDC_Init     stm32h7xx_hal_ltdc.o
    0x080022b0   0x080022b0   0x00000250   Code   RO         6761    i.HAL_LTDC_MspInit  ltdc.o
    0x08002500   0x08002500   0x0000006c   Code   RO         4779    i.HAL_LTDC_SetWindowPosition  stm32h7xx_hal_ltdc.o
    0x0800256c   0x0800256c   0x0000006c   Code   RO         4781    i.HAL_LTDC_SetWindowSize  stm32h7xx_hal_ltdc.o
    0x080025d8   0x080025d8   0x0000005c   Code   RO         1113    i.HAL_MPU_ConfigRegion  stm32h7xx_hal_cortex.o
    0x08002634   0x08002634   0x0000002c   Code   RO         1114    i.HAL_MPU_Disable   stm32h7xx_hal_cortex.o
    0x08002660   0x08002660   0x00000040   Code   RO         1116    i.HAL_MPU_Enable    stm32h7xx_hal_cortex.o
    0x080026a0   0x080026a0   0x00000002   Code   RO          759    i.HAL_MspInit       stm32h7xx_hal.o
    0x080026a2   0x080026a2   0x00000028   Code   RO         1120    i.HAL_NVIC_EnableIRQ  stm32h7xx_hal_cortex.o
    0x080026ca   0x080026ca   0x0000007a   Code   RO         1126    i.HAL_NVIC_SetPriority  stm32h7xx_hal_cortex.o
    0x08002744   0x08002744   0x00000028   Code   RO         1127    i.HAL_NVIC_SetPriorityGrouping  stm32h7xx_hal_cortex.o
    0x0800276c   0x0800276c   0x00000014   Code   RO         1666    i.HAL_PWREx_EnableUSBVoltageDetector  stm32h7xx_hal_pwr_ex.o
    0x08002780   0x08002780   0x000000a4   Code   RO         5526    i.HAL_QSPI_Command  stm32h7xx_hal_qspi.o
    0x08002824   0x08002824   0x000000b0   Code   RO         5535    i.HAL_QSPI_Init     stm32h7xx_hal_qspi.o
    0x080028d4   0x080028d4   0x00000160   Code   RO         7036    i.HAL_QSPI_MspInit  qspi.o
    0x08002a34   0x08002a34   0x000000e4   Code   RO         5539    i.HAL_QSPI_Receive  stm32h7xx_hal_qspi.o
    0x08002b18   0x08002b18   0x00000004   Code   RO         5545    i.HAL_QSPI_SetTimeout  stm32h7xx_hal_qspi.o
    0x08002b1c   0x08002b1c   0x000000d4   Code   RO         5548    i.HAL_QSPI_Transmit  stm32h7xx_hal_qspi.o
    0x08002bf0   0x08002bf0   0x00000024   Code   RO         2036    i.HAL_RCCEx_GetD3PCLK1Freq  stm32h7xx_hal_rcc_ex.o
    0x08002c14   0x08002c14   0x00000230   Code   RO         2037    i.HAL_RCCEx_GetPLL1ClockFreq  stm32h7xx_hal_rcc_ex.o
    0x08002e44   0x08002e44   0x00000230   Code   RO         2038    i.HAL_RCCEx_GetPLL2ClockFreq  stm32h7xx_hal_rcc_ex.o
    0x08003074   0x08003074   0x00000230   Code   RO         2039    i.HAL_RCCEx_GetPLL3ClockFreq  stm32h7xx_hal_rcc_ex.o
    0x080032a4   0x080032a4   0x000008b0   Code   RO         2041    i.HAL_RCCEx_GetPeriphCLKFreq  stm32h7xx_hal_rcc_ex.o
    0x08003b54   0x08003b54   0x00000dbc   Code   RO         2045    i.HAL_RCCEx_PeriphCLKConfig  stm32h7xx_hal_rcc_ex.o
    0x08004910   0x08004910   0x00000320   Code   RO         1920    i.HAL_RCC_ClockConfig  stm32h7xx_hal_rcc.o
    0x08004c30   0x08004c30   0x0000004c   Code   RO         1925    i.HAL_RCC_GetHCLKFreq  stm32h7xx_hal_rcc.o
    0x08004c7c   0x08004c7c   0x00000024   Code   RO         1927    i.HAL_RCC_GetPCLK1Freq  stm32h7xx_hal_rcc.o
    0x08004ca0   0x08004ca0   0x00000024   Code   RO         1928    i.HAL_RCC_GetPCLK2Freq  stm32h7xx_hal_rcc.o
    0x08004cc4   0x08004cc4   0x0000022c   Code   RO         1929    i.HAL_RCC_GetSysClockFreq  stm32h7xx_hal_rcc.o
    0x08004ef0   0x08004ef0   0x00000858   Code   RO         1932    i.HAL_RCC_OscConfig  stm32h7xx_hal_rcc.o
    0x08005748   0x08005748   0x00000050   Code   RO         4429    i.HAL_SDRAM_Init    stm32h7xx_hal_sdram.o
    0x08005798   0x08005798   0x00000174   Code   RO         6514    i.HAL_SDRAM_MspInit  sdram.o
    0x0800590c   0x0800590c   0x00000036   Code   RO         4432    i.HAL_SDRAM_ProgramRefreshRate  stm32h7xx_hal_sdram.o
    0x08005942   0x08005942   0x0000004e   Code   RO         4438    i.HAL_SDRAM_SendCommand  stm32h7xx_hal_sdram.o
    0x08005990   0x08005990   0x00000180   Code   RO         5768    i.HAL_SD_ConfigWideBusOperation  stm32h7xx_hal_sd.o
    0x08005b10   0x08005b10   0x00000028   Code   RO         5769    i.HAL_SD_DeInit     stm32h7xx_hal_sd.o
    0x08005b38   0x08005b38   0x000001c8   Code   RO         5773    i.HAL_SD_GetCardCSD  stm32h7xx_hal_sd.o
    0x08005d00   0x08005d00   0x00000026   Code   RO         5774    i.HAL_SD_GetCardInfo  stm32h7xx_hal_sd.o
    0x08005d26   0x08005d26   0x00000024   Code   RO         5775    i.HAL_SD_GetCardState  stm32h7xx_hal_sd.o
    0x08005d4a   0x08005d4a   0x00000002   PAD
    0x08005d4c   0x08005d4c   0x000000e8   Code   RO         5776    i.HAL_SD_GetCardStatus  stm32h7xx_hal_sd.o
    0x08005e34   0x08005e34   0x000000b2   Code   RO         5780    i.HAL_SD_Init       stm32h7xx_hal_sd.o
    0x08005ee6   0x08005ee6   0x00000002   PAD
    0x08005ee8   0x08005ee8   0x000000d0   Code   RO         5781    i.HAL_SD_InitCard   stm32h7xx_hal_sd.o
    0x08005fb8   0x08005fb8   0x00000002   Code   RO         5782    i.HAL_SD_MspDeInit  stm32h7xx_hal_sd.o
    0x08005fba   0x08005fba   0x00000002   PAD
    0x08005fbc   0x08005fbc   0x00000160   Code   RO         7209    i.HAL_SD_MspInit    sdmmc_sdcard.o
    0x0800611c   0x0800611c   0x00000238   Code   RO         5784    i.HAL_SD_ReadBlocks  stm32h7xx_hal_sd.o
    0x08006354   0x08006354   0x00000244   Code   RO         5789    i.HAL_SD_WriteBlocks  stm32h7xx_hal_sd.o
    0x08006598   0x08006598   0x00000034   Code   RO         1131    i.HAL_SYSTICK_Config  stm32h7xx_hal_cortex.o
    0x080065cc   0x080065cc   0x0000006e   Code   RO         3130    i.HAL_TIM_Base_Init  stm32h7xx_hal_tim.o
    0x0800663a   0x0800663a   0x00000002   Code   RO         3132    i.HAL_TIM_Base_MspInit  stm32h7xx_hal_tim.o
    0x0800663c   0x0800663c   0x000000b4   Code   RO         3135    i.HAL_TIM_Base_Start_IT  stm32h7xx_hal_tim.o
    0x080066f0   0x080066f0   0x00000002   Code   RO         2220    i.HAL_UARTEx_RxEventCallback  stm32h7xx_hal_uart.o
    0x080066f2   0x080066f2   0x00000002   Code   RO         2644    i.HAL_UARTEx_RxFifoFullCallback  stm32h7xx_hal_uart_ex.o
    0x080066f4   0x080066f4   0x00000002   Code   RO         2648    i.HAL_UARTEx_TxFifoEmptyCallback  stm32h7xx_hal_uart_ex.o
    0x080066f6   0x080066f6   0x00000002   Code   RO         2649    i.HAL_UARTEx_WakeupCallback  stm32h7xx_hal_uart_ex.o
    0x080066f8   0x080066f8   0x00000002   Code   RO         2236    i.HAL_UART_ErrorCallback  stm32h7xx_hal_uart.o
    0x080066fa   0x080066fa   0x00000002   PAD
    0x080066fc   0x080066fc   0x000004b6   Code   RO         2239    i.HAL_UART_IRQHandler  stm32h7xx_hal_uart.o
    0x08006bb2   0x08006bb2   0x00000078   Code   RO         2240    i.HAL_UART_Init     stm32h7xx_hal_uart.o
    0x08006c2a   0x08006c2a   0x00000002   PAD
    0x08006c2c   0x08006c2c   0x000000c0   Code   RO          645    i.HAL_UART_MspInit  usart.o
    0x08006cec   0x08006cec   0x0000005c   Code   RO         2245    i.HAL_UART_Receive_IT  stm32h7xx_hal_uart.o
    0x08006d48   0x08006d48   0x0000009c   Code   RO          646    i.HAL_UART_RxCpltCallback  usart.o
    0x08006de4   0x08006de4   0x00000002   Code   RO         2252    i.HAL_UART_TxCpltCallback  stm32h7xx_hal_uart.o
    0x08006de6   0x08006de6   0x00000004   Code   RO          412    i.HardFault_Handler  stm32h7xx_it.o
    0x08006dea   0x08006dea   0x000001e0   Code   RO         4783    i.LTDC_SetConfig    stm32h7xx_hal_ltdc.o
    0x08006fca   0x08006fca   0x00000002   PAD
    0x08006fcc   0x08006fcc   0x000000a0   Code   RO         6474    i.MemManage_Handler  mpu.o
    0x0800706c   0x0800706c   0x00000002   Code   RO          413    i.NMI_Handler       stm32h7xx_it.o
    0x0800706e   0x0800706e   0x00000002   Code   RO          414    i.PendSV_Handler    stm32h7xx_it.o
    0x08007070   0x08007070   0x00000202   Code   RO         5552    i.QSPI_Config       stm32h7xx_hal_qspi.o
    0x08007272   0x08007272   0x0000004c   Code   RO         5557    i.QSPI_WaitFlagStateUntilTimeout  stm32h7xx_hal_qspi.o
    0x080072be   0x080072be   0x00000002   PAD
    0x080072c0   0x080072c0   0x00000164   Code   RO         2048    i.RCCEx_PLL2_Config  stm32h7xx_hal_rcc_ex.o
    0x08007424   0x08007424   0x00000164   Code   RO         2049    i.RCCEx_PLL3_Config  stm32h7xx_hal_rcc_ex.o
    0x08007588   0x08007588   0x0000003a   Code   RO         6067    i.SDMMC_CmdAppCommand  stm32h7xx_ll_sdmmc.o
    0x080075c2   0x080075c2   0x00000034   Code   RO         6068    i.SDMMC_CmdAppOperCommand  stm32h7xx_ll_sdmmc.o
    0x080075f6   0x080075f6   0x00000038   Code   RO         6070    i.SDMMC_CmdBlockLength  stm32h7xx_ll_sdmmc.o
    0x0800762e   0x0800762e   0x0000003a   Code   RO         6071    i.SDMMC_CmdBusWidth  stm32h7xx_ll_sdmmc.o
    0x08007668   0x08007668   0x0000002c   Code   RO         6075    i.SDMMC_CmdGoIdleState  stm32h7xx_ll_sdmmc.o
    0x08007694   0x08007694   0x00000034   Code   RO         6077    i.SDMMC_CmdOperCond  stm32h7xx_ll_sdmmc.o
    0x080076c8   0x080076c8   0x0000003a   Code   RO         6078    i.SDMMC_CmdReadMultiBlock  stm32h7xx_ll_sdmmc.o
    0x08007702   0x08007702   0x0000003a   Code   RO         6079    i.SDMMC_CmdReadSingleBlock  stm32h7xx_ll_sdmmc.o
    0x0800773c   0x0800773c   0x0000003a   Code   RO         6082    i.SDMMC_CmdSelDesel  stm32h7xx_ll_sdmmc.o
    0x08007776   0x08007776   0x00000034   Code   RO         6083    i.SDMMC_CmdSendCID  stm32h7xx_ll_sdmmc.o
    0x080077aa   0x080077aa   0x00000034   Code   RO         6084    i.SDMMC_CmdSendCSD  stm32h7xx_ll_sdmmc.o
    0x080077de   0x080077de   0x0000003a   Code   RO         6087    i.SDMMC_CmdSendSCR  stm32h7xx_ll_sdmmc.o
    0x08007818   0x08007818   0x0000003a   Code   RO         6088    i.SDMMC_CmdSendStatus  stm32h7xx_ll_sdmmc.o
    0x08007852   0x08007852   0x0000003a   Code   RO         6089    i.SDMMC_CmdSetRelAdd  stm32h7xx_ll_sdmmc.o
    0x0800788c   0x0800788c   0x0000003a   Code   RO         6092    i.SDMMC_CmdStatusRegister  stm32h7xx_ll_sdmmc.o
    0x080078c6   0x080078c6   0x00000002   PAD
    0x080078c8   0x080078c8   0x0000005c   Code   RO         6093    i.SDMMC_CmdStopTransfer  stm32h7xx_ll_sdmmc.o
    0x08007924   0x08007924   0x0000003a   Code   RO         6096    i.SDMMC_CmdWriteMultiBlock  stm32h7xx_ll_sdmmc.o
    0x0800795e   0x0800795e   0x0000003a   Code   RO         6097    i.SDMMC_CmdWriteSingleBlock  stm32h7xx_ll_sdmmc.o
    0x08007998   0x08007998   0x0000002c   Code   RO         6098    i.SDMMC_ConfigData  stm32h7xx_ll_sdmmc.o
    0x080079c4   0x080079c4   0x00000044   Code   RO         6099    i.SDMMC_GetCmdError  stm32h7xx_ll_sdmmc.o
    0x08007a08   0x08007a08   0x000001b0   Code   RO         6100    i.SDMMC_GetCmdResp1  stm32h7xx_ll_sdmmc.o
    0x08007bb8   0x08007bb8   0x00000068   Code   RO         6101    i.SDMMC_GetCmdResp2  stm32h7xx_ll_sdmmc.o
    0x08007c20   0x08007c20   0x0000005c   Code   RO         6102    i.SDMMC_GetCmdResp3  stm32h7xx_ll_sdmmc.o
    0x08007c7c   0x08007c7c   0x000000bc   Code   RO         6105    i.SDMMC_GetCmdResp6  stm32h7xx_ll_sdmmc.o
    0x08007d38   0x08007d38   0x0000006c   Code   RO         6106    i.SDMMC_GetCmdResp7  stm32h7xx_ll_sdmmc.o
    0x08007da4   0x08007da4   0x00000008   Code   RO         6107    i.SDMMC_GetCommandResponse  stm32h7xx_ll_sdmmc.o
    0x08007dac   0x08007dac   0x0000000a   Code   RO         6110    i.SDMMC_GetPowerState  stm32h7xx_ll_sdmmc.o
    0x08007db6   0x08007db6   0x0000000c   Code   RO         6111    i.SDMMC_GetResponse  stm32h7xx_ll_sdmmc.o
    0x08007dc2   0x08007dc2   0x00000002   PAD
    0x08007dc4   0x08007dc4   0x00000034   Code   RO         6112    i.SDMMC_Init        stm32h7xx_ll_sdmmc.o
    0x08007df8   0x08007df8   0x0000000e   Code   RO         6114    i.SDMMC_PowerState_OFF  stm32h7xx_ll_sdmmc.o
    0x08007e06   0x08007e06   0x0000000e   Code   RO         6115    i.SDMMC_PowerState_ON  stm32h7xx_ll_sdmmc.o
    0x08007e14   0x08007e14   0x00000008   Code   RO         6116    i.SDMMC_ReadFIFO    stm32h7xx_ll_sdmmc.o
    0x08007e1c   0x08007e1c   0x0000002c   Code   RO         6119    i.SDMMC_SendCommand  stm32h7xx_ll_sdmmc.o
    0x08007e48   0x08007e48   0x0000000c   Code   RO         6121    i.SDMMC_WriteFIFO   stm32h7xx_ll_sdmmc.o
    0x08007e54   0x08007e54   0x00000140   Code   RO         5792    i.SD_FindSCR        stm32h7xx_hal_sd.o
    0x08007f94   0x08007f94   0x0000010a   Code   RO         5793    i.SD_InitCard       stm32h7xx_hal_sd.o
    0x0800809e   0x0800809e   0x0000000c   Code   RO         5794    i.SD_PowerOFF       stm32h7xx_hal_sd.o
    0x080080aa   0x080080aa   0x00000002   PAD
    0x080080ac   0x080080ac   0x000000cc   Code   RO         5795    i.SD_PowerON        stm32h7xx_hal_sd.o
    0x08008178   0x08008178   0x00000134   Code   RO         5797    i.SD_SendSDStatus   stm32h7xx_hal_sd.o
    0x080082ac   0x080082ac   0x00000030   Code   RO         5798    i.SD_SendStatus     stm32h7xx_hal_sd.o
    0x080082dc   0x080082dc   0x00000068   Code   RO         5800    i.SD_WideBus_Disable  stm32h7xx_hal_sd.o
    0x08008344   0x08008344   0x00000068   Code   RO         5801    i.SD_WideBus_Enable  stm32h7xx_hal_sd.o
    0x080083ac   0x080083ac   0x00000002   Code   RO          415    i.SVC_Handler       stm32h7xx_it.o
    0x080083ae   0x080083ae   0x00000008   Code   RO          416    i.SysTick_Handler   stm32h7xx_it.o
    0x080083b6   0x080083b6   0x00000002   PAD
    0x080083b8   0x080083b8   0x00000128   Code   RO          481    i.SystemInit        system_stm32h7xx.o
    0x080084e0   0x080084e0   0x00000044   Code   RO         7429    i.TIM4_IRQHandler   usmart_port.o
    0x08008524   0x08008524   0x000000d4   Code   RO         3223    i.TIM_Base_SetConfig  stm32h7xx_hal_tim.o
    0x080085f8   0x080085f8   0x000000f8   Code   RO         2254    i.UART_AdvFeatureConfig  stm32h7xx_hal_uart.o
    0x080086f0   0x080086f0   0x000000ea   Code   RO         2255    i.UART_CheckIdleState  stm32h7xx_hal_uart.o
    0x080087da   0x080087da   0x00000014   Code   RO         2256    i.UART_DMAAbortOnError  stm32h7xx_hal_uart.o
    0x080087ee   0x080087ee   0x00000002   PAD
    0x080087f0   0x080087f0   0x0000006c   Code   RO         2266    i.UART_EndRxTransfer  stm32h7xx_hal_uart.o
    0x0800885c   0x0800885c   0x00000030   Code   RO         2267    i.UART_EndTransmit_IT  stm32h7xx_hal_uart.o
    0x0800888c   0x0800888c   0x00000104   Code   RO         2269    i.UART_RxISR_16BIT  stm32h7xx_hal_uart.o
    0x08008990   0x08008990   0x00000200   Code   RO         2270    i.UART_RxISR_16BIT_FIFOEN  stm32h7xx_hal_uart.o
    0x08008b90   0x08008b90   0x00000104   Code   RO         2271    i.UART_RxISR_8BIT   stm32h7xx_hal_uart.o
    0x08008c94   0x08008c94   0x000001fc   Code   RO         2272    i.UART_RxISR_8BIT_FIFOEN  stm32h7xx_hal_uart.o
    0x08008e90   0x08008e90   0x0000058c   Code   RO         2273    i.UART_SetConfig    stm32h7xx_hal_uart.o
    0x0800941c   0x0800941c   0x0000015c   Code   RO         2275    i.UART_Start_Receive_IT  stm32h7xx_hal_uart.o
    0x08009578   0x08009578   0x000000ac   Code   RO         2280    i.UART_WaitOnFlagUntilTimeout  stm32h7xx_hal_uart.o
    0x08009624   0x08009624   0x00000010   Code   RO          647    i.USART1_IRQHandler  usart.o
    0x08009634   0x08009634   0x00000004   Code   RO          417    i.UsageFault_Handler  stm32h7xx_it.o
    0x08009638   0x08009638   0x00000010   Code   RO         1133    i.__NVIC_GetPriorityGrouping  stm32h7xx_hal_cortex.o
    0x08009648   0x08009648   0x00000028   Code   RO         1134    i.__NVIC_SetPriority  stm32h7xx_hal_cortex.o
    0x08009670   0x08009670   0x0000000e   Code   RO         8511    i._is_digit         c_w.l(__printf_wp.o)
    0x0800967e   0x0800967e   0x00000004   Code   RO          649    i._sys_exit         usart.o
    0x08009682   0x08009682   0x0000008a   Code   RO         7700    i.change_bitmap     ff.o
    0x0800970c   0x0800970c   0x00000104   Code   RO         7701    i.check_fs          ff.o
    0x08009810   0x08009810   0x00000062   Code   RO         7702    i.clmt_clust        ff.o
    0x08009872   0x08009872   0x0000001a   Code   RO         7703    i.clst2sect         ff.o
    0x0800988c   0x0800988c   0x00000098   Code   RO         7704    i.cmp_lfn           ff.o
    0x08009924   0x08009924   0x000001cc   Code   RO         7705    i.create_chain      ff.o
    0x08009af0   0x08009af0   0x0000025c   Code   RO         7706    i.create_name       ff.o
    0x08009d4c   0x08009d4c   0x0000015a   Code   RO         7707    i.create_partition  ff.o
    0x08009ea6   0x08009ea6   0x00000090   Code   RO         7708    i.create_xdir       ff.o
    0x08009f36   0x08009f36   0x00000002   PAD
    0x08009f38   0x08009f38   0x00000034   Code   RO         7709    i.dbc_1st           ff.o
    0x08009f6c   0x08009f6c   0x00000048   Code   RO         7710    i.dbc_2nd           ff.o
    0x08009fb4   0x08009fb4   0x0000000c   Code   RO          523    i.delay_init        delay.o
    0x08009fc0   0x08009fc0   0x00000012   Code   RO          524    i.delay_ms          delay.o
    0x08009fd2   0x08009fd2   0x00000002   PAD
    0x08009fd4   0x08009fd4   0x00000048   Code   RO          525    i.delay_us          delay.o
    0x0800a01c   0x0800a01c   0x0000007c   Code   RO         7711    i.dir_alloc         ff.o
    0x0800a098   0x0800a098   0x000000c2   Code   RO         7712    i.dir_clear         ff.o
    0x0800a15a   0x0800a15a   0x000001a8   Code   RO         7713    i.dir_find          ff.o
    0x0800a302   0x0800a302   0x000000e0   Code   RO         7714    i.dir_next          ff.o
    0x0800a3e2   0x0800a3e2   0x00000102   Code   RO         7715    i.dir_read          ff.o
    0x0800a4e4   0x0800a4e4   0x0000022a   Code   RO         7716    i.dir_register      ff.o
    0x0800a70e   0x0800a70e   0x00000072   Code   RO         7717    i.dir_remove        ff.o
    0x0800a780   0x0800a780   0x000000aa   Code   RO         7718    i.dir_sdi           ff.o
    0x0800a82a   0x0800a82a   0x00000036   Code   RO         7652    i.disk_initialize   diskio.o
    0x0800a860   0x0800a860   0x000000c0   Code   RO         7653    i.disk_ioctl        diskio.o
    0x0800a920   0x0800a920   0x00000090   Code   RO         7654    i.disk_read         diskio.o
    0x0800a9b0   0x0800a9b0   0x00000006   Code   RO         7655    i.disk_status       diskio.o
    0x0800a9b6   0x0800a9b6   0x00000090   Code   RO         7656    i.disk_write        diskio.o
    0x0800aa46   0x0800aa46   0x00000002   PAD
    0x0800aa48   0x0800aa48   0x000001b4   Code   RO         6928    i.dsi_host_init     mipi_lcd.o
    0x0800abfc   0x0800abfc   0x000000f8   Code   RO         6929    i.dsi_init          mipi_lcd.o
    0x0800acf4   0x0800acf4   0x00000064   Code   RO         6931    i.dsi_io_write      mipi_lcd.o
    0x0800ad58   0x0800ad58   0x000000c4   Code   RO         6932    i.dsi_ltdc_init     mipi_lcd.o
    0x0800ae1c   0x0800ae1c   0x0000004a   Code   RO         8224    i.exfuns_get_free   exfuns.o
    0x0800ae66   0x0800ae66   0x00000002   PAD
    0x0800ae68   0x0800ae68   0x00000044   Code   RO         8226    i.exfuns_init       exfuns.o
    0x0800aeac   0x0800aeac   0x00000026   Code   RO         7719    i.f_close           ff.o
    0x0800aed2   0x0800aed2   0x00000018   Code   RO         7720    i.f_closedir        ff.o
    0x0800aeea   0x0800aeea   0x0000015c   Code   RO         7721    i.f_getfree         ff.o
    0x0800b046   0x0800b046   0x0000013c   Code   RO         7722    i.f_getlabel        ff.o
    0x0800b182   0x0800b182   0x00000050   Code   RO         7723    i.f_gets            ff.o
    0x0800b1d2   0x0800b1d2   0x0000046e   Code   RO         7724    i.f_lseek           ff.o
    0x0800b640   0x0800b640   0x000001a2   Code   RO         7725    i.f_mkdir           ff.o
    0x0800b7e2   0x0800b7e2   0x00000002   PAD
    0x0800b7e4   0x0800b7e4   0x00000dfc   Code   RO         7726    i.f_mkfs            ff.o
    0x0800c5e0   0x0800c5e0   0x00000054   Code   RO         7727    i.f_mount           ff.o
    0x0800c634   0x0800c634   0x00000312   Code   RO         7728    i.f_open            ff.o
    0x0800c946   0x0800c946   0x000000b8   Code   RO         7729    i.f_opendir         ff.o
    0x0800c9fe   0x0800c9fe   0x00000022   Code   RO         7731    i.f_putc            ff.o
    0x0800ca20   0x0800ca20   0x0000002c   Code   RO         7732    i.f_puts            ff.o
    0x0800ca4c   0x0800ca4c   0x00000228   Code   RO         7733    i.f_read            ff.o
    0x0800cc74   0x0800cc74   0x00000070   Code   RO         7734    i.f_readdir         ff.o
    0x0800cce4   0x0800cce4   0x00000204   Code   RO         7735    i.f_rename          ff.o
    0x0800cee8   0x0800cee8   0x000001ec   Code   RO         7736    i.f_setlabel        ff.o
    0x0800d0d4   0x0800d0d4   0x000001a8   Code   RO         7738    i.f_sync            ff.o
    0x0800d27c   0x0800d27c   0x000000fc   Code   RO         7740    i.f_unlink          ff.o
    0x0800d378   0x0800d378   0x00000284   Code   RO         7741    i.f_write           ff.o
    0x0800d5fc   0x0800d5fc   0x0000000e   Code   RO         8154    i.ff_memalloc       ffsystem.o
    0x0800d60a   0x0800d60a   0x0000000e   Code   RO         8155    i.ff_memfree        ffsystem.o
    0x0800d618   0x0800d618   0x00000068   Code   RO         8187    i.ff_oem2uni        ffunicode.o
    0x0800d680   0x0800d680   0x00000074   Code   RO         8188    i.ff_uni2oem        ffunicode.o
    0x0800d6f4   0x0800d6f4   0x000000b0   Code   RO         8189    i.ff_wtoupper       ffunicode.o
    0x0800d7a4   0x0800d7a4   0x00000036   Code   RO         7742    i.fill_first_frag   ff.o
    0x0800d7da   0x0800d7da   0x00000044   Code   RO         7743    i.fill_last_frag    ff.o
    0x0800d81e   0x0800d81e   0x000000a4   Code   RO         7744    i.find_bitmap       ff.o
    0x0800d8c2   0x0800d8c2   0x00000078   Code   RO         7745    i.find_volume       ff.o
    0x0800d93a   0x0800d93a   0x000000c4   Code   RO         7746    i.follow_path       ff.o
    0x0800d9fe   0x0800d9fe   0x00000002   PAD
    0x0800da00   0x0800da00   0x0000001c   Code   RO          651    i.fputc             usart.o
    0x0800da1c   0x0800da1c   0x000000d4   Code   RO         7747    i.gen_numname       ff.o
    0x0800daf0   0x0800daf0   0x00000194   Code   RO         7748    i.get_fat           ff.o
    0x0800dc84   0x0800dc84   0x00000004   Code   RO         8156    i.get_fattime       ffsystem.o
    0x0800dc88   0x0800dc88   0x0000027a   Code   RO         7749    i.get_fileinfo      ff.o
    0x0800df02   0x0800df02   0x0000004e   Code   RO         7750    i.get_ldnumber      ff.o
    0x0800df50   0x0800df50   0x00000018   Code   RO         7211    i.get_sd_card_state  sdmmc_sdcard.o
    0x0800df68   0x0800df68   0x00000018   Code   RO         7280    i.get_sdnand_state  sdmmc_sdnand.o
    0x0800df80   0x0800df80   0x00000032   Code   RO         7751    i.init_alloc_info   ff.o
    0x0800dfb2   0x0800dfb2   0x00000002   PAD
    0x0800dfb4   0x0800dfb4   0x00000018   Code   RO         6574    i.lcd_clear         lcd.o
    0x0800dfcc   0x0800dfcc   0x00000030   Code   RO         6576    i.lcd_display_dir   lcd.o
    0x0800dffc   0x0800dffc   0x00000020   Code   RO         6582    i.lcd_draw_point    lcd.o
    0x0800e01c   0x0800e01c   0x00000030   Code   RO         6584    i.lcd_fill          lcd.o
    0x0800e04c   0x0800e04c   0x000000b8   Code   RO         6586    i.lcd_init          lcd.o
    0x0800e104   0x0800e104   0x00000016   Code   RO         6588    i.lcd_pow           lcd.o
    0x0800e11a   0x0800e11a   0x00000002   PAD
    0x0800e11c   0x0800e11c   0x00000140   Code   RO         6594    i.lcd_show_char     lcd.o
    0x0800e25c   0x0800e25c   0x00000098   Code   RO         6595    i.lcd_show_num      lcd.o
    0x0800e2f4   0x0800e2f4   0x0000006a   Code   RO         6596    i.lcd_show_string   lcd.o
    0x0800e35e   0x0800e35e   0x00000026   Code   RO         7752    i.ld_clust          ff.o
    0x0800e384   0x0800e384   0x00000018   Code   RO         7753    i.ld_dword          ff.o
    0x0800e39c   0x0800e39c   0x00000062   Code   RO         7754    i.ld_qword          ff.o
    0x0800e3fe   0x0800e3fe   0x0000000c   Code   RO         7755    i.ld_word           ff.o
    0x0800e40a   0x0800e40a   0x00000002   PAD
    0x0800e40c   0x0800e40c   0x00000090   Code   RO         6450    i.led_init          led.o
    0x0800e49c   0x0800e49c   0x00000040   Code   RO         7756    i.load_obj_xdir     ff.o
    0x0800e4dc   0x0800e4dc   0x0000010e   Code   RO         7757    i.load_xdir         ff.o
    0x0800e5ea   0x0800e5ea   0x00000002   PAD
    0x0800e5ec   0x0800e5ec   0x00000024   Code   RO         6762    i.ltdc_clear        ltdc.o
    0x0800e610   0x0800e610   0x00000032   Code   RO         6763    i.ltdc_clk_set      ltdc.o
    0x0800e642   0x0800e642   0x00000002   PAD
    0x0800e644   0x0800e644   0x0000002c   Code   RO         6765    i.ltdc_display_dir  ltdc.o
    0x0800e670   0x0800e670   0x00000050   Code   RO         6766    i.ltdc_draw_point   ltdc.o
    0x0800e6c0   0x0800e6c0   0x00000194   Code   RO         6767    i.ltdc_fill         ltdc.o
    0x0800e854   0x0800e854   0x00000384   Code   RO         6768    i.ltdc_init         ltdc.o
    0x0800ebd8   0x0800ebd8   0x00000078   Code   RO         6769    i.ltdc_layer_parameter_config  ltdc.o
    0x0800ec50   0x0800ec50   0x00000054   Code   RO         6771    i.ltdc_layer_window_config  ltdc.o
    0x0800eca4   0x0800eca4   0x000000d0   Code   RO         6772    i.ltdc_panelid_read  ltdc.o
    0x0800ed74   0x0800ed74   0x0000000c   Code   RO         6774    i.ltdc_select_layer  ltdc.o
    0x0800ed80   0x0800ed80   0x000004b8   Code   RO           13    i.main              main.o
    0x0800f238   0x0800f238   0x00000014   Code   RO         8294    i.mf_close          fattester.o
    0x0800f24c   0x0800f24c   0x00000010   Code   RO         8295    i.mf_closedir       fattester.o
    0x0800f25c   0x0800f25c   0x0000002c   Code   RO         8296    i.mf_fmkfs          fattester.o
    0x0800f288   0x0800f288   0x00000020   Code   RO         8297    i.mf_free           fattester.o
    0x0800f2a8   0x0800f2a8   0x00000084   Code   RO         8298    i.mf_getlabel       fattester.o
    0x0800f32c   0x0800f32c   0x00000048   Code   RO         8299    i.mf_gets           fattester.o
    0x0800f374   0x0800f374   0x00000040   Code   RO         8300    i.mf_init           fattester.o
    0x0800f3b4   0x0800f3b4   0x00000018   Code   RO         8301    i.mf_lseek          fattester.o
    0x0800f3cc   0x0800f3cc   0x0000000c   Code   RO         8302    i.mf_mkdir          fattester.o
    0x0800f3d8   0x0800f3d8   0x00000018   Code   RO         8303    i.mf_mount          fattester.o
    0x0800f3f0   0x0800f3f0   0x0000001c   Code   RO         8304    i.mf_open           fattester.o
    0x0800f40c   0x0800f40c   0x00000014   Code   RO         8305    i.mf_opendir        fattester.o
    0x0800f420   0x0800f420   0x00000018   Code   RO         8306    i.mf_putc           fattester.o
    0x0800f438   0x0800f438   0x00000018   Code   RO         8307    i.mf_puts           fattester.o
    0x0800f450   0x0800f450   0x0000015c   Code   RO         8308    i.mf_read           fattester.o
    0x0800f5ac   0x0800f5ac   0x00000274   Code   RO         8309    i.mf_readdir        fattester.o
    0x0800f820   0x0800f820   0x00000010   Code   RO         8310    i.mf_rename         fattester.o
    0x0800f830   0x0800f830   0x00000064   Code   RO         8311    i.mf_scan_files     fattester.o
    0x0800f894   0x0800f894   0x0000005c   Code   RO         8312    i.mf_setlabel       fattester.o
    0x0800f8f0   0x0800f8f0   0x000000a8   Code   RO         8313    i.mf_showfree       fattester.o
    0x0800f998   0x0800f998   0x0000000c   Code   RO         8314    i.mf_size           fattester.o
    0x0800f9a4   0x0800f9a4   0x0000000c   Code   RO         8315    i.mf_tell           fattester.o
    0x0800f9b0   0x0800f9b0   0x0000000c   Code   RO         8316    i.mf_unlink         fattester.o
    0x0800f9bc   0x0800f9bc   0x000000c4   Code   RO         8317    i.mf_write          fattester.o
    0x0800fa80   0x0800fa80   0x000000c0   Code   RO         6937    i.mipi_lcd_ex_ili9881d_cmdinit  mipi_lcd.o
    0x0800fb40   0x0800fb40   0x0000001c   Code   RO         6940    i.mipilcd_write_cmd  mipi_lcd.o
    0x0800fb5c   0x0800fb5c   0x00000474   Code   RO         7758    i.mount_volume      ff.o
    0x0800ffd0   0x0800ffd0   0x00000034   Code   RO         7759    i.move_window       ff.o
    0x08010004   0x08010004   0x000000bc   Code   RO         6475    i.mpu_memory_protection  mpu.o
    0x080100c0   0x080100c0   0x0000005e   Code   RO         6476    i.mpu_set_protection  mpu.o
    0x0801011e   0x0801011e   0x00000002   PAD
    0x08010120   0x08010120   0x0000006c   Code   RO         7565    i.my_mem_free       malloc.o
    0x0801018c   0x0801018c   0x00000030   Code   RO         7566    i.my_mem_init       malloc.o
    0x080101bc   0x080101bc   0x000000a8   Code   RO         7567    i.my_mem_malloc     malloc.o
    0x08010264   0x08010264   0x00000040   Code   RO         7568    i.my_mem_perused    malloc.o
    0x080102a4   0x080102a4   0x00000014   Code   RO         7569    i.my_mem_set        malloc.o
    0x080102b8   0x080102b8   0x00000024   Code   RO         7570    i.myfree            malloc.o
    0x080102dc   0x080102dc   0x00000028   Code   RO         7571    i.mymalloc          malloc.o
    0x08010304   0x08010304   0x00000030   Code   RO         7097    i.norflash_erase_sector  norflash.o
    0x08010334   0x08010334   0x00000078   Code   RO         7098    i.norflash_init     norflash.o
    0x080103ac   0x080103ac   0x00000024   Code   RO         7099    i.norflash_qe_enable  norflash.o
    0x080103d0   0x080103d0   0x00000034   Code   RO         7101    i.norflash_read     norflash.o
    0x08010404   0x08010404   0x00000038   Code   RO         7102    i.norflash_read_id  norflash.o
    0x0801043c   0x0801043c   0x00000044   Code   RO         7103    i.norflash_read_sr  norflash.o
    0x08010480   0x08010480   0x00000014   Code   RO         7104    i.norflash_wait_busy  norflash.o
    0x08010494   0x08010494   0x000000b8   Code   RO         7105    i.norflash_write    norflash.o
    0x0801054c   0x0801054c   0x00000010   Code   RO         7107    i.norflash_write_enable  norflash.o
    0x0801055c   0x0801055c   0x00000044   Code   RO         7108    i.norflash_write_nocheck  norflash.o
    0x080105a0   0x080105a0   0x00000038   Code   RO         7109    i.norflash_write_page  norflash.o
    0x080105d8   0x080105d8   0x0000003c   Code   RO         7110    i.norflash_write_sr  norflash.o
    0x08010614   0x08010614   0x0000008c   Code   RO         7760    i.pick_lfn          ff.o
    0x080106a0   0x080106a0   0x00000144   Code   RO         7761    i.put_fat           ff.o
    0x080107e4   0x080107e4   0x00000080   Code   RO         7762    i.put_lfn           ff.o
    0x08010864   0x08010864   0x00000042   Code   RO         7763    i.put_utf           ff.o
    0x080108a6   0x080108a6   0x00000044   Code   RO         7764    i.putc_bfd          ff.o
    0x080108ea   0x080108ea   0x0000002c   Code   RO         7765    i.putc_flush        ff.o
    0x08010916   0x08010916   0x00000012   Code   RO         7766    i.putc_init         ff.o
    0x08010928   0x08010928   0x00000040   Code   RO         7037    i.qspi_init         qspi.o
    0x08010968   0x08010968   0x00000028   Code   RO         7038    i.qspi_receive      qspi.o
    0x08010990   0x08010990   0x00000100   Code   RO         7039    i.qspi_send_cmd     qspi.o
    0x08010a90   0x08010a90   0x00000028   Code   RO         7040    i.qspi_transmit     qspi.o
    0x08010ab8   0x08010ab8   0x00000006   Code   RO         7333    i.read_addr         usmart.o
    0x08010abe   0x08010abe   0x0000014a   Code   RO         7767    i.remove_chain      ff.o
    0x08010c08   0x08010c08   0x00000090   Code   RO         7212    i.sd_init           sdmmc_sdcard.o
    0x08010c98   0x08010c98   0x00000054   Code   RO         7213    i.sd_read_disk      sdmmc_sdcard.o
    0x08010cec   0x08010cec   0x00000054   Code   RO         7214    i.sd_write_disk     sdmmc_sdcard.o
    0x08010d40   0x08010d40   0x000001a0   Code   RO         7281    i.sdnand_init       sdmmc_sdnand.o
    0x08010ee0   0x08010ee0   0x00000054   Code   RO         7282    i.sdnand_read_disk  sdmmc_sdnand.o
    0x08010f34   0x08010f34   0x00000054   Code   RO         7283    i.sdnand_write_disk  sdmmc_sdnand.o
    0x08010f88   0x08010f88   0x00000074   Code   RO         6517    i.sdram_init        sdram.o
    0x08010ffc   0x08010ffc   0x00000042   Code   RO         6518    i.sdram_initialization_sequence  sdram.o
    0x0801103e   0x0801103e   0x00000002   PAD
    0x08011040   0x08011040   0x00000048   Code   RO         6519    i.sdram_send_cmd    sdram.o
    0x08011088   0x08011088   0x00000024   Code   RO         7768    i.st_clust          ff.o
    0x080110ac   0x080110ac   0x00000018   Code   RO         7769    i.st_dword          ff.o
    0x080110c4   0x080110c4   0x0000005c   Code   RO         7770    i.st_qword          ff.o
    0x08011120   0x08011120   0x0000000c   Code   RO         7771    i.st_word           ff.o
    0x0801112c   0x0801112c   0x00000072   Code   RO         7772    i.store_xdir        ff.o
    0x0801119e   0x0801119e   0x00000020   Code   RO         7773    i.sum_sfn           ff.o
    0x080111be   0x080111be   0x00000002   PAD
    0x080111c0   0x080111c0   0x0000008c   Code   RO         7774    i.sync_fs           ff.o
    0x0801124c   0x0801124c   0x0000004a   Code   RO         7775    i.sync_window       ff.o
    0x08011296   0x08011296   0x00000002   PAD
    0x08011298   0x08011298   0x00000140   Code   RO          568    i.sys_cache_enable  sys.o
    0x080113d8   0x080113d8   0x00000004   Code   RO          569    i.sys_intx_disable  sys.o
    0x080113dc   0x080113dc   0x00000004   Code   RO          570    i.sys_intx_enable   sys.o
    0x080113e0   0x080113e0   0x0000015c   Code   RO          573    i.sys_stm32_clock_init  sys.o
    0x0801153c   0x0801153c   0x0000004c   Code   RO         7776    i.tchar2uni         ff.o
    0x08011588   0x08011588   0x0000062a   Code   RO         6880    i.tft_spi_init      tft_spi.o
    0x08011bb2   0x08011bb2   0x00000002   PAD
    0x08011bb4   0x08011bb4   0x0000006c   Code   RO         6881    i.tft_spi_write_byte  tft_spi.o
    0x08011c20   0x08011c20   0x00000068   Code   RO         6882    i.tft_spi_write_cmd  tft_spi.o
    0x08011c88   0x08011c88   0x00000064   Code   RO         6883    i.tft_spi_write_data  tft_spi.o
    0x08011cec   0x08011cec   0x00000014   Code   RO         6884    i.tft_spi_write_reg  tft_spi.o
    0x08011d00   0x08011d00   0x00000038   Code   RO          652    i.usart_init        usart.o
    0x08011d38   0x08011d38   0x000000b0   Code   RO         7334    i.usmart_cmd_rec    usmart.o
    0x08011de8   0x08011de8   0x000002d4   Code   RO         7335    i.usmart_exe        usmart.o
    0x080120bc   0x080120bc   0x000000d4   Code   RO         7480    i.usmart_get_aparm  usmart_str.o
    0x08012190   0x08012190   0x00000036   Code   RO         7481    i.usmart_get_cmdname  usmart_str.o
    0x080121c6   0x080121c6   0x00000002   PAD
    0x080121c8   0x080121c8   0x000001c0   Code   RO         7482    i.usmart_get_fname  usmart_str.o
    0x08012388   0x08012388   0x0000010c   Code   RO         7483    i.usmart_get_fparam  usmart_str.o
    0x08012494   0x08012494   0x00000028   Code   RO         7430    i.usmart_get_input_string  usmart_port.o
    0x080124bc   0x080124bc   0x00000020   Code   RO         7484    i.usmart_get_parmpos  usmart_str.o
    0x080124dc   0x080124dc   0x00000018   Code   RO         7336    i.usmart_init       usmart.o
    0x080124f4   0x080124f4   0x00000016   Code   RO         7485    i.usmart_pow        usmart_str.o
    0x0801250a   0x0801250a   0x00000002   PAD
    0x0801250c   0x0801250c   0x000000a8   Code   RO         7337    i.usmart_scan       usmart.o
    0x080125b4   0x080125b4   0x00000016   Code   RO         7486    i.usmart_search_nextc  usmart_str.o
    0x080125ca   0x080125ca   0x00000106   Code   RO         7487    i.usmart_str2num    usmart_str.o
    0x080126d0   0x080126d0   0x00000022   Code   RO         7488    i.usmart_strcmp     usmart_str.o
    0x080126f2   0x080126f2   0x00000016   Code   RO         7489    i.usmart_strcopy    usmart_str.o
    0x08012708   0x08012708   0x00000018   Code   RO         7490    i.usmart_strlen     usmart_str.o
    0x08012720   0x08012720   0x00000674   Code   RO         7338    i.usmart_sys_cmd_exe  usmart.o
    0x08012d94   0x08012d94   0x00000044   Code   RO         7431    i.usmart_timx_get_runtime  usmart_port.o
    0x08012dd8   0x08012dd8   0x00000074   Code   RO         7432    i.usmart_timx_init  usmart_port.o
    0x08012e4c   0x08012e4c   0x00000034   Code   RO         7433    i.usmart_timx_reset_runtime  usmart_port.o
    0x08012e80   0x08012e80   0x0000003c   Code   RO         7777    i.validate          ff.o
    0x08012ebc   0x08012ebc   0x00000004   Code   RO         7339    i.write_addr        usmart.o
    0x08012ec0   0x08012ec0   0x0000003a   Code   RO         7778    i.xdir_sum          ff.o
    0x08012efa   0x08012efa   0x0000004c   Code   RO         7779    i.xname_sum         ff.o
    0x08012f46   0x08012f46   0x0000001a   Code   RO         7780    i.xsum32            ff.o
    0x08012f60   0x08012f60   0x0000000a   Code   RO         8679    x$fpl$fpinit        fz_wv.l(fpinit.o)
    0x08012f6a   0x08012f6a   0x00000010   Data   RO          482    .constdata          system_stm32h7xx.o
    0x08012f7a   0x08012f7a   0x00000018   Data   RO         2281    .constdata          stm32h7xx_hal_uart.o
    0x08012f92   0x08012f92   0x00002f80   Data   RO         6599    .constdata          lcd.o
    0x08015f12   0x08015f12   0x00000002   PAD
    0x08015f14   0x08015f14   0x00001dc4   Data   RO         6942    .constdata          mipi_lcd.o
    0x08017cd8   0x08017cd8   0x00000048   Data   RO         7584    .constdata          malloc.o
    0x08017d20   0x08017d20   0x00000058   Data   RO         7782    .constdata          ff.o
    0x08017d78   0x08017d78   0x0002abb6   Data   RO         8190    .constdata          ffunicode.o
    0x0804292e   0x0804292e   0x00000002   PAD
    0x08042930   0x08042930   0x00000010   Data   RO         8319    .constdata          fattester.o
    0x08042940   0x08042940   0x00000028   Data   RO         8484    .constdata          c_w.l(_printf_hex_int.o)
    0x08042968   0x08042968   0x00000011   Data   RO         8519    .constdata          c_w.l(__printf_flags_ss_wp.o)
    0x08042979   0x08042979   0x00000003   PAD
    0x0804297c   0x0804297c   0x0000006c   Data   RO         7340    .conststring        usmart.o
    0x080429e8   0x080429e8   0x0000039a   Data   RO         7400    .conststring        usmart_config.o
    0x08042d82   0x08042d82   0x00000002   PAD
    0x08042d84   0x08042d84   0x00000020   Data   RO         8730    Region$$Table       anon$$obj.o


    Execution Region RW_IRAM2 (Exec base: 0x24000000, Load base: 0x08042da4, Size: 0x0007a038, Max: 0x00080000, ABSOLUTE, COMPRESSED[0x00000430])

    Exec Addr    Load Addr    Size         Type   Attr      Idx    E Section Name        Object

    0x24000000   COMPRESSED   0x00000008   Data   RW          483    .data               system_stm32h7xx.o
    0x24000008   COMPRESSED   0x00000004   Data   RW          526    .data               delay.o
    0x2400000c   COMPRESSED   0x00000007   Data   RW          654    .data               usart.o
    0x24000013   COMPRESSED   0x00000001   PAD
    0x24000014   COMPRESSED   0x00000009   Data   RW          783    .data               stm32h7xx_hal.o
    0x2400001d   COMPRESSED   0x00000003   PAD
    0x24000020   COMPRESSED   0x00000010   Data   RW         6600    .data               lcd.o
    0x24000030   COMPRESSED   0x00000008   Data   RW         6778    .data               ltdc.o
    0x24000038   COMPRESSED   0x000004a0   Data   RW         6943    .data               mipi_lcd.o
    0x240004d8   COMPRESSED   0x00000003   Data   RW         7112    .data               norflash.o
    0x240004db   COMPRESSED   0x00000001   PAD
    0x240004dc   COMPRESSED   0x0000001c   Data   RW         7341    .data               usmart.o
    0x240004f8   COMPRESSED   0x000001c4   Data   RW         7401    .data               usmart_config.o
    0x240006bc   COMPRESSED   0x00000040   Data   RW         7585    .data               malloc.o
    0x240006fc   COMPRESSED   0x00000002   Data   RW         7783    .data               ff.o
    0x240006fe   COMPRESSED   0x00000002   PAD
    0x24000700        -       0x0000015c   Zero   RW          653    .bss                usart.o
    0x2400085c        -       0x00000034   Zero   RW         6520    .bss                sdram.o
    0x24000890        -       0x00000134   Zero   RW         6777    .bss                ltdc.o
    0x240009c4        -       0x0000001c   Zero   RW         6941    .bss                mipi_lcd.o
    0x240009e0        -       0x0000004c   Zero   RW         7042    .bss                qspi.o
    0x24000a2c        -       0x00001000   Zero   RW         7111    .bss                norflash.o
    0x24001a2c        -       0x000000a0   Zero   RW         7215    .bss                sdmmc_sdcard.o
    0x24001acc        -       0x000000a0   Zero   RW         7284    .bss                sdmmc_sdnand.o
    0x24001b6c        -       0x0000004c   Zero   RW         7434    .bss                usmart_port.o
    0x24001bb8   COMPRESSED   0x00000008   PAD
    0x24001bc0        -       0x00077880   Zero   RW         7583    .bss                malloc.o
    0x24079440        -       0x0000000c   Zero   RW         7781    .bss                ff.o
    0x2407944c        -       0x0000000c   Zero   RW         8227    .bss                exfuns.o
    0x24079458        -       0x00000180   Zero   RW         8318    .bss                fattester.o
    0x240795d8        -       0x00000060   Zero   RW         8611    .bss                c_w.l(libspace.o)
    0x24079638        -       0x00000200   Zero   RW            2    HEAP                startup_stm32h747xx.o
    0x24079838        -       0x00000800   Zero   RW            1    STACK               startup_stm32h747xx.o



  Load Region LR$$.ARM.__AT_0x00000000 (Base: 0x00000000, Size: 0x00000000, Max: 0x0000f000, ABSOLUTE)

    Execution Region ER$$.ARM.__AT_0x00000000 (Exec base: 0x00000000, Load base: 0x00000000, Size: 0x0000f000, Max: 0x0000f000, ABSOLUTE, UNINIT)

    Exec Addr    Load Addr    Size         Type   Attr      Idx    E Section Name        Object

    0x00000000        -       0x0000f000   Zero   RW         7573    .ARM.__AT_0x00000000  malloc.o



  Load Region LR$$.ARM.__AT_0x0000F000 (Base: 0x0000f000, Size: 0x00000000, Max: 0x00000f00, ABSOLUTE)

    Execution Region ER$$.ARM.__AT_0x0000F000 (Exec base: 0x0000f000, Load base: 0x0000f000, Size: 0x00000f00, Max: 0x00000f00, ABSOLUTE, UNINIT)

    Exec Addr    Load Addr    Size         Type   Attr      Idx    E Section Name        Object

    0x0000f000        -       0x00000f00   Zero   RW         7574    .ARM.__AT_0x0000F000  malloc.o



  Load Region LR$$.ARM.__AT_0x20000000 (Base: 0x20000000, Size: 0x00000000, Max: 0x0001e000, ABSOLUTE)

    Execution Region ER$$.ARM.__AT_0x20000000 (Exec base: 0x20000000, Load base: 0x20000000, Size: 0x0001e000, Max: 0x0001e000, ABSOLUTE, UNINIT)

    Exec Addr    Load Addr    Size         Type   Attr      Idx    E Section Name        Object

    0x20000000        -       0x0001e000   Zero   RW         7575    .ARM.__AT_0x20000000  malloc.o



  Load Region LR$$.ARM.__AT_0x2001E000 (Base: 0x2001e000, Size: 0x00000000, Max: 0x00001e00, ABSOLUTE)

    Execution Region ER$$.ARM.__AT_0x2001E000 (Exec base: 0x2001e000, Load base: 0x2001e000, Size: 0x00001e00, Max: 0x00001e00, ABSOLUTE, UNINIT)

    Exec Addr    Load Addr    Size         Type   Attr      Idx    E Section Name        Object

    0x2001e000        -       0x00001e00   Zero   RW         7576    .ARM.__AT_0x2001E000  malloc.o



  Load Region LR$$.ARM.__AT_0x30000000 (Base: 0x30000000, Size: 0x00000000, Max: 0x0003c000, ABSOLUTE)

    Execution Region ER$$.ARM.__AT_0x30000000 (Exec base: 0x30000000, Load base: 0x30000000, Size: 0x0003c000, Max: 0x0003c000, ABSOLUTE, UNINIT)

    Exec Addr    Load Addr    Size         Type   Attr      Idx    E Section Name        Object

    0x30000000        -       0x0003c000   Zero   RW         7577    .ARM.__AT_0x30000000  malloc.o



  Load Region LR$$.ARM.__AT_0x3003C000 (Base: 0x3003c000, Size: 0x00000000, Max: 0x00003c00, ABSOLUTE)

    Execution Region ER$$.ARM.__AT_0x3003C000 (Exec base: 0x3003c000, Load base: 0x3003c000, Size: 0x00003c00, Max: 0x00003c00, ABSOLUTE, UNINIT)

    Exec Addr    Load Addr    Size         Type   Attr      Idx    E Section Name        Object

    0x3003c000        -       0x00003c00   Zero   RW         7578    .ARM.__AT_0x3003C000  malloc.o



  Load Region LR$$.ARM.__AT_0x38000000 (Base: 0x38000000, Size: 0x00000000, Max: 0x0000f000, ABSOLUTE)

    Execution Region ER$$.ARM.__AT_0x38000000 (Exec base: 0x38000000, Load base: 0x38000000, Size: 0x0000f000, Max: 0x0000f000, ABSOLUTE, UNINIT)

    Exec Addr    Load Addr    Size         Type   Attr      Idx    E Section Name        Object

    0x38000000        -       0x0000f000   Zero   RW         7579    .ARM.__AT_0x38000000  malloc.o



  Load Region LR$$.ARM.__AT_0x3800F000 (Base: 0x3800f000, Size: 0x00000000, Max: 0x00000f00, ABSOLUTE)

    Execution Region ER$$.ARM.__AT_0x3800F000 (Exec base: 0x3800f000, Load base: 0x3800f000, Size: 0x00000f00, Max: 0x00000f00, ABSOLUTE, UNINIT)

    Exec Addr    Load Addr    Size         Type   Attr      Idx    E Section Name        Object

    0x3800f000        -       0x00000f00   Zero   RW         7580    .ARM.__AT_0x3800F000  malloc.o



  Load Region LR$$.ARM.__AT_0xD0000000 (Base: 0xd0000000, Size: 0x00000000, Max: 0x003f4800, ABSOLUTE)

    Execution Region ER$$.ARM.__AT_0xD0000000 (Exec base: 0xd0000000, Load base: 0xd0000000, Size: 0x003f4800, Max: 0x003f4800, ABSOLUTE, UNINIT)

    Exec Addr    Load Addr    Size         Type   Attr      Idx    E Section Name        Object

    0xd0000000        -       0x003f4800   Zero   RW         6776    .ARM.__AT_0xD0000000  ltdc.o



  Load Region LR$$.ARM.__AT_0xD07E9000 (Base: 0xd07e9000, Size: 0x00000000, Max: 0x01647000, ABSOLUTE)

    Execution Region ER$$.ARM.__AT_0xD07E9000 (Exec base: 0xd07e9000, Load base: 0xd07e9000, Size: 0x01647000, Max: 0x01647000, ABSOLUTE, UNINIT)

    Exec Addr    Load Addr    Size         Type   Attr      Idx    E Section Name        Object

    0xd07e9000        -       0x01647000   Zero   RW         7581    .ARM.__AT_0xD07E9000  malloc.o



  Load Region LR$$.ARM.__AT_0xD1E30000 (Base: 0xd1e30000, Size: 0x00000000, Max: 0x00164700, ABSOLUTE)

    Execution Region ER$$.ARM.__AT_0xD1E30000 (Exec base: 0xd1e30000, Load base: 0xd1e30000, Size: 0x00164700, Max: 0x00164700, ABSOLUTE, UNINIT)

    Exec Addr    Load Addr    Size         Type   Attr      Idx    E Section Name        Object

    0xd1e30000        -       0x00164700   Zero   RW         7582    .ARM.__AT_0xD1E30000  malloc.o


==============================================================================

Image component sizes


      Code (inc. data)   RO Data    RW Data    ZI Data      Debug   Object Name

       114         10          0          4          0       2699   delay.o
       540          8          0          0          0       5782   diskio.o
       142          4          0          0         12       2599   exfuns.o
      2120       1002         16          0        384      17222   fattester.o
     20092        218         88          2         12      95896   ff.o
        32          0          0          0          0       1805   ffsystem.o
       396         28     175030          0          0       5968   ffunicode.o
       936         84      12160         16          0       9902   lcd.o
       144         14          0          0          0       1015   led.o
      2530        142          0          8    4147508      12174   ltdc.o
      1208        380          0          0          0    1632227   main.o
       484         54         72         64   25831296       7587   malloc.o
      1200         88       7620       1184         28       6500   mipi_lcd.o
       442         58          0          0          0      38000   mpu.o
       784         40          0          3       4096       8979   norflash.o
       752         36          0          0         76       4594   qspi.o
       688         56          0          0        160       4950   sdmmc_sdcard.o
       608         48          0          0        160       4271   sdmmc_sdnand.o
       626         48          0          0         52       3871   sdram.o
        72         30        664          0       2560       1008   startup_stm32h747xx.o
       254         54          0          9          0      32059   stm32h7xx_hal.o
       510         40          0          0          0      42737   stm32h7xx_hal_cortex.o
      2164         34          0          0          0       4363   stm32h7xx_hal_dma.o
      2010          8          0          0          0       9801   stm32h7xx_hal_dsi.o
       556         52          0          0          0       3744   stm32h7xx_hal_gpio.o
       992          0          0          0          0       4973   stm32h7xx_hal_ltdc.o
        20          6          0          0          0        621   stm32h7xx_hal_pwr_ex.o
      1374          8          0          0          0       7412   stm32h7xx_hal_qspi.o
      3640        114          0          0          0       7252   stm32h7xx_hal_rcc.o
      8168        196          0          0          0      11319   stm32h7xx_hal_rcc_ex.o
      4088         64          0          0          0      19026   stm32h7xx_hal_sd.o
       212          4          0          0          0       3000   stm32h7xx_hal_sdram.o
       504         68          0          0          0       3560   stm32h7xx_hal_tim.o
      5562        202         24          0          0      38318   stm32h7xx_hal_uart.o
         6          0          0          0          0       2417   stm32h7xx_hal_uart_ex.o
        28          0          0          0          0       4070   stm32h7xx_it.o
       314          4          0          0          0       4456   stm32h7xx_ll_fmc.o
      2248         66          0          0          0      27697   stm32h7xx_ll_sdmmc.o
       676         22          0          0          0      39354   sys.o
       336         46         16          8          0       2281   system_stm32h7xx.o
      1910         40          0          0          0       4445   tft_spi.o
       452         58          0          7        348       5949   usart.o
      2754       1182        108         28          0       6358   usmart.o
         0          0        922        452          0       1668   usmart_config.o
       344         48          0          0         76       3748   usmart_port.o
      1400         20          0          0          0       9893   usmart_str.o

    ----------------------------------------------------------------------
     74498       4684     196758       1792   29986776    2167570   Object Totals
         0          0         32          0          0          0   (incl. Generated)
        66          0          6          7          8          0   (incl. Padding)

    ----------------------------------------------------------------------

      Code (inc. data)   RO Data    RW Data    ZI Data      Debug   Library Member Name

        90          0          0          0          0          0   __dczerorl2.o
         8          0          0          0          0         68   __main.o
       392          4         17          0          0         92   __printf_flags_ss_wp.o
        14          0          0          0          0         68   __printf_wp.o
         0          0          0          0          0          0   __rtentry.o
        12          0          0          0          0          0   __rtentry2.o
         6          0          0          0          0          0   __rtentry4.o
        52          8          0          0          0          0   __scatter.o
        28          0          0          0          0          0   __scatter_zi.o
         6          0          0          0          0          0   _printf_c.o
        44          0          0          0          0        108   _printf_char.o
        48          6          0          0          0         96   _printf_char_common.o
        36          4          0          0          0         80   _printf_char_file.o
         6          0          0          0          0          0   _printf_d.o
       120         16          0          0          0         92   _printf_dec.o
        88          4         40          0          0         88   _printf_hex_int.o
       178          0          0          0          0         88   _printf_intcommon.o
        10          0          0          0          0          0   _printf_ll.o
         6          0          0          0          0          0   _printf_lld.o
       124         16          0          0          0         92   _printf_longlong_dec.o
        78          0          0          0          0        108   _printf_pad.o
         0          0          0          0          0          0   _printf_percent.o
         4          0          0          0          0          0   _printf_percent_end.o
         6          0          0          0          0          0   _printf_s.o
        82          0          0          0          0         80   _printf_str.o
         6          0          0          0          0          0   _printf_u.o
         6          0          0          0          0          0   _printf_x.o
        16          0          0          0          0         68   aeabi_memset.o
        18          0          0          0          0         80   exit.o
         8          0          0          0          0         68   ferror.o
         6          0          0          0          0        152   heapauxi.o
         2          0          0          0          0          0   libinit.o
         6          0          0          0          0          0   libinit2.o
         2          0          0          0          0          0   libshutdown.o
         2          0          0          0          0          0   libshutdown2.o
         8          4          0          0         96         68   libspace.o
       138          0          0          0          0         80   lludiv10.o
       238          0          0          0          0        100   lludivv7m.o
        88          0          0          0          0         76   memcmp.o
        24          4          0          0          0         84   noretval__2printf.o
        68          0          0          0          0         68   rt_memclr.o
        78          0          0          0          0         80   rt_memclr_w.o
       138          0          0          0          0         68   rt_memcpy_v6.o
       100          0          0          0          0         80   rt_memcpy_w.o
         2          0          0          0          0          0   rtexit.o
        10          0          0          0          0          0   rtexit2.o
        20          0          0          0          0         68   strchr.o
        74          0          0          0          0         80   sys_stackheap_outer.o
         2          0          0          0          0         68   use_no_semi.o
         2          0          0          0          0         68   use_no_semi_2.o
        10          0          0          0          0        116   fpinit.o

    ----------------------------------------------------------------------
      2512         66         60          0         96       2532   Library Totals
         2          0          3          0          0          0   (incl. Padding)

    ----------------------------------------------------------------------

      Code (inc. data)   RO Data    RW Data    ZI Data      Debug   Library Name

      2500         66         57          0         96       2416   c_w.l
        10          0          0          0          0        116   fz_wv.l

    ----------------------------------------------------------------------
      2512         66         60          0         96       2532   Library Totals

    ----------------------------------------------------------------------

==============================================================================


      Code (inc. data)   RO Data    RW Data    ZI Data      Debug   

     77010       4750     196818       1792   29986872    2131702   Grand Totals
     77010       4750     196818       1072   29986872    2131702   ELF Image Totals (compressed)
     77010       4750     196818       1072          0          0   ROM Totals

==============================================================================

    Total RO  Size (Code + RO Data)               273828 ( 267.41kB)
    Total RW  Size (RW Data + ZI Data)          29988664 (29285.80kB)
    Total ROM Size (Code + RO Data + RW Data)     274900 ( 268.46kB)

==============================================================================

